Archive member included to satisfy reference by file (symbol)

c:/siliconlabs/simplicitystudio/v5/developer/toolchains/gnu_arm/12.2.rel1_2023.7/bin/../lib/gcc/arm-none-eabi/12.2.1/thumb/v7-m/nofp\libc_nano.a(libc_a-abs.o)
                              ./segmentlcd.o (abs)
c:/siliconlabs/simplicitystudio/v5/developer/toolchains/gnu_arm/12.2.rel1_2023.7/bin/../lib/gcc/arm-none-eabi/12.2.1/thumb/v7-m/nofp\libc_nano.a(libc_a-exit.o)
                              c:/siliconlabs/simplicitystudio/v5/developer/toolchains/gnu_arm/12.2.rel1_2023.7/bin/../lib/gcc/arm-none-eabi/12.2.1/thumb/v7-m/nofp/crt0.o (exit)
c:/siliconlabs/simplicitystudio/v5/developer/toolchains/gnu_arm/12.2.rel1_2023.7/bin/../lib/gcc/arm-none-eabi/12.2.1/thumb/v7-m/nofp\libc_nano.a(libc_a-findfp.o)
                              c:/siliconlabs/simplicitystudio/v5/developer/toolchains/gnu_arm/12.2.rel1_2023.7/bin/../lib/gcc/arm-none-eabi/12.2.1/thumb/v7-m/nofp\libc_nano.a(libc_a-exit.o) (__stdio_exit_handler)
c:/siliconlabs/simplicitystudio/v5/developer/toolchains/gnu_arm/12.2.rel1_2023.7/bin/../lib/gcc/arm-none-eabi/12.2.1/thumb/v7-m/nofp\libc_nano.a(libc_a-fwalk.o)
                              c:/siliconlabs/simplicitystudio/v5/developer/toolchains/gnu_arm/12.2.rel1_2023.7/bin/../lib/gcc/arm-none-eabi/12.2.1/thumb/v7-m/nofp\libc_nano.a(libc_a-findfp.o) (_fwalk_sglue)
c:/siliconlabs/simplicitystudio/v5/developer/toolchains/gnu_arm/12.2.rel1_2023.7/bin/../lib/gcc/arm-none-eabi/12.2.1/thumb/v7-m/nofp\libc_nano.a(libc_a-stdio.o)
                              c:/siliconlabs/simplicitystudio/v5/developer/toolchains/gnu_arm/12.2.rel1_2023.7/bin/../lib/gcc/arm-none-eabi/12.2.1/thumb/v7-m/nofp\libc_nano.a(libc_a-findfp.o) (__sread)
c:/siliconlabs/simplicitystudio/v5/developer/toolchains/gnu_arm/12.2.rel1_2023.7/bin/../lib/gcc/arm-none-eabi/12.2.1/thumb/v7-m/nofp\libc_nano.a(libc_a-memset.o)
                              c:/siliconlabs/simplicitystudio/v5/developer/toolchains/gnu_arm/12.2.rel1_2023.7/bin/../lib/gcc/arm-none-eabi/12.2.1/thumb/v7-m/nofp/crt0.o (memset)
c:/siliconlabs/simplicitystudio/v5/developer/toolchains/gnu_arm/12.2.rel1_2023.7/bin/../lib/gcc/arm-none-eabi/12.2.1/thumb/v7-m/nofp\libc_nano.a(libc_a-closer.o)
                              c:/siliconlabs/simplicitystudio/v5/developer/toolchains/gnu_arm/12.2.rel1_2023.7/bin/../lib/gcc/arm-none-eabi/12.2.1/thumb/v7-m/nofp\libc_nano.a(libc_a-stdio.o) (_close_r)
c:/siliconlabs/simplicitystudio/v5/developer/toolchains/gnu_arm/12.2.rel1_2023.7/bin/../lib/gcc/arm-none-eabi/12.2.1/thumb/v7-m/nofp\libc_nano.a(libc_a-reent.o)
                              c:/siliconlabs/simplicitystudio/v5/developer/toolchains/gnu_arm/12.2.rel1_2023.7/bin/../lib/gcc/arm-none-eabi/12.2.1/thumb/v7-m/nofp\libc_nano.a(libc_a-closer.o) (errno)
c:/siliconlabs/simplicitystudio/v5/developer/toolchains/gnu_arm/12.2.rel1_2023.7/bin/../lib/gcc/arm-none-eabi/12.2.1/thumb/v7-m/nofp\libc_nano.a(libc_a-impure.o)
                              c:/siliconlabs/simplicitystudio/v5/developer/toolchains/gnu_arm/12.2.rel1_2023.7/bin/../lib/gcc/arm-none-eabi/12.2.1/thumb/v7-m/nofp\libc_nano.a(libc_a-reent.o) (_impure_ptr)
c:/siliconlabs/simplicitystudio/v5/developer/toolchains/gnu_arm/12.2.rel1_2023.7/bin/../lib/gcc/arm-none-eabi/12.2.1/thumb/v7-m/nofp\libc_nano.a(libc_a-lseekr.o)
                              c:/siliconlabs/simplicitystudio/v5/developer/toolchains/gnu_arm/12.2.rel1_2023.7/bin/../lib/gcc/arm-none-eabi/12.2.1/thumb/v7-m/nofp\libc_nano.a(libc_a-stdio.o) (_lseek_r)
c:/siliconlabs/simplicitystudio/v5/developer/toolchains/gnu_arm/12.2.rel1_2023.7/bin/../lib/gcc/arm-none-eabi/12.2.1/thumb/v7-m/nofp\libc_nano.a(libc_a-readr.o)
                              c:/siliconlabs/simplicitystudio/v5/developer/toolchains/gnu_arm/12.2.rel1_2023.7/bin/../lib/gcc/arm-none-eabi/12.2.1/thumb/v7-m/nofp\libc_nano.a(libc_a-stdio.o) (_read_r)
c:/siliconlabs/simplicitystudio/v5/developer/toolchains/gnu_arm/12.2.rel1_2023.7/bin/../lib/gcc/arm-none-eabi/12.2.1/thumb/v7-m/nofp\libc_nano.a(libc_a-writer.o)
                              c:/siliconlabs/simplicitystudio/v5/developer/toolchains/gnu_arm/12.2.rel1_2023.7/bin/../lib/gcc/arm-none-eabi/12.2.1/thumb/v7-m/nofp\libc_nano.a(libc_a-stdio.o) (_write_r)
c:/siliconlabs/simplicitystudio/v5/developer/toolchains/gnu_arm/12.2.rel1_2023.7/bin/../lib/gcc/arm-none-eabi/12.2.1/thumb/v7-m/nofp\libc_nano.a(libc_a-init.o)
                              c:/siliconlabs/simplicitystudio/v5/developer/toolchains/gnu_arm/12.2.rel1_2023.7/bin/../lib/gcc/arm-none-eabi/12.2.1/thumb/v7-m/nofp/crt0.o (__libc_init_array)
c:/siliconlabs/simplicitystudio/v5/developer/toolchains/gnu_arm/12.2.rel1_2023.7/bin/../lib/gcc/arm-none-eabi/12.2.1/thumb/v7-m/nofp\libc_nano.a(libc_a-lock.o)
                              c:/siliconlabs/simplicitystudio/v5/developer/toolchains/gnu_arm/12.2.rel1_2023.7/bin/../lib/gcc/arm-none-eabi/12.2.1/thumb/v7-m/nofp\libc_nano.a(libc_a-findfp.o) (__retarget_lock_init_recursive)
[...]
Memory Configuration

Name             Origin             Length             Attributes
FLASH            0x00000000         0x00100000         xr
RAM              0x20000000         0x00020000         xrw
*default*        0x00000000         0xffffffff

Linker script and memory map

LOAD c:/siliconlabs/simplicitystudio/v5/developer/toolchains/gnu_arm/12.2.rel1_2023.7/bin/../lib/gcc/arm-none-eabi/12.2.1/thumb/v7-m/nofp/crti.o
LOAD c:/siliconlabs/simplicitystudio/v5/developer/toolchains/gnu_arm/12.2.rel1_2023.7/bin/../lib/gcc/arm-none-eabi/12.2.1/thumb/v7-m/nofp/crtbegin.o
LOAD c:/siliconlabs/simplicitystudio/v5/developer/toolchains/gnu_arm/12.2.rel1_2023.7/bin/../lib/gcc/arm-none-eabi/12.2.1/thumb/v7-m/nofp/crt0.o
START GROUP
LOAD ./app.o
LOAD ./bin.o
LOAD ./display.o
LOAD ./global variables.o
LOAD ./gpio.o
LOAD ./main.o
LOAD ./score.o
LOAD ./segmentlcd.o
LOAD ./segmentlcd_individual.o
LOAD ./autogen/sl_board_default_init.o
LOAD ./autogen/sl_device_init_clocks.o
LOAD ./autogen/sl_event_handler.o
LOAD ./autogen/sl_simple_button_instances.o
LOAD ./gecko_sdk_4.4.4/hardware/board/src/sl_board_control_gpio.o
LOAD ./gecko_sdk_4.4.4/hardware/board/src/sl_board_init.o
LOAD ./gecko_sdk_4.4.4/platform/Device/SiliconLabs/EFM32GG/Source/startup_efm32gg.o
LOAD ./gecko_sdk_4.4.4/platform/Device/SiliconLabs/EFM32GG/Source/system_efm32gg.o
LOAD ./gecko_sdk_4.4.4/platform/common/src/sl_assert.o
LOAD ./gecko_sdk_4.4.4/platform/common/src/sl_syscalls.o
LOAD ./gecko_sdk_4.4.4/platform/common/toolchain/src/sl_memory.o
LOAD ./gecko_sdk_4.4.4/platform/driver/button/src/sl_button.o
LOAD ./gecko_sdk_4.4.4/platform/driver/button/src/sl_simple_button.o
LOAD ./gecko_sdk_4.4.4/platform/emdrv/gpiointerrupt/src/gpiointerrupt.o
LOAD ./gecko_sdk_4.4.4/platform/emlib/src/em_cmu.o
LOAD ./gecko_sdk_4.4.4/platform/emlib/src/em_core.o
LOAD ./gecko_sdk_4.4.4/platform/emlib/src/em_emu.o
LOAD ./gecko_sdk_4.4.4/platform/emlib/src/em_gpio.o
LOAD ./gecko_sdk_4.4.4/platform/emlib/src/em_lcd.o
LOAD ./gecko_sdk_4.4.4/platform/emlib/src/em_msc.o
LOAD ./gecko_sdk_4.4.4/platform/emlib/src/em_system.o
LOAD ./gecko_sdk_4.4.4/platform/service/device_init/src/sl_device_init_emu_s0.o
LOAD ./gecko_sdk_4.4.4/platform/service/device_init/src/sl_device_init_hfxo_s0.o
LOAD ./gecko_sdk_4.4.4/platform/service/device_init/src/sl_device_init_lfxo_s0.o
LOAD ./gecko_sdk_4.4.4/platform/service/device_init/src/sl_device_init_nvic.o
LOAD ./gecko_sdk_4.4.4/platform/service/system/src/sl_system_init.o
LOAD ./gecko_sdk_4.4.4/platform/service/system/src/sl_system_process_action.o
LOAD c:/siliconlabs/simplicitystudio/v5/developer/toolchains/gnu_arm/12.2.rel1_2023.7/bin/../lib/gcc/arm-none-eabi/12.2.1/thumb/v7-m/nofp\libgcc.a
LOAD c:/siliconlabs/simplicitystudio/v5/developer/toolchains/gnu_arm/12.2.rel1_2023.7/bin/../lib/gcc/arm-none-eabi/12.2.1/thumb/v7-m/nofp\libc_nano.a
LOAD c:/siliconlabs/simplicitystudio/v5/developer/toolchains/gnu_arm/12.2.rel1_2023.7/bin/../lib/gcc/arm-none-eabi/12.2.1/thumb/v7-m/nofp\libm.a
LOAD c:/siliconlabs/simplicitystudio/v5/developer/toolchains/gnu_arm/12.2.rel1_2023.7/bin/../lib/gcc/arm-none-eabi/12.2.1/thumb/v7-m/nofp\libnosys.a
END GROUP
START GROUP
LOAD c:/siliconlabs/simplicitystudio/v5/developer/toolchains/gnu_arm/12.2.rel1_2023.7/bin/../lib/gcc/arm-none-eabi/12.2.1/thumb/v7-m/nofp\libgcc.a
LOAD c:/siliconlabs/simplicitystudio/v5/developer/toolchains/gnu_arm/12.2.rel1_2023.7/bin/../lib/gcc/arm-none-eabi/12.2.1/thumb/v7-m/nofp\libc_nano.a
LOAD c:/siliconlabs/simplicitystudio/v5/developer/toolchains/gnu_arm/12.2.rel1_2023.7/bin/../lib/gcc/arm-none-eabi/12.2.1/thumb/v7-m/nofp\libnosys.a
END GROUP
START GROUP
LOAD c:/siliconlabs/simplicitystudio/v5/developer/toolchains/gnu_arm/12.2.rel1_2023.7/bin/../lib/gcc/arm-none-eabi/12.2.1/thumb/v7-m/nofp\libgcc.a
LOAD c:/siliconlabs/simplicitystudio/v5/developer/toolchains/gnu_arm/12.2.rel1_2023.7/bin/../lib/gcc/arm-none-eabi/12.2.1/thumb/v7-m/nofp\libg_nano.a
LOAD c:/siliconlabs/simplicitystudio/v5/developer/toolchains/gnu_arm/12.2.rel1_2023.7/bin/../lib/gcc/arm-none-eabi/12.2.1/thumb/v7-m/nofp\libc_nano.a
END GROUP
START GROUP
LOAD c:/siliconlabs/simplicitystudio/v5/developer/toolchains/gnu_arm/12.2.rel1_2023.7/bin/../lib/gcc/arm-none-eabi/12.2.1/thumb/v7-m/nofp\libgcc.a
LOAD c:/siliconlabs/simplicitystudio/v5/developer/toolchains/gnu_arm/12.2.rel1_2023.7/bin/../lib/gcc/arm-none-eabi/12.2.1/thumb/v7-m/nofp\libc_nano.a
END GROUP
LOAD c:/siliconlabs/simplicitystudio/v5/developer/toolchains/gnu_arm/12.2.rel1_2023.7/bin/../lib/gcc/arm-none-eabi/12.2.1/thumb/v7-m/nofp/crtend.o
LOAD c:/siliconlabs/simplicitystudio/v5/developer/toolchains/gnu_arm/12.2.rel1_2023.7/bin/../lib/gcc/arm-none-eabi/12.2.1/thumb/v7-m/nofp/crtn.o

.text           0x00000000     0x213c
                0x00000000                linker_vectors_begin = .
 *(.vectors)
 .vectors       0x00000000       0xdc ./gecko_sdk_4.4.4/platform/Device/SiliconLabs/EFM32GG/Source/startup_efm32gg.o
                0x00000000                __Vectors
                0x000000dc                linker_vectors_end = .
                0x000000dc                __Vectors_End = .
                0x000000dc                __Vectors_Size = (__Vectors_End - __Vectors)
                0x000000dc                linker_code_begin = .
 *(SORT_BY_ALIGNMENT(.text*))
 .text.deregister_tm_clones
                0x000000dc       0x1c c:/siliconlabs/simplicitystudio/v5/developer/toolchains/gnu_arm/12.2.rel1_2023.7/bin/../lib/gcc/arm-none-eabi/12.2.1/thumb/v7-m/nofp/crtbegin.o
 .text.register_tm_clones
                0x000000f8       0x24 c:/siliconlabs/simplicitystudio/v5/developer/toolchains/gnu_arm/12.2.rel1_2023.7/bin/../lib/gcc/arm-none-eabi/12.2.1/thumb/v7-m/nofp/crtbegin.o
 .text.__do_global_dtors_aux
                0x0000011c       0x28 c:/siliconlabs/simplicitystudio/v5/developer/toolchains/gnu_arm/12.2.rel1_2023.7/bin/../lib/gcc/arm-none-eabi/12.2.1/thumb/v7-m/nofp/crtbegin.o
 .text.frame_dummy
                0x00000144       0x24 c:/siliconlabs/simplicitystudio/v5/developer/toolchains/gnu_arm/12.2.rel1_2023.7/bin/../lib/gcc/arm-none-eabi/12.2.1/thumb/v7-m/nofp/crtbegin.o
 .text          0x00000168       0x7c c:/siliconlabs/simplicitystudio/v5/developer/toolchains/gnu_arm/12.2.rel1_2023.7/bin/../lib/gcc/arm-none-eabi/12.2.1/thumb/v7-m/nofp/crt0.o
                0x00000168                _stack_init
                0x00000170                _start
                0x00000170                _mainCRTStartup
 .text.GPIO_PinInGet.constprop.0
                0x000001e4       0x10 ./app.o
 .text.bin_move_right
                0x000001f4       0x34 ./bin.o
                0x000001f4                bin_move_right
 .text.bin_move_left
                0x00000228       0x34 ./bin.o
                0x00000228                bin_move_left
 .text.display_score
                0x0000025c       0x20 ./display.o
                0x0000025c                display_score
 .text.display_bin
                0x0000027c       0x20 ./display.o
                0x0000027c                display_bin
 .text.gpio_init
                0x0000029c       0x2c ./gpio.o
                0x0000029c                gpio_init
 .text.LCD_SyncBusyDelay
                0x000002c8       0x10 ./segmentlcd.o
 .text.SegmentLCD_AllOff
                0x000002d8       0xac ./segmentlcd.o
                0x000002d8                SegmentLCD_AllOff
 .text.SegmentLCD_Init
                0x00000384       0xac ./segmentlcd.o
                0x00000384                SegmentLCD_Init
 .text.SegmentLCD_Number
                0x00000430       0xc4 ./segmentlcd.o
                0x00000430                SegmentLCD_Number
 .text.SegmentLCD_Symbol
                0x000004f4       0x28 ./segmentlcd.o
                0x000004f4                SegmentLCD_Symbol
 .text.SegmentLCD_LowerSegments
                0x0000051c       0x58 ./segmentlcd_individual.o
                0x0000051c                SegmentLCD_LowerSegments
 .text.sl_device_init_clocks
                0x00000574       0x50 ./autogen/sl_device_init_clocks.o
                0x00000574                sl_device_init_clocks
 .text.sl_platform_init
                0x000005c4       0x68 ./autogen/sl_event_handler.o
                0x000005c4                sl_platform_init
 .text.sl_simple_button_init_instances
                0x0000062c       0x1c ./autogen/sl_simple_button_instances.o
                0x0000062c                sl_simple_button_init_instances
 .text.sl_board_init
                0x00000648       0x18 ./gecko_sdk_4.4.4/hardware/board/src/sl_board_init.o
                0x00000648                sl_board_init
 .text.sl_board_preinit
                0x00000660        0xc ./gecko_sdk_4.4.4/hardware/board/src/sl_board_init.o
                0x00000660                sl_board_preinit
 .text.Reset_Handler
                0x0000066c       0x60 ./gecko_sdk_4.4.4/platform/Device/SiliconLabs/EFM32GG/Source/startup_efm32gg.o
                0x0000066c                Reset_Handler
 .text.SystemMaxCoreClockGet
                0x000006cc        0x8 ./gecko_sdk_4.4.4/platform/Device/SiliconLabs/EFM32GG/Source/system_efm32gg.o
                0x000006cc                SystemMaxCoreClockGet
 .text.SystemHFClockGet
                0x000006d4       0xc8 ./gecko_sdk_4.4.4/platform/Device/SiliconLabs/EFM32GG/Source/system_efm32gg.o
                0x000006d4                SystemHFClockGet
 .text.SystemCoreClockGet
                0x0000079c       0x20 ./gecko_sdk_4.4.4/platform/Device/SiliconLabs/EFM32GG/Source/system_efm32gg.o
                0x0000079c                SystemCoreClockGet
 .text.SystemHFXOClockGet
                0x000007bc        0xc ./gecko_sdk_4.4.4/platform/Device/SiliconLabs/EFM32GG/Source/system_efm32gg.o
                0x000007bc                SystemHFXOClockGet
 .text.SystemHFXOClockSet
                0x000007c8       0x1c ./gecko_sdk_4.4.4/platform/Device/SiliconLabs/EFM32GG/Source/system_efm32gg.o
                0x000007c8                SystemHFXOClockSet
 .text.SystemInit
                0x000007e4       0x10 ./gecko_sdk_4.4.4/platform/Device/SiliconLabs/EFM32GG/Source/system_efm32gg.o
                0x000007e4                SystemInit
 .text.GPIO_PinInGet
                0x000007f4       0x40 ./gecko_sdk_4.4.4/platform/driver/button/src/sl_simple_button.o
 .text.sl_simple_button_init
                0x00000834       0x70 ./gecko_sdk_4.4.4/platform/driver/button/src/sl_simple_button.o
                0x00000834                sl_simple_button_init
 .text.GPIOINT_IRQDispatcher
                0x000008a4       0x38 ./gecko_sdk_4.4.4/platform/emdrv/gpiointerrupt/src/gpiointerrupt.o
 .text.GPIOINT_Init
                0x000008dc       0x30 ./gecko_sdk_4.4.4/platform/emdrv/gpiointerrupt/src/gpiointerrupt.o
                0x000008dc                GPIOINT_Init
 .text.GPIOINT_CallbackRegister
                0x0000090c       0x24 ./gecko_sdk_4.4.4/platform/emdrv/gpiointerrupt/src/gpiointerrupt.o
                0x0000090c                GPIOINT_CallbackRegister
 .text.GPIOINT_CallbackRegisterExt
                0x00000930       0x34 ./gecko_sdk_4.4.4/platform/emdrv/gpiointerrupt/src/gpiointerrupt.o
                0x00000930                GPIOINT_CallbackRegisterExt
 .text.GPIO_EVEN_IRQHandler
                0x00000964       0x24 ./gecko_sdk_4.4.4/platform/emdrv/gpiointerrupt/src/gpiointerrupt.o
                0x00000964                GPIO_EVEN_IRQHandler
 .text.GPIO_ODD_IRQHandler
                0x00000988       0x24 ./gecko_sdk_4.4.4/platform/emdrv/gpiointerrupt/src/gpiointerrupt.o
                0x00000988                GPIO_ODD_IRQHandler
 .text.CMU_DivToLog2
                0x000009ac       0x2c ./gecko_sdk_4.4.4/platform/emlib/src/em_cmu.o
 .text.syncReg  0x000009d8       0x14 ./gecko_sdk_4.4.4/platform/emlib/src/em_cmu.o
 .text.maxFreqHfle
                0x000009ec       0x64 ./gecko_sdk_4.4.4/platform/emlib/src/em_cmu.o
 .text.setHfLeConfig
                0x00000a50       0x40 ./gecko_sdk_4.4.4/platform/emlib/src/em_cmu.o
 .text.flashWaitStateControl.constprop.0
                0x00000a90       0x64 ./gecko_sdk_4.4.4/platform/emlib/src/em_cmu.o
 .text.flashWaitStateMax
                0x00000af4       0x24 ./gecko_sdk_4.4.4/platform/emlib/src/em_cmu.o
 .text.CMU_UpdateWaitStates
                0x00000b18       0x20 ./gecko_sdk_4.4.4/platform/emlib/src/em_cmu.o
                0x00000b18                CMU_UpdateWaitStates
 .text.CMU_ClockDivSet
                0x00000b38      0x238 ./gecko_sdk_4.4.4/platform/emlib/src/em_cmu.o
                0x00000b38                CMU_ClockDivSet
 .text.CMU_ClockEnable
                0x00000d70       0x98 ./gecko_sdk_4.4.4/platform/emlib/src/em_cmu.o
                0x00000d70                CMU_ClockEnable
 .text.CMU_ClockSelectGet
                0x00000e08       0xc8 ./gecko_sdk_4.4.4/platform/emlib/src/em_cmu.o
                0x00000e08                CMU_ClockSelectGet
 .text.CMU_HFXOInit
                0x00000ed0       0x4c ./gecko_sdk_4.4.4/platform/emlib/src/em_cmu.o
                0x00000ed0                CMU_HFXOInit
 .text.CMU_LCDClkFDIVSet
                0x00000f1c       0x34 ./gecko_sdk_4.4.4/platform/emlib/src/em_cmu.o
                0x00000f1c                CMU_LCDClkFDIVSet
 .text.CMU_LFXOInit
                0x00000f50       0x70 ./gecko_sdk_4.4.4/platform/emlib/src/em_cmu.o
                0x00000f50                CMU_LFXOInit
 .text.CMU_LFXOPrecisionSet
                0x00000fc0        0xc ./gecko_sdk_4.4.4/platform/emlib/src/em_cmu.o
                0x00000fc0                CMU_LFXOPrecisionSet
 .text.CMU_HFXOPrecisionSet
                0x00000fcc        0xc ./gecko_sdk_4.4.4/platform/emlib/src/em_cmu.o
                0x00000fcc                CMU_HFXOPrecisionSet
 .text.CMU_OscillatorEnable
                0x00000fd8       0x58 ./gecko_sdk_4.4.4/platform/emlib/src/em_cmu.o
                0x00000fd8                CMU_OscillatorEnable
 .text.sli_em_cmu_HFClockSelectHFXO
                0x00001030       0x5c ./gecko_sdk_4.4.4/platform/emlib/src/em_cmu.o
                0x00001030                sli_em_cmu_HFClockSelectHFXO
 .text.CMU_ClockSelectSet
                0x0000108c      0x1c0 ./gecko_sdk_4.4.4/platform/emlib/src/em_cmu.o
                0x0000108c                CMU_ClockSelectSet
 .text.CORE_NvicIRQDisabled
                0x0000124c       0x34 ./gecko_sdk_4.4.4/platform/emlib/src/em_core.o
                0x0000124c                CORE_NvicIRQDisabled
 .text.EMU_EM4Init
                0x00001280       0x30 ./gecko_sdk_4.4.4/platform/emlib/src/em_emu.o
                0x00001280                EMU_EM4Init
 .text.GPIO_PinOutSet
                0x000012b0       0x3c ./gecko_sdk_4.4.4/platform/emlib/src/em_gpio.o
 .text.GPIO_PinOutClear
                0x000012ec       0x3c ./gecko_sdk_4.4.4/platform/emlib/src/em_gpio.o
 .text.GPIO_ExtIntConfig
                0x00001328       0xc8 ./gecko_sdk_4.4.4/platform/emlib/src/em_gpio.o
                0x00001328                GPIO_ExtIntConfig
 .text.GPIO_PinModeSet
                0x000013f0       0x90 ./gecko_sdk_4.4.4/platform/emlib/src/em_gpio.o
                0x000013f0                GPIO_PinModeSet
 .text.BUS_RegBitWrite
                0x00001480       0x2c ./gecko_sdk_4.4.4/platform/emlib/src/em_lcd.o
 .text.LCD_Init
                0x000014ac       0x50 ./gecko_sdk_4.4.4/platform/emlib/src/em_lcd.o
                0x000014ac                LCD_Init
 .text.LCD_VLCDSelect
                0x000014fc       0x1c ./gecko_sdk_4.4.4/platform/emlib/src/em_lcd.o
                0x000014fc                LCD_VLCDSelect
 .text.LCD_SegmentRangeEnable
                0x00001518       0x18 ./gecko_sdk_4.4.4/platform/emlib/src/em_lcd.o
                0x00001518                LCD_SegmentRangeEnable
 .text.LCD_SegmentSet
                0x00001530      0x130 ./gecko_sdk_4.4.4/platform/emlib/src/em_lcd.o
                0x00001530                LCD_SegmentSet
 .text.LCD_SegmentSetLow
                0x00001660       0xb8 ./gecko_sdk_4.4.4/platform/emlib/src/em_lcd.o
                0x00001660                LCD_SegmentSetLow
 .text.LCD_SegmentSetHigh
                0x00001718       0xa8 ./gecko_sdk_4.4.4/platform/emlib/src/em_lcd.o
                0x00001718                LCD_SegmentSetHigh
 .text.LCD_VBoostSet
                0x000017c0       0x14 ./gecko_sdk_4.4.4/platform/emlib/src/em_lcd.o
                0x000017c0                LCD_VBoostSet
 .text.SYSTEM_ChipRevisionGet
                0x000017d4       0x50 ./gecko_sdk_4.4.4/platform/emlib/src/em_system.o
                0x000017d4                SYSTEM_ChipRevisionGet
 .text.SYSTEM_GetProdRev
                0x00001824       0x10 ./gecko_sdk_4.4.4/platform/emlib/src/em_system.o
                0x00001824                SYSTEM_GetProdRev
 .text.SYSTEM_GetFamily
                0x00001834       0x10 ./gecko_sdk_4.4.4/platform/emlib/src/em_system.o
                0x00001834                SYSTEM_GetFamily
 .text.sl_device_init_emu
                0x00001844       0x20 ./gecko_sdk_4.4.4/platform/service/device_init/src/sl_device_init_emu_s0.o
                0x00001844                sl_device_init_emu
 .text.sl_device_init_hfxo
                0x00001864       0x2c ./gecko_sdk_4.4.4/platform/service/device_init/src/sl_device_init_hfxo_s0.o
                0x00001864                sl_device_init_hfxo
 .text.sl_device_init_nvic
                0x00001890       0x3c ./gecko_sdk_4.4.4/platform/service/device_init/src/sl_device_init_nvic.o
                0x00001890                sl_device_init_nvic
 .text.exit     0x000018cc       0x24 c:/siliconlabs/simplicitystudio/v5/developer/toolchains/gnu_arm/12.2.rel1_2023.7/bin/../lib/gcc/arm-none-eabi/12.2.1/thumb/v7-m/nofp\libc_nano.a(libc_a-exit.o)
                0x000018cc                exit
 .text.__libc_init_array
                0x000018f0       0x48 c:/siliconlabs/simplicitystudio/v5/developer/toolchains/gnu_arm/12.2.rel1_2023.7/bin/../lib/gcc/arm-none-eabi/12.2.1/thumb/v7-m/nofp\libc_nano.a(libc_a-init.o)
                0x000018f0                __libc_init_array
 .text.app_init
                0x00001938       0x10 ./app.o
                0x00001938                app_init
 .text.app_process_action
                0x00001948       0x28 ./app.o
                0x00001948                app_process_action
 .text.startup.main
                0x00001970       0x14 ./main.o
                0x00001970                main
 .text.SegmentLCD_NumberOff
                0x00001984       0x4c ./segmentlcd.o
                0x00001984                SegmentLCD_NumberOff
 .text.sl_board_default_init
                0x000019d0        0x2 ./autogen/sl_board_default_init.o
                0x000019d0                sl_board_default_init
 .text.sl_driver_init
                0x000019d2        0xe ./autogen/sl_event_handler.o
                0x000019d2                sl_driver_init
 .text.sl_service_init
                0x000019e0        0x4 ./autogen/sl_event_handler.o
                0x000019e0                sl_service_init
 .text.sl_stack_init
                0x000019e4        0x2 ./autogen/sl_event_handler.o
                0x000019e4                sl_stack_init
 .text.sl_internal_app_init
                0x000019e6        0x2 ./autogen/sl_event_handler.o
                0x000019e6                sl_internal_app_init
 .text.sl_platform_process_action
                0x000019e8        0x2 ./autogen/sl_event_handler.o
                0x000019e8                sl_platform_process_action
 .text.sl_service_process_action
                0x000019ea        0x2 ./autogen/sl_event_handler.o
                0x000019ea                sl_service_process_action
 .text.sl_stack_process_action
                0x000019ec        0x2 ./autogen/sl_event_handler.o
                0x000019ec                sl_stack_process_action
 .text.sl_internal_app_process_action
                0x000019ee        0x2 ./autogen/sl_event_handler.o
                0x000019ee                sl_internal_app_process_action
 .text.sl_board_configure_vcom
                0x000019f0        0x4 ./gecko_sdk_4.4.4/hardware/board/src/sl_board_control_gpio.o
                0x000019f0                sl_board_configure_vcom
 .text.Default_Handler
                0x000019f4        0x2 ./gecko_sdk_4.4.4/platform/Device/SiliconLabs/EFM32GG/Source/startup_efm32gg.o
                0x000019f4                TIMER2_IRQHandler
                0x000019f4                DebugMon_Handler
                0x000019f4                USART0_TX_IRQHandler
                0x000019f4                I2C0_IRQHandler
                0x000019f4                HardFault_Handler
                0x000019f4                LEUART1_IRQHandler
                0x000019f4                SysTick_Handler
                0x000019f4                USART1_RX_IRQHandler
                0x000019f4                PendSV_Handler
                0x000019f4                NMI_Handler
                0x000019f4                I2C1_IRQHandler
                0x000019f4                TIMER3_IRQHandler
                0x000019f4                USART1_TX_IRQHandler
                0x000019f4                MSC_IRQHandler
                0x000019f4                ADC0_IRQHandler
                0x000019f4                UsageFault_Handler
                0x000019f4                LEUART0_IRQHandler
                0x000019f4                UART0_TX_IRQHandler
                0x000019f4                UART1_TX_IRQHandler
                0x000019f4                RTC_IRQHandler
                0x000019f4                TIMER0_IRQHandler
                0x000019f4                LCD_IRQHandler
                0x000019f4                PCNT2_IRQHandler
                0x000019f4                UART0_RX_IRQHandler
                0x000019f4                LETIMER0_IRQHandler
                0x000019f4                TIMER1_IRQHandler
                0x000019f4                USART2_RX_IRQHandler
                0x000019f4                Default_Handler
                0x000019f4                EMU_IRQHandler
                0x000019f4                PCNT0_IRQHandler
                0x000019f4                sl_app_properties
                0x000019f4                USB_IRQHandler
                0x000019f4                BURTC_IRQHandler
                0x000019f4                PCNT1_IRQHandler
                0x000019f4                ACMP0_IRQHandler
                0x000019f4                USART0_RX_IRQHandler
                0x000019f4                MemManage_Handler
                0x000019f4                SVC_Handler
                0x000019f4                DAC0_IRQHandler
                0x000019f4                UART1_RX_IRQHandler
                0x000019f4                CMU_IRQHandler
                0x000019f4                EBI_IRQHandler
                0x000019f4                LESENSE_IRQHandler
                0x000019f4                AES_IRQHandler
                0x000019f4                VCMP_IRQHandler
                0x000019f4                DMA_IRQHandler
                0x000019f4                BusFault_Handler
                0x000019f4                USART2_TX_IRQHandler
 .text.assertEFM
                0x000019f6        0x2 ./gecko_sdk_4.4.4/platform/common/src/sl_assert.o
                0x000019f6                assertEFM
 .text._exit    0x000019f8        0x2 ./gecko_sdk_4.4.4/platform/common/src/sl_syscalls.o
                0x000019f8                _exit
 .text.sl_button_init
                0x000019fa        0xa ./gecko_sdk_4.4.4/platform/driver/button/src/sl_button.o
                0x000019fa                sl_button_init
 .text.sl_button_on_change
                0x00001a04        0x2 ./gecko_sdk_4.4.4/platform/driver/button/src/sl_button.o
                0x00001a04                sl_button_on_change
 .text.sli_simple_button_on_change
                0x00001a06       0x28 ./gecko_sdk_4.4.4/platform/driver/button/src/sl_simple_button.o
 .text.sl_simple_button_get_state
                0x00001a2e        0x6 ./gecko_sdk_4.4.4/platform/driver/button/src/sl_simple_button.o
                0x00001a2e                sl_simple_button_get_state
 .text.sl_simple_button_poll_step
                0x00001a34       0x52 ./gecko_sdk_4.4.4/platform/driver/button/src/sl_simple_button.o
                0x00001a34                sl_simple_button_poll_step
 .text.sl_simple_button_enable
                0x00001a86       0x12 ./gecko_sdk_4.4.4/platform/driver/button/src/sl_simple_button.o
                0x00001a86                sl_simple_button_enable
 .text.sl_simple_button_disable
                0x00001a98       0x30 ./gecko_sdk_4.4.4/platform/driver/button/src/sl_simple_button.o
                0x00001a98                sl_simple_button_disable
 .text.CORE_EnterCritical
                0x00001ac8        0x8 ./gecko_sdk_4.4.4/platform/emlib/src/em_core.o
                0x00001ac8                CORE_EnterCritical
 .text.CORE_ExitCritical
                0x00001ad0        0x6 ./gecko_sdk_4.4.4/platform/emlib/src/em_core.o
                0x00001ad0                CORE_ExitCritical
 .text.CORE_EnterAtomic
                0x00001ad6        0xc ./gecko_sdk_4.4.4/platform/emlib/src/em_core.o
                0x00001ad6                CORE_EnterAtomic
 .text.CORE_ExitAtomic
                0x00001ae2        0x6 ./gecko_sdk_4.4.4/platform/emlib/src/em_core.o
                0x00001ae2                CORE_ExitAtomic
 .text.BUS_RegMaskedWrite
                0x00001ae8       0x1e ./gecko_sdk_4.4.4/platform/emlib/src/em_gpio.o
 .text.sl_device_init_lfxo
                0x00001b06       0x22 ./gecko_sdk_4.4.4/platform/service/device_init/src/sl_device_init_lfxo_s0.o
                0x00001b06                sl_device_init_lfxo
 .text.sl_system_init
                0x00001b28       0x1a ./gecko_sdk_4.4.4/platform/service/system/src/sl_system_init.o
                0x00001b28                sl_system_init
 .text.sl_system_process_action
                0x00001b42       0x16 ./gecko_sdk_4.4.4/platform/service/system/src/sl_system_process_action.o
                0x00001b42                sl_system_process_action
 .text.abs      0x00001b58        0x8 c:/siliconlabs/simplicitystudio/v5/developer/toolchains/gnu_arm/12.2.rel1_2023.7/bin/../lib/gcc/arm-none-eabi/12.2.1/thumb/v7-m/nofp\libc_nano.a(libc_a-abs.o)
                0x00001b58                abs
 .text.memset   0x00001b60       0x10 c:/siliconlabs/simplicitystudio/v5/developer/toolchains/gnu_arm/12.2.rel1_2023.7/bin/../lib/gcc/arm-none-eabi/12.2.1/thumb/v7-m/nofp\libc_nano.a(libc_a-memset.o)
                0x00001b60                memset
                0x00001b80                . = ALIGN (0x20)
 *fill*         0x00001b70       0x10 
                0x00001b80                linker_code_end = .
 *(.init)
 .init          0x00001b80        0x4 c:/siliconlabs/simplicitystudio/v5/developer/toolchains/gnu_arm/12.2.rel1_2023.7/bin/../lib/gcc/arm-none-eabi/12.2.1/thumb/v7-m/nofp/crti.o
                0x00001b80                _init
 .init          0x00001b84        0x8 c:/siliconlabs/simplicitystudio/v5/developer/toolchains/gnu_arm/12.2.rel1_2023.7/bin/../lib/gcc/arm-none-eabi/12.2.1/thumb/v7-m/nofp/crtn.o
 *(.fini)
 .fini          0x00001b8c        0x4 c:/siliconlabs/simplicitystudio/v5/developer/toolchains/gnu_arm/12.2.rel1_2023.7/bin/../lib/gcc/arm-none-eabi/12.2.1/thumb/v7-m/nofp/crti.o
                0x00001b8c                _fini
 .fini          0x00001b90        0x8 c:/siliconlabs/simplicitystudio/v5/developer/toolchains/gnu_arm/12.2.rel1_2023.7/bin/../lib/gcc/arm-none-eabi/12.2.1/thumb/v7-m/nofp/crtn.o
 *crtbegin.o(.ctors)
 *crtbegin?.o(.ctors)
 *(EXCLUDE_FILE(*crtend.o *crtend?.o) .ctors)
 *(SORT_BY_NAME(.ctors.*))
 *(.ctors)
 *crtbegin.o(.dtors)
 *crtbegin?.o(.dtors)
 *(EXCLUDE_FILE(*crtend.o *crtend?.o) .dtors)
 *(SORT_BY_NAME(.dtors.*))
 *(.dtors)
                0x00001b98                __code_classification_validator_start__ = .
                0x00001bb8                . = (. + 0x20)
 *fill*         0x00001b98       0x20 
 *(code_classification_validator)
                0x00001bc0                . = ALIGN (0x20)
 *fill*         0x00001bb8        0x8 
                0x00001bc0                __code_classification_validator_end__ = .
 *(.rodata*)
 .rodata.CSWTCH.37
                0x00001bc0        0xf ./segmentlcd.o
 .rodata.CSWTCH.36
                0x00001bcf        0xf ./segmentlcd.o
 *fill*         0x00001bde        0x2 
 .rodata.lcdInit
                0x00001be0       0x14 ./segmentlcd.o
 .rodata.Segment_Numbers
                0x00001bf4       0x22 ./segmentlcd.o
 .rodata.EFM_Display
                0x00001c16      0x1fe ./segmentlcd.o
 .rodata.sl_button_btn1
                0x00001e14       0x18 ./autogen/sl_simple_button_instances.o
                0x00001e14                sl_button_btn1
 .rodata.sl_button_btn0
                0x00001e2c       0x18 ./autogen/sl_simple_button_instances.o
                0x00001e2c                sl_button_btn0
 .rodata.GPIO_PinInGet.str1.1
                0x00001e44       0x4c ./gecko_sdk_4.4.4/platform/driver/button/src/sl_simple_button.o
 .rodata.sl_simple_button_init.str1.1
                0x00001e90       0x5d ./gecko_sdk_4.4.4/platform/driver/button/src/sl_simple_button.o
 *fill*         0x00001eed        0x1 
 .rodata.CSWTCH.10
                0x00001eee        0xc ./gecko_sdk_4.4.4/platform/driver/button/src/sl_simple_button.o
 .rodata.CMU_DivToLog2.str1.1
                0x00001efa       0x4b ./gecko_sdk_4.4.4/platform/emlib/src/em_cmu.o
 .rodata.auxClkGet.str1.1
                0x00001f45       0x4b ./gecko_sdk_4.4.4/platform/emlib/src/em_cmu.o
 .rodata.CSWTCH.62
                0x00001f90        0xa ./gecko_sdk_4.4.4/platform/emlib/src/em_cmu.o
 .rodata.CSWTCH.61
                0x00001f9a        0xa ./gecko_sdk_4.4.4/platform/emlib/src/em_cmu.o
 .rodata.CSWTCH.60
                0x00001fa4        0x5 ./gecko_sdk_4.4.4/platform/emlib/src/em_cmu.o
 .rodata.CORE_NvicMaskSetIRQ.str1.1
                0x00001fa9       0x4c ./gecko_sdk_4.4.4/platform/emlib/src/em_core.o
 .rodata.GPIO_PinOutSet.str1.1
                0x00001ff5       0x4c ./gecko_sdk_4.4.4/platform/emlib/src/em_gpio.o
 .rodata.GPIO_DbgLocationSet.str1.1
                0x00001ff5       0x4c ./gecko_sdk_4.4.4/platform/emlib/src/em_gpio.o
 .rodata.GPIO_ExtIntConfig.str1.1
                0x00002041       0x4b ./gecko_sdk_4.4.4/platform/emlib/src/em_gpio.o
 .rodata.CSWTCH.36
                0x0000208c        0xc ./gecko_sdk_4.4.4/platform/emlib/src/em_gpio.o
 .rodata.BUS_RegBitWrite.str1.1
                0x00002098       0x4b ./gecko_sdk_4.4.4/platform/emlib/src/em_lcd.o
 .rodata.LCD_Init.str1.1
                0x00002098       0x4b ./gecko_sdk_4.4.4/platform/emlib/src/em_lcd.o
 .rodata.SYSTEM_ChipRevisionGet.str1.1
                0x000020e3       0x4e ./gecko_sdk_4.4.4/platform/emlib/src/em_system.o
 .rodata        0x00002131        0x5 ./gecko_sdk_4.4.4/platform/service/device_init/src/sl_device_init_emu_s0.o
 .rodata        0x00002136        0x4 ./gecko_sdk_4.4.4/platform/service/device_init/src/sl_device_init_hfxo_s0.o
 *(.eh_frame*)
 *fill*         0x0000213a        0x2 
 .eh_frame      0x0000213c        0x0 c:/siliconlabs/simplicitystudio/v5/developer/toolchains/gnu_arm/12.2.rel1_2023.7/bin/../lib/gcc/arm-none-eabi/12.2.1/thumb/v7-m/nofp/crtbegin.o

.glue_7         0x0000213c        0x0
 .glue_7        0x0000213c        0x0 linker stubs

.glue_7t        0x0000213c        0x0
 .glue_7t       0x0000213c        0x0 linker stubs

.vfp11_veneer   0x0000213c        0x0
 .vfp11_veneer  0x0000213c        0x0 linker stubs

.v4_bx          0x0000213c        0x0
 .v4_bx         0x0000213c        0x0 linker stubs

.iplt           0x0000213c        0x0
 .iplt          0x0000213c        0x0 c:/siliconlabs/simplicitystudio/v5/developer/toolchains/gnu_arm/12.2.rel1_2023.7/bin/../lib/gcc/arm-none-eabi/12.2.1/thumb/v7-m/nofp/crtbegin.o

.ARM.extab
 *(.ARM.extab* .gnu.linkonce.armextab.*)
                0x0000213c                __exidx_start = .

.ARM.exidx      0x0000213c        0x8
 *(.ARM.exidx* .gnu.linkonce.armexidx.*)
 .ARM.exidx     0x0000213c        0x8 c:/siliconlabs/simplicitystudio/v5/developer/toolchains/gnu_arm/12.2.rel1_2023.7/bin/../lib/gcc/arm-none-eabi/12.2.1/thumb/v7-m/nofp/crt0.o
                                 0x10 (size before relaxing)
                0x00002144                __exidx_end = .

.rel.dyn        0x00002144        0x0
 .rel.iplt      0x00002144        0x0 c:/siliconlabs/simplicitystudio/v5/developer/toolchains/gnu_arm/12.2.rel1_2023.7/bin/../lib/gcc/arm-none-eabi/12.2.1/thumb/v7-m/nofp/crtbegin.o

.copy.table     0x00002144        0xc
                0x00002144                . = ALIGN (0x4)
                0x00002144                __copy_table_start__ = .
                0x00002144        0x4 LONG 0x2150 __etext
                0x00002148        0x4 LONG 0x20001000 __data_start__
                0x0000214c        0x4 LONG 0x3d ((__data_end__ - __data_start__) / 0x4)
                0x00002150                __copy_table_end__ = .

.zero.table     0x00002150        0x0
                0x00002150                . = ALIGN (0x4)
                0x00002150                __zero_table_start__ = .
                0x00002150                __zero_table_end__ = .
                0x00002150                __etext = .
                0x20000000                . = ORIGIN (RAM)

.stack          0x20000000     0x1000
                0x20000000                __StackLimit = .
 *(.stack*)
 .stack         0x20000000     0x1000 ./gecko_sdk_4.4.4/platform/common/toolchain/src/sl_memory.o
                0x20001000                . = ALIGN (0x4)
                0x20001000                __StackTop = .
                0x20001000                PROVIDE (__stack = __StackTop)

.noinit
 *(.noinit*)

.data           0x20001000       0xf4 load address 0x00002150
                0x20001000                . = ALIGN (0x4)
                0x20001000                __data_start__ = .
 *(vtable)
 *(SORT_BY_ALIGNMENT(.data*))
 .data.bin      0x20001000        0x4 ./global variables.o
                0x20001000                bin
 .data.SystemCoreClock
                0x20001004        0x4 ./gecko_sdk_4.4.4/platform/Device/SiliconLabs/EFM32GG/Source/system_efm32gg.o
                0x20001004                SystemCoreClock
 .data.SystemLFXOClock
                0x20001008        0x4 ./gecko_sdk_4.4.4/platform/Device/SiliconLabs/EFM32GG/Source/system_efm32gg.o
 .data.SystemHFXOClock
                0x2000100c        0x4 ./gecko_sdk_4.4.4/platform/Device/SiliconLabs/EFM32GG/Source/system_efm32gg.o
 .data.simple_btn1_context
                0x20001010        0x8 ./autogen/sl_simple_button_instances.o
                0x20001010                simple_btn1_context
 .data.simple_btn0_context
                0x20001018        0x8 ./autogen/sl_simple_button_instances.o
                0x20001018                simple_btn0_context
 .data.hfxo_precision
                0x20001020        0x2 ./gecko_sdk_4.4.4/platform/emlib/src/em_cmu.o
 .data.lfxo_precision
                0x20001022        0x2 ./gecko_sdk_4.4.4/platform/emlib/src/em_cmu.o
 .data.app_lcd_symbol_on
                0x20001024        0x1 ./display.o
                0x20001024                app_lcd_symbol_on
 .data.Text     0x20001025       0xc4 ./segmentlcd_individual.o
                0x20001025                Text
                0x200010ec                . = ALIGN (0x4)
 *fill*         0x200010e9        0x3 
                [!provide]                PROVIDE (__ram_func_section_start = .)
 *(.ram)
                [!provide]                PROVIDE (__ram_func_section_end = .)
                0x200010ec                . = ALIGN (0x4)
                0x200010ec                PROVIDE (__preinit_array_start = .)
 *(.preinit_array)
                0x200010ec                PROVIDE (__preinit_array_end = .)
                0x200010ec                . = ALIGN (0x4)
                0x200010ec                PROVIDE (__init_array_start = .)
 *(SORT_BY_NAME(.init_array.*))
 *(.init_array)
 .init_array    0x200010ec        0x4 c:/siliconlabs/simplicitystudio/v5/developer/toolchains/gnu_arm/12.2.rel1_2023.7/bin/../lib/gcc/arm-none-eabi/12.2.1/thumb/v7-m/nofp/crtbegin.o
                0x200010f0                PROVIDE (__init_array_end = .)
                0x200010f0                . = ALIGN (0x4)
                [!provide]                PROVIDE (__fini_array_start = .)
 *(SORT_BY_NAME(.fini_array.*))
 *(.fini_array)
 .fini_array    0x200010f0        0x4 c:/siliconlabs/simplicitystudio/v5/developer/toolchains/gnu_arm/12.2.rel1_2023.7/bin/../lib/gcc/arm-none-eabi/12.2.1/thumb/v7-m/nofp/crtbegin.o
                [!provide]                PROVIDE (__fini_array_end = .)
                0x200010f4                . = ALIGN (0x4)
                0x200010f4                __data_end__ = .

.tm_clone_table
                0x200010f4        0x0 load address 0x00002244
 .tm_clone_table
                0x200010f4        0x0 c:/siliconlabs/simplicitystudio/v5/developer/toolchains/gnu_arm/12.2.rel1_2023.7/bin/../lib/gcc/arm-none-eabi/12.2.1/thumb/v7-m/nofp/crtbegin.o
 .tm_clone_table
                0x200010f4        0x0 c:/siliconlabs/simplicitystudio/v5/developer/toolchains/gnu_arm/12.2.rel1_2023.7/bin/../lib/gcc/arm-none-eabi/12.2.1/thumb/v7-m/nofp/crtend.o

.igot.plt       0x200010f4        0x0 load address 0x00002244
 .igot.plt      0x200010f4        0x0 c:/siliconlabs/simplicitystudio/v5/developer/toolchains/gnu_arm/12.2.rel1_2023.7/bin/../lib/gcc/arm-none-eabi/12.2.1/thumb/v7-m/nofp/crtbegin.o

.bss            0x200010f4      0x230 load address 0x00002244
                0x200010f4                . = ALIGN (0x4)
                0x200010f4                __bss_start__ = .
 *(SORT_BY_ALIGNMENT(.bss*))
 .bss.object.0  0x200010f4       0x18 c:/siliconlabs/simplicitystudio/v5/developer/toolchains/gnu_arm/12.2.rel1_2023.7/bin/../lib/gcc/arm-none-eabi/12.2.1/thumb/v7-m/nofp/crtbegin.o
 .bss.scoreNr   0x2000110c        0x4 ./global variables.o
                0x2000110c                scoreNr
 .bss.gpioCallbacks
                0x20001110      0x200 ./gecko_sdk_4.4.4/platform/emdrv/gpiointerrupt/src/gpiointerrupt.o
 .bss.__stdio_exit_handler
                0x20001310        0x4 c:/siliconlabs/simplicitystudio/v5/developer/toolchains/gnu_arm/12.2.rel1_2023.7/bin/../lib/gcc/arm-none-eabi/12.2.1/thumb/v7-m/nofp\libc_nano.a(libc_a-findfp.o)
                0x20001310                __stdio_exit_handler
 .bss.lowerCharSegments
                0x20001314        0xe ./global variables.o
                0x20001314                lowerCharSegments
 .bss.completed.1
                0x20001322        0x1 c:/siliconlabs/simplicitystudio/v5/developer/toolchains/gnu_arm/12.2.rel1_2023.7/bin/../lib/gcc/arm-none-eabi/12.2.1/thumb/v7-m/nofp/crtbegin.o
 *(COMMON)
                0x20001324                . = ALIGN (0x4)
 *fill*         0x20001323        0x1 
                0x20001324                __bss_end__ = .
                0x20001324                __ramfuncs_start__ = .
                0x20001324                __vma_ramfuncs_start__ = .
                0x00002244                __lma_ramfuncs_start__ = (__etext + SIZEOF (.data))
                0x00000000                __text_application_ram_offset__ = (. - __vma_ramfuncs_start__)

text_application_ram
                0x20001324        0x0 load address 0x00002244
                0x20001324                . = ALIGN (0x4)
                0x20001324                __text_application_ram_start__ = .
 *(text_application_ram)
                0x20001324                . = ALIGN (0x4)
                0x20001324                __text_application_ram_end__ = .
                0x20001324                . = ALIGN (0x4)
                0x20001324                __vma_ramfuncs_end__ = .
                0x00002244                __lma_ramfuncs_end__ = ((__lma_ramfuncs_start__ + __text_application_ram_offset__) + SIZEOF (text_application_ram))
                0x20001324                __ramfuncs_end__ = .

.heap           0x20001328      0x800
                0x20001328                __HeapBase = .
                0x20001328                __end__ = .
                0x20001328                end = __end__
                0x20001328                _end = __end__
 *(.heap*)
 .heap          0x20001328      0x800 ./gecko_sdk_4.4.4/platform/common/toolchain/src/sl_memory.o
                0x20020000                __HeapLimit = (ORIGIN (RAM) + LENGTH (RAM))
                0x0001ecd8                __heap_size = (__HeapLimit - __HeapBase)
                0x20020000                __ram_end__ = 0x20020000
                0x00100000                __main_flash_end__ = 0x100000

.internal_storage
 *(.internal_storage*)

.nvm
 *(.simee*)
                0x00100000                linker_nvm_end = __main_flash_end__
                0x00100000                linker_nvm_begin = (linker_nvm_end - SIZEOF (.nvm))
                0x00000000                linker_nvm_size = SIZEOF (.nvm)
                0x00100000                linker_storage_end = linker_nvm_begin
                0x00100000                __nvm3Base = linker_nvm_begin
                0x00100000                linker_storage_begin = (linker_storage_end - SIZEOF (.internal_storage))
                0x00000000                linker_storage_size = SIZEOF (.internal_storage)
                0x00000001                ASSERT ((linker_storage_begin >= (__etext + SIZEOF (.data))), FLASH memory overflowed !)
OUTPUT(CatchTheBanana.axf elf32-littlearm)
LOAD linker stubs

.ARM.attributes
                0x00000000       0x29
 .ARM.attributes
                0x00000000       0x1d c:/siliconlabs/simplicitystudio/v5/developer/toolchains/gnu_arm/12.2.rel1_2023.7/bin/../lib/gcc/arm-none-eabi/12.2.1/thumb/v7-m/nofp/crti.o
 .ARM.attributes
                0x0000001d       0x2d c:/siliconlabs/simplicitystudio/v5/developer/toolchains/gnu_arm/12.2.rel1_2023.7/bin/../lib/gcc/arm-none-eabi/12.2.1/thumb/v7-m/nofp/crtbegin.o
 .ARM.attributes
                0x0000004a       0x1b c:/siliconlabs/simplicitystudio/v5/developer/toolchains/gnu_arm/12.2.rel1_2023.7/bin/../lib/gcc/arm-none-eabi/12.2.1/thumb/v7-m/nofp/crt0.o
 .ARM.attributes
                0x00000065       0x2d ./app.o
 .ARM.attributes
                0x00000092       0x2d ./bin.o
 .ARM.attributes
                0x000000bf       0x2d ./display.o
 .ARM.attributes
                0x000000ec       0x2d ./global variables.o
 .ARM.attributes
                0x00000119       0x2d ./gpio.o
 .ARM.attributes
                0x00000146       0x2d ./main.o
 .ARM.attributes
                0x00000173       0x2d ./segmentlcd.o
 .ARM.attributes
                0x000001a0       0x2d ./segmentlcd_individual.o
 .ARM.attributes
                0x000001cd       0x2d ./autogen/sl_board_default_init.o
 .ARM.attributes
                0x000001fa       0x2d ./autogen/sl_device_init_clocks.o
 .ARM.attributes
                0x00000227       0x2d ./autogen/sl_event_handler.o
 .ARM.attributes
                0x00000254       0x2d ./autogen/sl_simple_button_instances.o
 .ARM.attributes
                0x00000281       0x2d ./gecko_sdk_4.4.4/hardware/board/src/sl_board_control_gpio.o
 .ARM.attributes
                0x000002ae       0x2d ./gecko_sdk_4.4.4/hardware/board/src/sl_board_init.o
 .ARM.attributes
                0x000002db       0x2d ./gecko_sdk_4.4.4/platform/Device/SiliconLabs/EFM32GG/Source/startup_efm32gg.o
 .ARM.attributes
                0x00000308       0x2d ./gecko_sdk_4.4.4/platform/Device/SiliconLabs/EFM32GG/Source/system_efm32gg.o
 .ARM.attributes
                0x00000335       0x2d ./gecko_sdk_4.4.4/platform/common/src/sl_assert.o
 .ARM.attributes
                0x00000362       0x2d ./gecko_sdk_4.4.4/platform/common/src/sl_syscalls.o
 .ARM.attributes
                0x0000038f       0x2d ./gecko_sdk_4.4.4/platform/common/toolchain/src/sl_memory.o
 .ARM.attributes
                0x000003bc       0x2d ./gecko_sdk_4.4.4/platform/driver/button/src/sl_button.o
 .ARM.attributes
                0x000003e9       0x2d ./gecko_sdk_4.4.4/platform/driver/button/src/sl_simple_button.o
 .ARM.attributes
                0x00000416       0x2d ./gecko_sdk_4.4.4/platform/emdrv/gpiointerrupt/src/gpiointerrupt.o
 .ARM.attributes
                0x00000443       0x2d ./gecko_sdk_4.4.4/platform/emlib/src/em_cmu.o
 .ARM.attributes
                0x00000470       0x2d ./gecko_sdk_4.4.4/platform/emlib/src/em_core.o
 .ARM.attributes
                0x0000049d       0x2d ./gecko_sdk_4.4.4/platform/emlib/src/em_emu.o
 .ARM.attributes
                0x000004ca       0x2d ./gecko_sdk_4.4.4/platform/emlib/src/em_gpio.o
 .ARM.attributes
                0x000004f7       0x2d ./gecko_sdk_4.4.4/platform/emlib/src/em_lcd.o
 .ARM.attributes
                0x00000524       0x2d ./gecko_sdk_4.4.4/platform/emlib/src/em_system.o
 .ARM.attributes
                0x00000551       0x2d ./gecko_sdk_4.4.4/platform/service/device_init/src/sl_device_init_emu_s0.o
 .ARM.attributes
                0x0000057e       0x2d ./gecko_sdk_4.4.4/platform/service/device_init/src/sl_device_init_hfxo_s0.o
 .ARM.attributes
                0x000005ab       0x2d ./gecko_sdk_4.4.4/platform/service/device_init/src/sl_device_init_lfxo_s0.o
 .ARM.attributes
                0x000005d8       0x2d ./gecko_sdk_4.4.4/platform/service/device_init/src/sl_device_init_nvic.o
 .ARM.attributes
                0x00000605       0x2d ./gecko_sdk_4.4.4/platform/service/system/src/sl_system_init.o
 .ARM.attributes
                0x00000632       0x2d ./gecko_sdk_4.4.4/platform/service/system/src/sl_system_process_action.o
 .ARM.attributes
                0x0000065f       0x2d c:/siliconlabs/simplicitystudio/v5/developer/toolchains/gnu_arm/12.2.rel1_2023.7/bin/../lib/gcc/arm-none-eabi/12.2.1/thumb/v7-m/nofp\libc_nano.a(libc_a-abs.o)
 .ARM.attributes
                0x0000068c       0x2d c:/siliconlabs/simplicitystudio/v5/developer/toolchains/gnu_arm/12.2.rel1_2023.7/bin/../lib/gcc/arm-none-eabi/12.2.1/thumb/v7-m/nofp\libc_nano.a(libc_a-exit.o)
 .ARM.attributes
                0x000006b9       0x2d c:/siliconlabs/simplicitystudio/v5/developer/toolchains/gnu_arm/12.2.rel1_2023.7/bin/../lib/gcc/arm-none-eabi/12.2.1/thumb/v7-m/nofp\libc_nano.a(libc_a-findfp.o)
 .ARM.attributes
                0x000006e6       0x2d c:/siliconlabs/simplicitystudio/v5/developer/toolchains/gnu_arm/12.2.rel1_2023.7/bin/../lib/gcc/arm-none-eabi/12.2.1/thumb/v7-m/nofp\libc_nano.a(libc_a-memset.o)
 .ARM.attributes
                0x00000713       0x2d c:/siliconlabs/simplicitystudio/v5/developer/toolchains/gnu_arm/12.2.rel1_2023.7/bin/../lib/gcc/arm-none-eabi/12.2.1/thumb/v7-m/nofp\libc_nano.a(libc_a-init.o)
 .ARM.attributes
                0x00000740       0x2d c:/siliconlabs/simplicitystudio/v5/developer/toolchains/gnu_arm/12.2.rel1_2023.7/bin/../lib/gcc/arm-none-eabi/12.2.1/thumb/v7-m/nofp/crtend.o
 .ARM.attributes
                0x0000076d       0x1d c:/siliconlabs/simplicitystudio/v5/developer/toolchains/gnu_arm/12.2.rel1_2023.7/bin/../lib/gcc/arm-none-eabi/12.2.1/thumb/v7-m/nofp/crtn.o

.comment        0x00000000       0x45
 .comment       0x00000000       0x45 ./app.o
                                 0x46 (size before relaxing)
 .comment       0x00000045       0x46 ./bin.o
 .comment       0x00000045       0x46 ./display.o
 .comment       0x00000045       0x46 ./global variables.o
 .comment       0x00000045       0x46 ./gpio.o
 .comment       0x00000045       0x46 ./main.o
 .comment       0x00000045       0x46 ./segmentlcd.o
 .comment       0x00000045       0x46 ./segmentlcd_individual.o
 .comment       0x00000045       0x46 ./autogen/sl_board_default_init.o
 .comment       0x00000045       0x46 ./autogen/sl_device_init_clocks.o
 .comment       0x00000045       0x46 ./autogen/sl_event_handler.o
 .comment       0x00000045       0x46 ./autogen/sl_simple_button_instances.o
 .comment       0x00000045       0x46 ./gecko_sdk_4.4.4/hardware/board/src/sl_board_control_gpio.o
 .comment       0x00000045       0x46 ./gecko_sdk_4.4.4/hardware/board/src/sl_board_init.o
 .comment       0x00000045       0x46 ./gecko_sdk_4.4.4/platform/Device/SiliconLabs/EFM32GG/Source/startup_efm32gg.o
 .comment       0x00000045       0x46 ./gecko_sdk_4.4.4/platform/Device/SiliconLabs/EFM32GG/Source/system_efm32gg.o
 .comment       0x00000045       0x46 ./gecko_sdk_4.4.4/platform/common/src/sl_assert.o
 .comment       0x00000045       0x46 ./gecko_sdk_4.4.4/platform/common/src/sl_syscalls.o
 .comment       0x00000045       0x46 ./gecko_sdk_4.4.4/platform/common/toolchain/src/sl_memory.o
 .comment       0x00000045       0x46 ./gecko_sdk_4.4.4/platform/driver/button/src/sl_button.o
 .comment       0x00000045       0x46 ./gecko_sdk_4.4.4/platform/driver/button/src/sl_simple_button.o
 .comment       0x00000045       0x46 ./gecko_sdk_4.4.4/platform/emdrv/gpiointerrupt/src/gpiointerrupt.o
 .comment       0x00000045       0x46 ./gecko_sdk_4.4.4/platform/emlib/src/em_cmu.o
 .comment       0x00000045       0x46 ./gecko_sdk_4.4.4/platform/emlib/src/em_core.o
 .comment       0x00000045       0x46 ./gecko_sdk_4.4.4/platform/emlib/src/em_emu.o
 .comment       0x00000045       0x46 ./gecko_sdk_4.4.4/platform/emlib/src/em_gpio.o
 .comment       0x00000045       0x46 ./gecko_sdk_4.4.4/platform/emlib/src/em_lcd.o
 .comment       0x00000045       0x46 ./gecko_sdk_4.4.4/platform/emlib/src/em_system.o
 .comment       0x00000045       0x46 ./gecko_sdk_4.4.4/platform/service/device_init/src/sl_device_init_emu_s0.o
 .comment       0x00000045       0x46 ./gecko_sdk_4.4.4/platform/service/device_init/src/sl_device_init_hfxo_s0.o
 .comment       0x00000045       0x46 ./gecko_sdk_4.4.4/platform/service/device_init/src/sl_device_init_lfxo_s0.o
 .comment       0x00000045       0x46 ./gecko_sdk_4.4.4/platform/service/device_init/src/sl_device_init_nvic.o
 .comment       0x00000045       0x46 ./gecko_sdk_4.4.4/platform/service/system/src/sl_system_init.o
 .comment       0x00000045       0x46 ./gecko_sdk_4.4.4/platform/service/system/src/sl_system_process_action.o

.debug_line_str
                0x00000000       0xdf
 .debug_line_str
                0x00000000       0xdf c:/siliconlabs/simplicitystudio/v5/developer/toolchains/gnu_arm/12.2.rel1_2023.7/bin/../lib/gcc/arm-none-eabi/12.2.1/thumb/v7-m/nofp/crt0.o

.debug_info     0x00000000     0xff81
 .debug_info    0x00000000      0x4e4 ./app.o
 .debug_info    0x000004e4      0x238 ./bin.o
 .debug_info    0x0000071c      0x377 ./display.o
 .debug_info    0x00000a93      0x23a ./global variables.o
 .debug_info    0x00000ccd      0x3b1 ./gpio.o
 .debug_info    0x0000107e       0xa1 ./main.o
 .debug_info    0x0000111f     0x2151 ./segmentlcd.o
 .debug_info    0x00003270      0x7b5 ./segmentlcd_individual.o
 .debug_info    0x00003a25       0x86 ./autogen/sl_board_default_init.o
 .debug_info    0x00003aab      0x576 ./autogen/sl_device_init_clocks.o
 .debug_info    0x00004021      0x47e ./autogen/sl_event_handler.o
 .debug_info    0x0000449f      0x3f2 ./autogen/sl_simple_button_instances.o
 .debug_info    0x00004891      0x525 ./gecko_sdk_4.4.4/hardware/board/src/sl_board_control_gpio.o
 .debug_info    0x00004db6      0x2b6 ./gecko_sdk_4.4.4/hardware/board/src/sl_board_init.o
 .debug_info    0x0000506c      0x321 ./gecko_sdk_4.4.4/platform/Device/SiliconLabs/EFM32GG/Source/startup_efm32gg.o
 .debug_info    0x0000538d      0x828 ./gecko_sdk_4.4.4/platform/Device/SiliconLabs/EFM32GG/Source/system_efm32gg.o
 .debug_info    0x00005bb5       0x86 ./gecko_sdk_4.4.4/platform/common/src/sl_assert.o
 .debug_info    0x00005c3b      0x306 ./gecko_sdk_4.4.4/platform/common/src/sl_syscalls.o
 .debug_info    0x00005f41      0x205 ./gecko_sdk_4.4.4/platform/common/toolchain/src/sl_memory.o
 .debug_info    0x00006146      0x2d6 ./gecko_sdk_4.4.4/platform/driver/button/src/sl_button.o
 .debug_info    0x0000641c      0xc26 ./gecko_sdk_4.4.4/platform/driver/button/src/sl_simple_button.o
 .debug_info    0x00007042      0xbda ./gecko_sdk_4.4.4/platform/emdrv/gpiointerrupt/src/gpiointerrupt.o
 .debug_info    0x00007c1c     0x2d75 ./gecko_sdk_4.4.4/platform/emlib/src/em_cmu.o
 .debug_info    0x0000a991     0x1172 ./gecko_sdk_4.4.4/platform/emlib/src/em_core.o
 .debug_info    0x0000bb03     0x16df ./gecko_sdk_4.4.4/platform/emlib/src/em_emu.o
 .debug_info    0x0000d1e2      0xaa9 ./gecko_sdk_4.4.4/platform/emlib/src/em_gpio.o
 .debug_info    0x0000dc8b      0xfe2 ./gecko_sdk_4.4.4/platform/emlib/src/em_lcd.o
 .debug_info    0x0000ec6d      0x67f ./gecko_sdk_4.4.4/platform/emlib/src/em_system.o
 .debug_info    0x0000f2ec      0x18d ./gecko_sdk_4.4.4/platform/service/device_init/src/sl_device_init_emu_s0.o
 .debug_info    0x0000f479      0x209 ./gecko_sdk_4.4.4/platform/service/device_init/src/sl_device_init_hfxo_s0.o
 .debug_info    0x0000f682      0x206 ./gecko_sdk_4.4.4/platform/service/device_init/src/sl_device_init_lfxo_s0.o
 .debug_info    0x0000f888      0x5bf ./gecko_sdk_4.4.4/platform/service/device_init/src/sl_device_init_nvic.o
 .debug_info    0x0000fe47       0xa7 ./gecko_sdk_4.4.4/platform/service/system/src/sl_system_init.o
 .debug_info    0x0000feee       0x93 ./gecko_sdk_4.4.4/platform/service/system/src/sl_system_process_action.o

.debug_abbrev   0x00000000     0x3d5c
 .debug_abbrev  0x00000000      0x22e ./app.o
 .debug_abbrev  0x0000022e      0x121 ./bin.o
 .debug_abbrev  0x0000034f      0x18b ./display.o
 .debug_abbrev  0x000004da       0xbf ./global variables.o
 .debug_abbrev  0x00000599       0xce ./gpio.o
 .debug_abbrev  0x00000667       0x5d ./main.o
 .debug_abbrev  0x000006c4      0x36f ./segmentlcd.o
 .debug_abbrev  0x00000a33      0x1cb ./segmentlcd_individual.o
 .debug_abbrev  0x00000bfe       0x46 ./autogen/sl_board_default_init.o
 .debug_abbrev  0x00000c44      0x13c ./autogen/sl_device_init_clocks.o
 .debug_abbrev  0x00000d80      0x1f3 ./autogen/sl_event_handler.o
 .debug_abbrev  0x00000f73      0x18a ./autogen/sl_simple_button_instances.o
 .debug_abbrev  0x000010fd      0x1af ./gecko_sdk_4.4.4/hardware/board/src/sl_board_control_gpio.o
 .debug_abbrev  0x000012ac      0x10b ./gecko_sdk_4.4.4/hardware/board/src/sl_board_init.o
 .debug_abbrev  0x000013b7      0x1c8 ./gecko_sdk_4.4.4/platform/Device/SiliconLabs/EFM32GG/Source/startup_efm32gg.o
 .debug_abbrev  0x0000157f      0x246 ./gecko_sdk_4.4.4/platform/Device/SiliconLabs/EFM32GG/Source/system_efm32gg.o
 .debug_abbrev  0x000017c5       0x6c ./gecko_sdk_4.4.4/platform/common/src/sl_assert.o
 .debug_abbrev  0x00001831      0x143 ./gecko_sdk_4.4.4/platform/common/src/sl_syscalls.o
 .debug_abbrev  0x00001974      0x11e ./gecko_sdk_4.4.4/platform/common/toolchain/src/sl_memory.o
 .debug_abbrev  0x00001a92      0x131 ./gecko_sdk_4.4.4/platform/driver/button/src/sl_button.o
 .debug_abbrev  0x00001bc3      0x368 ./gecko_sdk_4.4.4/platform/driver/button/src/sl_simple_button.o
 .debug_abbrev  0x00001f2b      0x366 ./gecko_sdk_4.4.4/platform/emdrv/gpiointerrupt/src/gpiointerrupt.o
 .debug_abbrev  0x00002291      0x4db ./gecko_sdk_4.4.4/platform/emlib/src/em_cmu.o
 .debug_abbrev  0x0000276c      0x33e ./gecko_sdk_4.4.4/platform/emlib/src/em_core.o
 .debug_abbrev  0x00002aaa      0x460 ./gecko_sdk_4.4.4/platform/emlib/src/em_emu.o
 .debug_abbrev  0x00002f0a      0x2f6 ./gecko_sdk_4.4.4/platform/emlib/src/em_gpio.o
 .debug_abbrev  0x00003200      0x3aa ./gecko_sdk_4.4.4/platform/emlib/src/em_lcd.o
 .debug_abbrev  0x000035aa      0x27a ./gecko_sdk_4.4.4/platform/emlib/src/em_system.o
 .debug_abbrev  0x00003824      0x107 ./gecko_sdk_4.4.4/platform/service/device_init/src/sl_device_init_emu_s0.o
 .debug_abbrev  0x0000392b      0x11a ./gecko_sdk_4.4.4/platform/service/device_init/src/sl_device_init_hfxo_s0.o
 .debug_abbrev  0x00003a45      0x105 ./gecko_sdk_4.4.4/platform/service/device_init/src/sl_device_init_lfxo_s0.o
 .debug_abbrev  0x00003b4a      0x15a ./gecko_sdk_4.4.4/platform/service/device_init/src/sl_device_init_nvic.o
 .debug_abbrev  0x00003ca4       0x5c ./gecko_sdk_4.4.4/platform/service/system/src/sl_system_init.o
 .debug_abbrev  0x00003d00       0x5c ./gecko_sdk_4.4.4/platform/service/system/src/sl_system_process_action.o

.debug_loc      0x00000000     0x8947
 .debug_loc     0x00000000       0xe2 ./app.o
 .debug_loc     0x000000e2       0x2c ./display.o
 .debug_loc     0x0000010e       0x2c ./gpio.o
 .debug_loc     0x0000013a       0x20 ./main.o
 .debug_loc     0x0000015a     0x15a5 ./segmentlcd.o
 .debug_loc     0x000016ff      0x232 ./segmentlcd_individual.o
 .debug_loc     0x00001931       0x20 ./autogen/sl_device_init_clocks.o
 .debug_loc     0x00001951       0x79 ./autogen/sl_event_handler.o
 .debug_loc     0x000019ca       0x58 ./autogen/sl_simple_button_instances.o
 .debug_loc     0x00001a22      0x24a ./gecko_sdk_4.4.4/hardware/board/src/sl_board_control_gpio.o
 .debug_loc     0x00001c6c       0x2c ./gecko_sdk_4.4.4/hardware/board/src/sl_board_init.o
 .debug_loc     0x00001c98       0x8e ./gecko_sdk_4.4.4/platform/Device/SiliconLabs/EFM32GG/Source/startup_efm32gg.o
 .debug_loc     0x00001d26       0xae ./gecko_sdk_4.4.4/platform/Device/SiliconLabs/EFM32GG/Source/system_efm32gg.o
 .debug_loc     0x00001dd4       0x2a ./gecko_sdk_4.4.4/platform/common/src/sl_assert.o
 .debug_loc     0x00001dfe      0x118 ./gecko_sdk_4.4.4/platform/common/src/sl_syscalls.o
 .debug_loc     0x00001f16       0xa9 ./gecko_sdk_4.4.4/platform/common/toolchain/src/sl_memory.o
 .debug_loc     0x00001fbf      0x11a ./gecko_sdk_4.4.4/platform/driver/button/src/sl_button.o
 .debug_loc     0x000020d9      0x540 ./gecko_sdk_4.4.4/platform/driver/button/src/sl_simple_button.o
 .debug_loc     0x00002619      0x3dc ./gecko_sdk_4.4.4/platform/emdrv/gpiointerrupt/src/gpiointerrupt.o
 .debug_loc     0x000029f5     0x29db ./gecko_sdk_4.4.4/platform/emlib/src/em_cmu.o
 .debug_loc     0x000053d0      0x926 ./gecko_sdk_4.4.4/platform/emlib/src/em_core.o
 .debug_loc     0x00005cf6      0x892 ./gecko_sdk_4.4.4/platform/emlib/src/em_emu.o
 .debug_loc     0x00006588      0x94d ./gecko_sdk_4.4.4/platform/emlib/src/em_gpio.o
 .debug_loc     0x00006ed5     0x179e ./gecko_sdk_4.4.4/platform/emlib/src/em_lcd.o
 .debug_loc     0x00008673      0x17f ./gecko_sdk_4.4.4/platform/emlib/src/em_system.o
 .debug_loc     0x000087f2       0x2c ./gecko_sdk_4.4.4/platform/service/device_init/src/sl_device_init_emu_s0.o
 .debug_loc     0x0000881e       0x2c ./gecko_sdk_4.4.4/platform/service/device_init/src/sl_device_init_hfxo_s0.o
 .debug_loc     0x0000884a       0x2c ./gecko_sdk_4.4.4/platform/service/device_init/src/sl_device_init_lfxo_s0.o
 .debug_loc     0x00008876       0x79 ./gecko_sdk_4.4.4/platform/service/device_init/src/sl_device_init_nvic.o
 .debug_loc     0x000088ef       0x2c ./gecko_sdk_4.4.4/platform/service/system/src/sl_system_init.o
 .debug_loc     0x0000891b       0x2c ./gecko_sdk_4.4.4/platform/service/system/src/sl_system_process_action.o

.debug_aranges  0x00000000      0xab0
 .debug_aranges
                0x00000000       0x30 ./app.o
 .debug_aranges
                0x00000030       0x28 ./bin.o
 .debug_aranges
                0x00000058       0x30 ./display.o
 .debug_aranges
                0x00000088       0x18 ./global variables.o
 .debug_aranges
                0x000000a0       0x20 ./gpio.o
 .debug_aranges
                0x000000c0       0x20 ./main.o
 .debug_aranges
                0x000000e0       0xa8 ./segmentlcd.o
 .debug_aranges
                0x00000188       0x28 ./segmentlcd_individual.o
 .debug_aranges
                0x000001b0       0x20 ./autogen/sl_board_default_init.o
 .debug_aranges
                0x000001d0       0x20 ./autogen/sl_device_init_clocks.o
 .debug_aranges
                0x000001f0       0x60 ./autogen/sl_event_handler.o
 .debug_aranges
                0x00000250       0x28 ./autogen/sl_simple_button_instances.o
 .debug_aranges
                0x00000278       0x70 ./gecko_sdk_4.4.4/hardware/board/src/sl_board_control_gpio.o
 .debug_aranges
                0x000002e8       0x28 ./gecko_sdk_4.4.4/hardware/board/src/sl_board_init.o
 .debug_aranges
                0x00000310       0x28 ./gecko_sdk_4.4.4/platform/Device/SiliconLabs/EFM32GG/Source/startup_efm32gg.o
 .debug_aranges
                0x00000338       0x68 ./gecko_sdk_4.4.4/platform/Device/SiliconLabs/EFM32GG/Source/system_efm32gg.o
 .debug_aranges
                0x000003a0       0x20 ./gecko_sdk_4.4.4/platform/common/src/sl_assert.o
 .debug_aranges
                0x000003c0       0x68 ./gecko_sdk_4.4.4/platform/common/src/sl_syscalls.o
 .debug_aranges
                0x00000428       0x30 ./gecko_sdk_4.4.4/platform/common/toolchain/src/sl_memory.o
 .debug_aranges
                0x00000458       0x48 ./gecko_sdk_4.4.4/platform/driver/button/src/sl_button.o
 .debug_aranges
                0x000004a0       0x50 ./gecko_sdk_4.4.4/platform/driver/button/src/sl_simple_button.o
 .debug_aranges
                0x000004f0       0x48 ./gecko_sdk_4.4.4/platform/emdrv/gpiointerrupt/src/gpiointerrupt.o
 .debug_aranges
                0x00000538      0x180 ./gecko_sdk_4.4.4/platform/emlib/src/em_cmu.o
 .debug_aranges
                0x000006b8       0xe8 ./gecko_sdk_4.4.4/platform/emlib/src/em_core.o
 .debug_aranges
                0x000007a0       0xe8 ./gecko_sdk_4.4.4/platform/emlib/src/em_emu.o
 .debug_aranges
                0x00000888       0x60 ./gecko_sdk_4.4.4/platform/emlib/src/em_gpio.o
 .debug_aranges
                0x000008e8       0x90 ./gecko_sdk_4.4.4/platform/emlib/src/em_lcd.o
 .debug_aranges
                0x00000978       0x78 ./gecko_sdk_4.4.4/platform/emlib/src/em_system.o
 .debug_aranges
                0x000009f0       0x20 ./gecko_sdk_4.4.4/platform/service/device_init/src/sl_device_init_emu_s0.o
 .debug_aranges
                0x00000a10       0x20 ./gecko_sdk_4.4.4/platform/service/device_init/src/sl_device_init_hfxo_s0.o
 .debug_aranges
                0x00000a30       0x20 ./gecko_sdk_4.4.4/platform/service/device_init/src/sl_device_init_lfxo_s0.o
 .debug_aranges
                0x00000a50       0x20 ./gecko_sdk_4.4.4/platform/service/device_init/src/sl_device_init_nvic.o
 .debug_aranges
                0x00000a70       0x20 ./gecko_sdk_4.4.4/platform/service/system/src/sl_system_init.o
 .debug_aranges
                0x00000a90       0x20 ./gecko_sdk_4.4.4/platform/service/system/src/sl_system_process_action.o

.debug_ranges   0x00000000      0xf50
 .debug_ranges  0x00000000       0x20 ./app.o
 .debug_ranges  0x00000020       0x18 ./bin.o
 .debug_ranges  0x00000038       0x20 ./display.o
 .debug_ranges  0x00000058       0x10 ./gpio.o
 .debug_ranges  0x00000068       0x10 ./main.o
 .debug_ranges  0x00000078      0x120 ./segmentlcd.o
 .debug_ranges  0x00000198       0x48 ./segmentlcd_individual.o
 .debug_ranges  0x000001e0       0x10 ./autogen/sl_board_default_init.o
 .debug_ranges  0x000001f0       0x10 ./autogen/sl_device_init_clocks.o
 .debug_ranges  0x00000200       0x50 ./autogen/sl_event_handler.o
 .debug_ranges  0x00000250       0x18 ./autogen/sl_simple_button_instances.o
 .debug_ranges  0x00000268       0x60 ./gecko_sdk_4.4.4/hardware/board/src/sl_board_control_gpio.o
 .debug_ranges  0x000002c8       0x18 ./gecko_sdk_4.4.4/hardware/board/src/sl_board_init.o
 .debug_ranges  0x000002e0       0x80 ./gecko_sdk_4.4.4/platform/Device/SiliconLabs/EFM32GG/Source/startup_efm32gg.o
 .debug_ranges  0x00000360       0x88 ./gecko_sdk_4.4.4/platform/Device/SiliconLabs/EFM32GG/Source/system_efm32gg.o
 .debug_ranges  0x000003e8       0x10 ./gecko_sdk_4.4.4/platform/common/src/sl_assert.o
 .debug_ranges  0x000003f8       0x58 ./gecko_sdk_4.4.4/platform/common/src/sl_syscalls.o
 .debug_ranges  0x00000450       0x20 ./gecko_sdk_4.4.4/platform/common/toolchain/src/sl_memory.o
 .debug_ranges  0x00000470       0x38 ./gecko_sdk_4.4.4/platform/driver/button/src/sl_button.o
 .debug_ranges  0x000004a8       0x78 ./gecko_sdk_4.4.4/platform/driver/button/src/sl_simple_button.o
 .debug_ranges  0x00000520       0x58 ./gecko_sdk_4.4.4/platform/emdrv/gpiointerrupt/src/gpiointerrupt.o
 .debug_ranges  0x00000578      0x300 ./gecko_sdk_4.4.4/platform/emlib/src/em_cmu.o
 .debug_ranges  0x00000878      0x1a0 ./gecko_sdk_4.4.4/platform/emlib/src/em_core.o
 .debug_ranges  0x00000a18      0x1d0 ./gecko_sdk_4.4.4/platform/emlib/src/em_emu.o
 .debug_ranges  0x00000be8      0x120 ./gecko_sdk_4.4.4/platform/emlib/src/em_gpio.o
 .debug_ranges  0x00000d08      0x138 ./gecko_sdk_4.4.4/platform/emlib/src/em_lcd.o
 .debug_ranges  0x00000e40       0x68 ./gecko_sdk_4.4.4/platform/emlib/src/em_system.o
 .debug_ranges  0x00000ea8       0x10 ./gecko_sdk_4.4.4/platform/service/device_init/src/sl_device_init_emu_s0.o
 .debug_ranges  0x00000eb8       0x10 ./gecko_sdk_4.4.4/platform/service/device_init/src/sl_device_init_hfxo_s0.o
 .debug_ranges  0x00000ec8       0x10 ./gecko_sdk_4.4.4/platform/service/device_init/src/sl_device_init_lfxo_s0.o
 .debug_ranges  0x00000ed8       0x58 ./gecko_sdk_4.4.4/platform/service/device_init/src/sl_device_init_nvic.o
 .debug_ranges  0x00000f30       0x10 ./gecko_sdk_4.4.4/platform/service/system/src/sl_system_init.o
 .debug_ranges  0x00000f40       0x10 ./gecko_sdk_4.4.4/platform/service/system/src/sl_system_process_action.o

.debug_line     0x00000000     0x9ea1
 .debug_line    0x00000000      0x325 ./app.o
 .debug_line    0x00000325      0x1db ./bin.o
 .debug_line    0x00000500      0x1e0 ./display.o
 .debug_line    0x000006e0      0x14f ./global variables.o
 .debug_line    0x0000082f      0x19b ./gpio.o
 .debug_line    0x000009ca       0xe2 ./main.o
 .debug_line    0x00000aac      0xbfc ./segmentlcd.o
 .debug_line    0x000016a8      0x3ce ./segmentlcd_individual.o
 .debug_line    0x00001a76       0x55 ./autogen/sl_board_default_init.o
 .debug_line    0x00001acb      0x292 ./autogen/sl_device_init_clocks.o
 .debug_line    0x00001d5d      0x528 ./autogen/sl_event_handler.o
 .debug_line    0x00002285      0x28d ./autogen/sl_simple_button_instances.o
 .debug_line    0x00002512      0x448 ./gecko_sdk_4.4.4/hardware/board/src/sl_board_control_gpio.o
 .debug_line    0x0000295a      0x1f0 ./gecko_sdk_4.4.4/hardware/board/src/sl_board_init.o
 .debug_line    0x00002b4a      0x2eb ./gecko_sdk_4.4.4/platform/Device/SiliconLabs/EFM32GG/Source/startup_efm32gg.o
 .debug_line    0x00002e35      0x45c ./gecko_sdk_4.4.4/platform/Device/SiliconLabs/EFM32GG/Source/system_efm32gg.o
 .debug_line    0x00003291       0xa1 ./gecko_sdk_4.4.4/platform/common/src/sl_assert.o
 .debug_line    0x00003332      0x1a1 ./gecko_sdk_4.4.4/platform/common/src/sl_syscalls.o
 .debug_line    0x000034d3      0x2ea ./gecko_sdk_4.4.4/platform/common/toolchain/src/sl_memory.o
 .debug_line    0x000037bd      0x2ff ./gecko_sdk_4.4.4/platform/driver/button/src/sl_button.o
 .debug_line    0x00003abc      0x5ce ./gecko_sdk_4.4.4/platform/driver/button/src/sl_simple_button.o
 .debug_line    0x0000408a      0x61f ./gecko_sdk_4.4.4/platform/emdrv/gpiointerrupt/src/gpiointerrupt.o
 .debug_line    0x000046a9     0x1d6e ./gecko_sdk_4.4.4/platform/emlib/src/em_cmu.o
 .debug_line    0x00006417      0xa59 ./gecko_sdk_4.4.4/platform/emlib/src/em_core.o
 .debug_line    0x00006e70      0xc10 ./gecko_sdk_4.4.4/platform/emlib/src/em_emu.o
 .debug_line    0x00007a80      0x713 ./gecko_sdk_4.4.4/platform/emlib/src/em_gpio.o
 .debug_line    0x00008193      0xb9c ./gecko_sdk_4.4.4/platform/emlib/src/em_lcd.o
 .debug_line    0x00008d2f      0x4e1 ./gecko_sdk_4.4.4/platform/emlib/src/em_system.o
 .debug_line    0x00009210      0x24a ./gecko_sdk_4.4.4/platform/service/device_init/src/sl_device_init_emu_s0.o
 .debug_line    0x0000945a      0x2b8 ./gecko_sdk_4.4.4/platform/service/device_init/src/sl_device_init_hfxo_s0.o
 .debug_line    0x00009712      0x251 ./gecko_sdk_4.4.4/platform/service/device_init/src/sl_device_init_lfxo_s0.o
 .debug_line    0x00009963      0x32d ./gecko_sdk_4.4.4/platform/service/device_init/src/sl_device_init_nvic.o
 .debug_line    0x00009c90      0x104 ./gecko_sdk_4.4.4/platform/service/system/src/sl_system_init.o
 .debug_line    0x00009d94      0x10d ./gecko_sdk_4.4.4/platform/service/system/src/sl_system_process_action.o

.debug_str      0x00000000     0x4340
 .debug_str     0x00000000      0x330 ./app.o
                                0x3a0 (size before relaxing)
 .debug_str     0x00000330       0x4b ./bin.o
                                0x22f (size before relaxing)
 .debug_str     0x0000037b      0x19f ./display.o
                                0x3b6 (size before relaxing)
 .debug_str     0x0000051a       0x2b ./global variables.o
                                0x22b (size before relaxing)
 .debug_str     0x00000545      0x436 ./gpio.o
                                0x678 (size before relaxing)
 .debug_str     0x0000097b       0x37 ./main.o
                                0x176 (size before relaxing)
 .debug_str     0x000009b2      0x92c ./segmentlcd.o
                                0xf5a (size before relaxing)
 .debug_str     0x000012de       0x87 ./segmentlcd_individual.o
                                0x3e1 (size before relaxing)
 .debug_str     0x00001365       0x39 ./autogen/sl_board_default_init.o
                                0x1e0 (size before relaxing)
 .debug_str     0x0000139e       0xec ./autogen/sl_device_init_clocks.o
                                0x660 (size before relaxing)
 .debug_str     0x0000148a      0x25e ./autogen/sl_event_handler.o
                                0x47c (size before relaxing)
 .debug_str     0x000016e8      0x1ba ./autogen/sl_simple_button_instances.o
                                0x462 (size before relaxing)
 .debug_str     0x000018a2      0x2b5 ./gecko_sdk_4.4.4/hardware/board/src/sl_board_control_gpio.o
                                0x6d0 (size before relaxing)
 .debug_str     0x00001b57       0x52 ./gecko_sdk_4.4.4/hardware/board/src/sl_board_init.o
                                0x4d7 (size before relaxing)
 .debug_str     0x00001ba9      0x161 ./gecko_sdk_4.4.4/platform/Device/SiliconLabs/EFM32GG/Source/startup_efm32gg.o
                                0x323 (size before relaxing)
 .debug_str     0x00001d0a      0x216 ./gecko_sdk_4.4.4/platform/Device/SiliconLabs/EFM32GG/Source/system_efm32gg.o
                                0x563 (size before relaxing)
 .debug_str     0x00001f20       0x54 ./gecko_sdk_4.4.4/platform/common/src/sl_assert.o
                                0x18b (size before relaxing)
 .debug_str     0x00001f74       0xae ./gecko_sdk_4.4.4/platform/common/src/sl_syscalls.o
                                0x26b (size before relaxing)
 .debug_str     0x00002022       0xf3 ./gecko_sdk_4.4.4/platform/common/toolchain/src/sl_memory.o
                                0x2c5 (size before relaxing)
 .debug_str     0x00002115       0xa8 ./gecko_sdk_4.4.4/platform/driver/button/src/sl_button.o
                                0x2f7 (size before relaxing)
 .debug_str     0x000021bd      0x172 ./gecko_sdk_4.4.4/platform/driver/button/src/sl_simple_button.o
                                0x9d3 (size before relaxing)
 .debug_str     0x0000232f      0x445 ./gecko_sdk_4.4.4/platform/emdrv/gpiointerrupt/src/gpiointerrupt.o
                                0x7a5 (size before relaxing)
 .debug_str     0x00002774      0x9f9 ./gecko_sdk_4.4.4/platform/emlib/src/em_cmu.o
                               0x135b (size before relaxing)
 .debug_str     0x0000316d      0x2fc ./gecko_sdk_4.4.4/platform/emlib/src/em_core.o
                                0x8ae (size before relaxing)
 .debug_str     0x00003469      0x522 ./gecko_sdk_4.4.4/platform/emlib/src/em_emu.o
                                0xdd2 (size before relaxing)
 .debug_str     0x0000398b      0x11e ./gecko_sdk_4.4.4/platform/emlib/src/em_gpio.o
                                0x613 (size before relaxing)
 .debug_str     0x00003aa9      0x338 ./gecko_sdk_4.4.4/platform/emlib/src/em_lcd.o
                                0x9b0 (size before relaxing)
 .debug_str     0x00003de1      0x21c ./gecko_sdk_4.4.4/platform/emlib/src/em_system.o
                                0x757 (size before relaxing)
 .debug_str     0x00003ffd       0x71 ./gecko_sdk_4.4.4/platform/service/device_init/src/sl_device_init_emu_s0.o
                                0x2dc (size before relaxing)
 .debug_str     0x0000406e       0xbe ./gecko_sdk_4.4.4/platform/service/device_init/src/sl_device_init_hfxo_s0.o
                                0x34e (size before relaxing)
 .debug_str     0x0000412c       0xd0 ./gecko_sdk_4.4.4/platform/service/device_init/src/sl_device_init_lfxo_s0.o
                                0x3a9 (size before relaxing)
 .debug_str     0x000041fc       0x82 ./gecko_sdk_4.4.4/platform/service/device_init/src/sl_device_init_nvic.o
                                0x5a4 (size before relaxing)
 .debug_str     0x0000427e       0x5c ./gecko_sdk_4.4.4/platform/service/system/src/sl_system_init.o
                                0x1e1 (size before relaxing)
 .debug_str     0x000042da       0x66 ./gecko_sdk_4.4.4/platform/service/system/src/sl_system_process_action.o
                                0x20e (size before relaxing)

.debug_frame    0x00000000     0x19d4
 .debug_frame   0x00000000       0x5c ./app.o
 .debug_frame   0x0000005c       0x30 ./bin.o
 .debug_frame   0x0000008c       0x4c ./display.o
 .debug_frame   0x000000d8       0x2c ./gpio.o
 .debug_frame   0x00000104       0x28 ./main.o
 .debug_frame   0x0000012c      0x224 ./segmentlcd.o
 .debug_frame   0x00000350       0x50 ./segmentlcd_individual.o
 .debug_frame   0x000003a0       0x20 ./autogen/sl_board_default_init.o
 .debug_frame   0x000003c0       0x28 ./autogen/sl_device_init_clocks.o
 .debug_frame   0x000003e8       0xbc ./autogen/sl_event_handler.o
 .debug_frame   0x000004a4       0x48 ./autogen/sl_simple_button_instances.o
 .debug_frame   0x000004ec      0x100 ./gecko_sdk_4.4.4/hardware/board/src/sl_board_control_gpio.o
 .debug_frame   0x000005ec       0x3c ./gecko_sdk_4.4.4/hardware/board/src/sl_board_init.o
 .debug_frame   0x00000628       0x38 ./gecko_sdk_4.4.4/platform/Device/SiliconLabs/EFM32GG/Source/startup_efm32gg.o
 .debug_frame   0x00000660       0xb8 ./gecko_sdk_4.4.4/platform/Device/SiliconLabs/EFM32GG/Source/system_efm32gg.o
 .debug_frame   0x00000718       0x20 ./gecko_sdk_4.4.4/platform/common/src/sl_assert.o
 .debug_frame   0x00000738       0xb0 ./gecko_sdk_4.4.4/platform/common/src/sl_syscalls.o
 .debug_frame   0x000007e8       0x40 ./gecko_sdk_4.4.4/platform/common/toolchain/src/sl_memory.o
 .debug_frame   0x00000828       0x70 ./gecko_sdk_4.4.4/platform/driver/button/src/sl_button.o
 .debug_frame   0x00000898       0xc4 ./gecko_sdk_4.4.4/platform/driver/button/src/sl_simple_button.o
 .debug_frame   0x0000095c       0xa4 ./gecko_sdk_4.4.4/platform/emdrv/gpiointerrupt/src/gpiointerrupt.o
 .debug_frame   0x00000a00      0x4cc ./gecko_sdk_4.4.4/platform/emlib/src/em_cmu.o
 .debug_frame   0x00000ecc      0x240 ./gecko_sdk_4.4.4/platform/emlib/src/em_core.o
 .debug_frame   0x0000110c      0x24c ./gecko_sdk_4.4.4/platform/emlib/src/em_emu.o
 .debug_frame   0x00001358      0x134 ./gecko_sdk_4.4.4/platform/emlib/src/em_gpio.o
 .debug_frame   0x0000148c      0x194 ./gecko_sdk_4.4.4/platform/emlib/src/em_lcd.o
 .debug_frame   0x00001620       0xe0 ./gecko_sdk_4.4.4/platform/emlib/src/em_system.o
 .debug_frame   0x00001700       0x28 ./gecko_sdk_4.4.4/platform/service/device_init/src/sl_device_init_emu_s0.o
 .debug_frame   0x00001728       0x28 ./gecko_sdk_4.4.4/platform/service/device_init/src/sl_device_init_hfxo_s0.o
 .debug_frame   0x00001750       0x2c ./gecko_sdk_4.4.4/platform/service/device_init/src/sl_device_init_lfxo_s0.o
 .debug_frame   0x0000177c       0x28 ./gecko_sdk_4.4.4/platform/service/device_init/src/sl_device_init_nvic.o
 .debug_frame   0x000017a4       0x2c ./gecko_sdk_4.4.4/platform/service/system/src/sl_system_init.o
 .debug_frame   0x000017d0       0x2c ./gecko_sdk_4.4.4/platform/service/system/src/sl_system_process_action.o
 .debug_frame   0x000017fc       0x20 c:/siliconlabs/simplicitystudio/v5/developer/toolchains/gnu_arm/12.2.rel1_2023.7/bin/../lib/gcc/arm-none-eabi/12.2.1/thumb/v7-m/nofp\libc_nano.a(libc_a-abs.o)
 .debug_frame   0x0000181c       0x28 c:/siliconlabs/simplicitystudio/v5/developer/toolchains/gnu_arm/12.2.rel1_2023.7/bin/../lib/gcc/arm-none-eabi/12.2.1/thumb/v7-m/nofp\libc_nano.a(libc_a-exit.o)
 .debug_frame   0x00001844      0x144 c:/siliconlabs/simplicitystudio/v5/developer/toolchains/gnu_arm/12.2.rel1_2023.7/bin/../lib/gcc/arm-none-eabi/12.2.1/thumb/v7-m/nofp\libc_nano.a(libc_a-findfp.o)
 .debug_frame   0x00001988       0x20 c:/siliconlabs/simplicitystudio/v5/developer/toolchains/gnu_arm/12.2.rel1_2023.7/bin/../lib/gcc/arm-none-eabi/12.2.1/thumb/v7-m/nofp\libc_nano.a(libc_a-memset.o)
 .debug_frame   0x000019a8       0x2c c:/siliconlabs/simplicitystudio/v5/developer/toolchains/gnu_arm/12.2.rel1_2023.7/bin/../lib/gcc/arm-none-eabi/12.2.1/thumb/v7-m/nofp\libc_nano.a(libc_a-init.o)
