Archive member included to satisfy reference by file (symbol)

c:/siliconlabs/simplicitystudio/v5/developer/toolchains/gnu_arm/12.2.rel1_2023.7/bin/../lib/gcc/arm-none-eabi/12.2.1/thumb/v7-m/nofp\libc_nano.a(libc_a-abs.o)
                              ./segmentlcd.o (abs)
c:/siliconlabs/simplicitystudio/v5/developer/toolchains/gnu_arm/12.2.rel1_2023.7/bin/../lib/gcc/arm-none-eabi/12.2.1/thumb/v7-m/nofp\libc_nano.a(libc_a-exit.o)
                              c:/siliconlabs/simplicitystudio/v5/developer/toolchains/gnu_arm/12.2.rel1_2023.7/bin/../lib/gcc/arm-none-eabi/12.2.1/thumb/v7-m/nofp/crt0.o (exit)
c:/siliconlabs/simplicitystudio/v5/developer/toolchains/gnu_arm/12.2.rel1_2023.7/bin/../lib/gcc/arm-none-eabi/12.2.1/thumb/v7-m/nofp\libc_nano.a(libc_a-rand.o)
                              ./app.o (srand)
c:/siliconlabs/simplicitystudio/v5/developer/toolchains/gnu_arm/12.2.rel1_2023.7/bin/../lib/gcc/arm-none-eabi/12.2.1/thumb/v7-m/nofp\libc_nano.a(libc_a-findfp.o)
                              c:/siliconlabs/simplicitystudio/v5/developer/toolchains/gnu_arm/12.2.rel1_2023.7/bin/../lib/gcc/arm-none-eabi/12.2.1/thumb/v7-m/nofp\libc_nano.a(libc_a-exit.o) (__stdio_exit_handler)
c:/siliconlabs/simplicitystudio/v5/developer/toolchains/gnu_arm/12.2.rel1_2023.7/bin/../lib/gcc/arm-none-eabi/12.2.1/thumb/v7-m/nofp\libc_nano.a(libc_a-fwalk.o)
                              c:/siliconlabs/simplicitystudio/v5/developer/toolchains/gnu_arm/12.2.rel1_2023.7/bin/../lib/gcc/arm-none-eabi/12.2.1/thumb/v7-m/nofp\libc_nano.a(libc_a-findfp.o) (_fwalk_sglue)
c:/siliconlabs/simplicitystudio/v5/developer/toolchains/gnu_arm/12.2.rel1_2023.7/bin/../lib/gcc/arm-none-eabi/12.2.1/thumb/v7-m/nofp\libc_nano.a(libc_a-stdio.o)
                              c:/siliconlabs/simplicitystudio/v5/developer/toolchains/gnu_arm/12.2.rel1_2023.7/bin/../lib/gcc/arm-none-eabi/12.2.1/thumb/v7-m/nofp\libc_nano.a(libc_a-findfp.o) (__sread)
c:/siliconlabs/simplicitystudio/v5/developer/toolchains/gnu_arm/12.2.rel1_2023.7/bin/../lib/gcc/arm-none-eabi/12.2.1/thumb/v7-m/nofp\libc_nano.a(libc_a-memset.o)
                              c:/siliconlabs/simplicitystudio/v5/developer/toolchains/gnu_arm/12.2.rel1_2023.7/bin/../lib/gcc/arm-none-eabi/12.2.1/thumb/v7-m/nofp/crt0.o (memset)
c:/siliconlabs/simplicitystudio/v5/developer/toolchains/gnu_arm/12.2.rel1_2023.7/bin/../lib/gcc/arm-none-eabi/12.2.1/thumb/v7-m/nofp\libc_nano.a(libc_a-time.o)
                              ./app.o (time)
c:/siliconlabs/simplicitystudio/v5/developer/toolchains/gnu_arm/12.2.rel1_2023.7/bin/../lib/gcc/arm-none-eabi/12.2.1/thumb/v7-m/nofp\libc_nano.a(libc_a-closer.o)
                              c:/siliconlabs/simplicitystudio/v5/developer/toolchains/gnu_arm/12.2.rel1_2023.7/bin/../lib/gcc/arm-none-eabi/12.2.1/thumb/v7-m/nofp\libc_nano.a(libc_a-stdio.o) (_close_r)
c:/siliconlabs/simplicitystudio/v5/developer/toolchains/gnu_arm/12.2.rel1_2023.7/bin/../lib/gcc/arm-none-eabi/12.2.1/thumb/v7-m/nofp\libc_nano.a(libc_a-reent.o)
                              c:/siliconlabs/simplicitystudio/v5/developer/toolchains/gnu_arm/12.2.rel1_2023.7/bin/../lib/gcc/arm-none-eabi/12.2.1/thumb/v7-m/nofp\libc_nano.a(libc_a-closer.o) (errno)
c:/siliconlabs/simplicitystudio/v5/developer/toolchains/gnu_arm/12.2.rel1_2023.7/bin/../lib/gcc/arm-none-eabi/12.2.1/thumb/v7-m/nofp\libc_nano.a(libc_a-impure.o)
                              c:/siliconlabs/simplicitystudio/v5/developer/toolchains/gnu_arm/12.2.rel1_2023.7/bin/../lib/gcc/arm-none-eabi/12.2.1/thumb/v7-m/nofp\libc_nano.a(libc_a-rand.o) (_impure_ptr)
c:/siliconlabs/simplicitystudio/v5/developer/toolchains/gnu_arm/12.2.rel1_2023.7/bin/../lib/gcc/arm-none-eabi/12.2.1/thumb/v7-m/nofp\libc_nano.a(libc_a-gettimeofdayr.o)
                              c:/siliconlabs/simplicitystudio/v5/developer/toolchains/gnu_arm/12.2.rel1_2023.7/bin/../lib/gcc/arm-none-eabi/12.2.1/thumb/v7-m/nofp\libc_nano.a(libc_a-time.o) (_gettimeofday_r)
c:/siliconlabs/simplicitystudio/v5/developer/toolchains/gnu_arm/12.2.rel1_2023.7/bin/../lib/gcc/arm-none-eabi/12.2.1/thumb/v7-m/nofp\libc_nano.a(libc_a-lseekr.o)
                              c:/siliconlabs/simplicitystudio/v5/developer/toolchains/gnu_arm/12.2.rel1_2023.7/bin/../lib/gcc/arm-none-eabi/12.2.1/thumb/v7-m/nofp\libc_nano.a(libc_a-stdio.o) (_lseek_r)
c:/siliconlabs/simplicitystudio/v5/developer/toolchains/gnu_arm/12.2.rel1_2023.7/bin/../lib/gcc/arm-none-eabi/12.2.1/thumb/v7-m/nofp\libc_nano.a(libc_a-readr.o)
                              c:/siliconlabs/simplicitystudio/v5/developer/toolchains/gnu_arm/12.2.rel1_2023.7/bin/../lib/gcc/arm-none-eabi/12.2.1/thumb/v7-m/nofp\libc_nano.a(libc_a-stdio.o) (_read_r)
c:/siliconlabs/simplicitystudio/v5/developer/toolchains/gnu_arm/12.2.rel1_2023.7/bin/../lib/gcc/arm-none-eabi/12.2.1/thumb/v7-m/nofp\libc_nano.a(libc_a-writer.o)
[...]
Memory Configuration

Name             Origin             Length             Attributes
FLASH            0x00000000         0x00100000         xr
RAM              0x20000000         0x00020000         xrw
*default*        0x00000000         0xffffffff

Linker script and memory map

LOAD c:/siliconlabs/simplicitystudio/v5/developer/toolchains/gnu_arm/12.2.rel1_2023.7/bin/../lib/gcc/arm-none-eabi/12.2.1/thumb/v7-m/nofp/crti.o
LOAD c:/siliconlabs/simplicitystudio/v5/developer/toolchains/gnu_arm/12.2.rel1_2023.7/bin/../lib/gcc/arm-none-eabi/12.2.1/thumb/v7-m/nofp/crtbegin.o
LOAD c:/siliconlabs/simplicitystudio/v5/developer/toolchains/gnu_arm/12.2.rel1_2023.7/bin/../lib/gcc/arm-none-eabi/12.2.1/thumb/v7-m/nofp/crt0.o
START GROUP
LOAD ./app.o
LOAD ./bin.o
LOAD ./display.o
LOAD ./gamestart.o
LOAD ./global_variables.o
LOAD ./gpio.o
LOAD ./main.o
LOAD ./score.o
LOAD ./segmentlcd.o
LOAD ./segmentlcd_individual.o
LOAD ./autogen/sl_board_default_init.o
LOAD ./autogen/sl_device_init_clocks.o
LOAD ./autogen/sl_event_handler.o
LOAD ./autogen/sl_simple_button_instances.o
LOAD ./gecko_sdk_4.4.4/hardware/board/src/sl_board_control_gpio.o
LOAD ./gecko_sdk_4.4.4/hardware/board/src/sl_board_init.o
LOAD ./gecko_sdk_4.4.4/platform/Device/SiliconLabs/EFM32GG/Source/startup_efm32gg.o
LOAD ./gecko_sdk_4.4.4/platform/Device/SiliconLabs/EFM32GG/Source/system_efm32gg.o
LOAD ./gecko_sdk_4.4.4/platform/common/src/sl_assert.o
LOAD ./gecko_sdk_4.4.4/platform/common/src/sl_syscalls.o
LOAD ./gecko_sdk_4.4.4/platform/common/toolchain/src/sl_memory.o
LOAD ./gecko_sdk_4.4.4/platform/driver/button/src/sl_button.o
LOAD ./gecko_sdk_4.4.4/platform/driver/button/src/sl_simple_button.o
LOAD ./gecko_sdk_4.4.4/platform/emdrv/gpiointerrupt/src/gpiointerrupt.o
LOAD ./gecko_sdk_4.4.4/platform/emlib/src/em_cmu.o
LOAD ./gecko_sdk_4.4.4/platform/emlib/src/em_core.o
LOAD ./gecko_sdk_4.4.4/platform/emlib/src/em_emu.o
LOAD ./gecko_sdk_4.4.4/platform/emlib/src/em_gpio.o
LOAD ./gecko_sdk_4.4.4/platform/emlib/src/em_lcd.o
LOAD ./gecko_sdk_4.4.4/platform/emlib/src/em_msc.o
LOAD ./gecko_sdk_4.4.4/platform/emlib/src/em_system.o
LOAD ./gecko_sdk_4.4.4/platform/service/device_init/src/sl_device_init_emu_s0.o
LOAD ./gecko_sdk_4.4.4/platform/service/device_init/src/sl_device_init_hfxo_s0.o
LOAD ./gecko_sdk_4.4.4/platform/service/device_init/src/sl_device_init_lfxo_s0.o
LOAD ./gecko_sdk_4.4.4/platform/service/device_init/src/sl_device_init_nvic.o
LOAD ./gecko_sdk_4.4.4/platform/service/system/src/sl_system_init.o
LOAD ./gecko_sdk_4.4.4/platform/service/system/src/sl_system_process_action.o
LOAD ./gecko_sdk_4.4.4/platform/service/udelay/src/sl_udelay.o
LOAD ./gecko_sdk_4.4.4/platform/service/udelay/src/sl_udelay_armv6m_gcc.o
LOAD c:/siliconlabs/simplicitystudio/v5/developer/toolchains/gnu_arm/12.2.rel1_2023.7/bin/../lib/gcc/arm-none-eabi/12.2.1/thumb/v7-m/nofp\libgcc.a
LOAD c:/siliconlabs/simplicitystudio/v5/developer/toolchains/gnu_arm/12.2.rel1_2023.7/bin/../lib/gcc/arm-none-eabi/12.2.1/thumb/v7-m/nofp\libc_nano.a
LOAD c:/siliconlabs/simplicitystudio/v5/developer/toolchains/gnu_arm/12.2.rel1_2023.7/bin/../lib/gcc/arm-none-eabi/12.2.1/thumb/v7-m/nofp\libm.a
LOAD c:/siliconlabs/simplicitystudio/v5/developer/toolchains/gnu_arm/12.2.rel1_2023.7/bin/../lib/gcc/arm-none-eabi/12.2.1/thumb/v7-m/nofp\libnosys.a
END GROUP
START GROUP
LOAD c:/siliconlabs/simplicitystudio/v5/developer/toolchains/gnu_arm/12.2.rel1_2023.7/bin/../lib/gcc/arm-none-eabi/12.2.1/thumb/v7-m/nofp\libgcc.a
LOAD c:/siliconlabs/simplicitystudio/v5/developer/toolchains/gnu_arm/12.2.rel1_2023.7/bin/../lib/gcc/arm-none-eabi/12.2.1/thumb/v7-m/nofp\libc_nano.a
LOAD c:/siliconlabs/simplicitystudio/v5/developer/toolchains/gnu_arm/12.2.rel1_2023.7/bin/../lib/gcc/arm-none-eabi/12.2.1/thumb/v7-m/nofp\libnosys.a
END GROUP
START GROUP
LOAD c:/siliconlabs/simplicitystudio/v5/developer/toolchains/gnu_arm/12.2.rel1_2023.7/bin/../lib/gcc/arm-none-eabi/12.2.1/thumb/v7-m/nofp\libgcc.a
LOAD c:/siliconlabs/simplicitystudio/v5/developer/toolchains/gnu_arm/12.2.rel1_2023.7/bin/../lib/gcc/arm-none-eabi/12.2.1/thumb/v7-m/nofp\libg_nano.a
LOAD c:/siliconlabs/simplicitystudio/v5/developer/toolchains/gnu_arm/12.2.rel1_2023.7/bin/../lib/gcc/arm-none-eabi/12.2.1/thumb/v7-m/nofp\libc_nano.a
END GROUP
START GROUP
LOAD c:/siliconlabs/simplicitystudio/v5/developer/toolchains/gnu_arm/12.2.rel1_2023.7/bin/../lib/gcc/arm-none-eabi/12.2.1/thumb/v7-m/nofp\libgcc.a
LOAD c:/siliconlabs/simplicitystudio/v5/developer/toolchains/gnu_arm/12.2.rel1_2023.7/bin/../lib/gcc/arm-none-eabi/12.2.1/thumb/v7-m/nofp\libc_nano.a
END GROUP
LOAD c:/siliconlabs/simplicitystudio/v5/developer/toolchains/gnu_arm/12.2.rel1_2023.7/bin/../lib/gcc/arm-none-eabi/12.2.1/thumb/v7-m/nofp/crtend.o
LOAD c:/siliconlabs/simplicitystudio/v5/developer/toolchains/gnu_arm/12.2.rel1_2023.7/bin/../lib/gcc/arm-none-eabi/12.2.1/thumb/v7-m/nofp/crtn.o

.text           0x00000000     0x3700
                0x00000000                linker_vectors_begin = .
 *(.vectors)
 .vectors       0x00000000       0xdc ./gecko_sdk_4.4.4/platform/Device/SiliconLabs/EFM32GG/Source/startup_efm32gg.o
                0x00000000                __Vectors
                0x000000dc                linker_vectors_end = .
                0x000000dc                __Vectors_End = .
                0x000000dc                __Vectors_Size = (__Vectors_End - __Vectors)
                0x000000dc                linker_code_begin = .
 *(SORT_BY_ALIGNMENT(.text*))
 .text.deregister_tm_clones
                0x000000dc       0x1c c:/siliconlabs/simplicitystudio/v5/developer/toolchains/gnu_arm/12.2.rel1_2023.7/bin/../lib/gcc/arm-none-eabi/12.2.1/thumb/v7-m/nofp/crtbegin.o
 .text.register_tm_clones
                0x000000f8       0x24 c:/siliconlabs/simplicitystudio/v5/developer/toolchains/gnu_arm/12.2.rel1_2023.7/bin/../lib/gcc/arm-none-eabi/12.2.1/thumb/v7-m/nofp/crtbegin.o
 .text.__do_global_dtors_aux
                0x0000011c       0x28 c:/siliconlabs/simplicitystudio/v5/developer/toolchains/gnu_arm/12.2.rel1_2023.7/bin/../lib/gcc/arm-none-eabi/12.2.1/thumb/v7-m/nofp/crtbegin.o
 .text.frame_dummy
                0x00000144       0x24 c:/siliconlabs/simplicitystudio/v5/developer/toolchains/gnu_arm/12.2.rel1_2023.7/bin/../lib/gcc/arm-none-eabi/12.2.1/thumb/v7-m/nofp/crtbegin.o
 .text          0x00000168       0x7c c:/siliconlabs/simplicitystudio/v5/developer/toolchains/gnu_arm/12.2.rel1_2023.7/bin/../lib/gcc/arm-none-eabi/12.2.1/thumb/v7-m/nofp/crt0.o
                0x00000168                _stack_init
                0x00000170                _start
                0x00000170                _mainCRTStartup
 .text.app_init
                0x000001e4       0x3c ./app.o
                0x000001e4                app_init
 .text.app_process_action
                0x00000220       0x54 ./app.o
                0x00000220                app_process_action
 .text.bin_move_right
                0x00000274       0x38 ./bin.o
                0x00000274                bin_move_right
 .text.bin_move_left
                0x000002ac       0x38 ./bin.o
                0x000002ac                bin_move_left
 .text.display_score
                0x000002e4       0x1c ./display.o
                0x000002e4                display_score
 .text.display_game_over
                0x00000300        0xc ./display.o
                0x00000300                display_game_over
 .text.display_catchthebanana
                0x0000030c       0xc0 ./display.o
                0x0000030c                display_catchthebanana
 .text.diff_set
                0x000003cc       0x34 ./gamestart.o
                0x000003cc                diff_set
 .text.game_start
                0x00000400        0xc ./gamestart.o
                0x00000400                game_start
 .text.game_init
                0x0000040c       0x10 ./gamestart.o
                0x0000040c                game_init
 .text.gpio_game_start
                0x0000041c       0x78 ./gpio.o
                0x0000041c                gpio_game_start
 .text.gpio_game
                0x00000494       0x78 ./gpio.o
                0x00000494                gpio_game
 .text.updateScore
                0x0000050c       0x24 ./score.o
                0x0000050c                updateScore
 .text.calculate_score
                0x00000530       0x3c ./score.o
                0x00000530                calculate_score
 .text.LCD_SyncBusyDelay
                0x0000056c       0x10 ./segmentlcd.o
 .text.SegmentLCD_AllOff
                0x0000057c       0xac ./segmentlcd.o
                0x0000057c                SegmentLCD_AllOff
 .text.SegmentLCD_AlphaNumberOff
                0x00000628       0xa8 ./segmentlcd.o
                0x00000628                SegmentLCD_AlphaNumberOff
 .text.SegmentLCD_Init
                0x000006d0       0xac ./segmentlcd.o
                0x000006d0                SegmentLCD_Init
 .text.SegmentLCD_Number
                0x0000077c       0xc4 ./segmentlcd.o
                0x0000077c                SegmentLCD_Number
 .text.SegmentLCD_Symbol
                0x00000840       0x28 ./segmentlcd.o
                0x00000840                SegmentLCD_Symbol
 .text.SegmentLCD_Write
                0x00000868       0x7c ./segmentlcd.o
                0x00000868                SegmentLCD_Write
 .text.SegmentLCD_ARing
                0x000008e4       0x1c ./segmentlcd.o
                0x000008e4                SegmentLCD_ARing
 .text.SegmentLCD_LowerSegments
                0x00000900       0x58 ./segmentlcd_individual.o
                0x00000900                SegmentLCD_LowerSegments
 .text.sl_device_init_clocks
                0x00000958       0x50 ./autogen/sl_device_init_clocks.o
                0x00000958                sl_device_init_clocks
 .text.sl_platform_init
                0x000009a8       0x68 ./autogen/sl_event_handler.o
                0x000009a8                sl_platform_init
 .text.sl_simple_button_init_instances
                0x00000a10       0x1c ./autogen/sl_simple_button_instances.o
                0x00000a10                sl_simple_button_init_instances
 .text.sl_board_init
                0x00000a2c       0x18 ./gecko_sdk_4.4.4/hardware/board/src/sl_board_init.o
                0x00000a2c                sl_board_init
 .text.sl_board_preinit
                0x00000a44        0xc ./gecko_sdk_4.4.4/hardware/board/src/sl_board_init.o
                0x00000a44                sl_board_preinit
 .text.Reset_Handler
                0x00000a50       0x60 ./gecko_sdk_4.4.4/platform/Device/SiliconLabs/EFM32GG/Source/startup_efm32gg.o
                0x00000a50                Reset_Handler
 .text.SystemMaxCoreClockGet
                0x00000ab0        0x8 ./gecko_sdk_4.4.4/platform/Device/SiliconLabs/EFM32GG/Source/system_efm32gg.o
                0x00000ab0                SystemMaxCoreClockGet
 .text.SystemHFClockGet
                0x00000ab8       0xc8 ./gecko_sdk_4.4.4/platform/Device/SiliconLabs/EFM32GG/Source/system_efm32gg.o
                0x00000ab8                SystemHFClockGet
 .text.SystemCoreClockGet
                0x00000b80       0x20 ./gecko_sdk_4.4.4/platform/Device/SiliconLabs/EFM32GG/Source/system_efm32gg.o
                0x00000b80                SystemCoreClockGet
 .text.SystemHFXOClockGet
                0x00000ba0        0xc ./gecko_sdk_4.4.4/platform/Device/SiliconLabs/EFM32GG/Source/system_efm32gg.o
                0x00000ba0                SystemHFXOClockGet
 .text.SystemHFXOClockSet
                0x00000bac       0x1c ./gecko_sdk_4.4.4/platform/Device/SiliconLabs/EFM32GG/Source/system_efm32gg.o
                0x00000bac                SystemHFXOClockSet
 .text.SystemInit
                0x00000bc8       0x10 ./gecko_sdk_4.4.4/platform/Device/SiliconLabs/EFM32GG/Source/system_efm32gg.o
                0x00000bc8                SystemInit
 .text._sbrk    0x00000bd8       0x20 ./gecko_sdk_4.4.4/platform/common/toolchain/src/sl_memory.o
                0x00000bd8                _sbrk
 .text.GPIO_PinInGet
                0x00000bf8       0x40 ./gecko_sdk_4.4.4/platform/driver/button/src/sl_simple_button.o
 .text.sl_simple_button_init
                0x00000c38       0x70 ./gecko_sdk_4.4.4/platform/driver/button/src/sl_simple_button.o
                0x00000c38                sl_simple_button_init
 .text.GPIOINT_IRQDispatcher
                0x00000ca8       0x38 ./gecko_sdk_4.4.4/platform/emdrv/gpiointerrupt/src/gpiointerrupt.o
 .text.GPIOINT_Init
                0x00000ce0       0x30 ./gecko_sdk_4.4.4/platform/emdrv/gpiointerrupt/src/gpiointerrupt.o
                0x00000ce0                GPIOINT_Init
 .text.GPIOINT_CallbackRegister
                0x00000d10       0x24 ./gecko_sdk_4.4.4/platform/emdrv/gpiointerrupt/src/gpiointerrupt.o
                0x00000d10                GPIOINT_CallbackRegister
 .text.GPIOINT_CallbackRegisterExt
                0x00000d34       0x34 ./gecko_sdk_4.4.4/platform/emdrv/gpiointerrupt/src/gpiointerrupt.o
                0x00000d34                GPIOINT_CallbackRegisterExt
 .text.GPIO_EVEN_IRQHandler
                0x00000d68       0x24 ./gecko_sdk_4.4.4/platform/emdrv/gpiointerrupt/src/gpiointerrupt.o
                0x00000d68                GPIO_EVEN_IRQHandler
 .text.GPIO_ODD_IRQHandler
                0x00000d8c       0x24 ./gecko_sdk_4.4.4/platform/emdrv/gpiointerrupt/src/gpiointerrupt.o
                0x00000d8c                GPIO_ODD_IRQHandler
 .text.CMU_DivToLog2
                0x00000db0       0x2c ./gecko_sdk_4.4.4/platform/emlib/src/em_cmu.o
 .text.syncReg  0x00000ddc       0x14 ./gecko_sdk_4.4.4/platform/emlib/src/em_cmu.o
 .text.maxFreqHfle
                0x00000df0       0x64 ./gecko_sdk_4.4.4/platform/emlib/src/em_cmu.o
 .text.setHfLeConfig
                0x00000e54       0x40 ./gecko_sdk_4.4.4/platform/emlib/src/em_cmu.o
 .text.flashWaitStateControl.constprop.0
                0x00000e94       0x64 ./gecko_sdk_4.4.4/platform/emlib/src/em_cmu.o
 .text.flashWaitStateMax
                0x00000ef8       0x24 ./gecko_sdk_4.4.4/platform/emlib/src/em_cmu.o
 .text.CMU_UpdateWaitStates
                0x00000f1c       0x20 ./gecko_sdk_4.4.4/platform/emlib/src/em_cmu.o
                0x00000f1c                CMU_UpdateWaitStates
 .text.CMU_ClockDivSet
                0x00000f3c      0x238 ./gecko_sdk_4.4.4/platform/emlib/src/em_cmu.o
                0x00000f3c                CMU_ClockDivSet
 .text.CMU_ClockEnable
                0x00001174       0x98 ./gecko_sdk_4.4.4/platform/emlib/src/em_cmu.o
                0x00001174                CMU_ClockEnable
 .text.CMU_ClockSelectGet
                0x0000120c       0xc8 ./gecko_sdk_4.4.4/platform/emlib/src/em_cmu.o
                0x0000120c                CMU_ClockSelectGet
 .text.CMU_HFXOInit
                0x000012d4       0x4c ./gecko_sdk_4.4.4/platform/emlib/src/em_cmu.o
                0x000012d4                CMU_HFXOInit
 .text.CMU_LCDClkFDIVSet
                0x00001320       0x34 ./gecko_sdk_4.4.4/platform/emlib/src/em_cmu.o
                0x00001320                CMU_LCDClkFDIVSet
 .text.CMU_LFXOInit
                0x00001354       0x70 ./gecko_sdk_4.4.4/platform/emlib/src/em_cmu.o
                0x00001354                CMU_LFXOInit
 .text.CMU_LFXOPrecisionSet
                0x000013c4        0xc ./gecko_sdk_4.4.4/platform/emlib/src/em_cmu.o
                0x000013c4                CMU_LFXOPrecisionSet
 .text.CMU_HFXOPrecisionSet
                0x000013d0        0xc ./gecko_sdk_4.4.4/platform/emlib/src/em_cmu.o
                0x000013d0                CMU_HFXOPrecisionSet
 .text.CMU_OscillatorEnable
                0x000013dc       0x58 ./gecko_sdk_4.4.4/platform/emlib/src/em_cmu.o
                0x000013dc                CMU_OscillatorEnable
 .text.sli_em_cmu_HFClockSelectHFXO
                0x00001434       0x5c ./gecko_sdk_4.4.4/platform/emlib/src/em_cmu.o
                0x00001434                sli_em_cmu_HFClockSelectHFXO
 .text.CMU_ClockSelectSet
                0x00001490      0x1c0 ./gecko_sdk_4.4.4/platform/emlib/src/em_cmu.o
                0x00001490                CMU_ClockSelectSet
 .text.CORE_NvicIRQDisabled
                0x00001650       0x34 ./gecko_sdk_4.4.4/platform/emlib/src/em_core.o
                0x00001650                CORE_NvicIRQDisabled
 .text.EMU_EM4Init
                0x00001684       0x30 ./gecko_sdk_4.4.4/platform/emlib/src/em_emu.o
                0x00001684                EMU_EM4Init
 .text.GPIO_PinOutSet
                0x000016b4       0x3c ./gecko_sdk_4.4.4/platform/emlib/src/em_gpio.o
 .text.GPIO_PinOutClear
                0x000016f0       0x3c ./gecko_sdk_4.4.4/platform/emlib/src/em_gpio.o
 .text.GPIO_ExtIntConfig
                0x0000172c       0xc8 ./gecko_sdk_4.4.4/platform/emlib/src/em_gpio.o
                0x0000172c                GPIO_ExtIntConfig
 .text.GPIO_PinModeSet
                0x000017f4       0x90 ./gecko_sdk_4.4.4/platform/emlib/src/em_gpio.o
                0x000017f4                GPIO_PinModeSet
 .text.BUS_RegBitWrite
                0x00001884       0x2c ./gecko_sdk_4.4.4/platform/emlib/src/em_lcd.o
 .text.LCD_Init
                0x000018b0       0x50 ./gecko_sdk_4.4.4/platform/emlib/src/em_lcd.o
                0x000018b0                LCD_Init
 .text.LCD_VLCDSelect
                0x00001900       0x1c ./gecko_sdk_4.4.4/platform/emlib/src/em_lcd.o
                0x00001900                LCD_VLCDSelect
 .text.LCD_SegmentRangeEnable
                0x0000191c       0x18 ./gecko_sdk_4.4.4/platform/emlib/src/em_lcd.o
                0x0000191c                LCD_SegmentRangeEnable
 .text.LCD_SegmentSet
                0x00001934      0x130 ./gecko_sdk_4.4.4/platform/emlib/src/em_lcd.o
                0x00001934                LCD_SegmentSet
 .text.LCD_SegmentSetLow
                0x00001a64       0xb8 ./gecko_sdk_4.4.4/platform/emlib/src/em_lcd.o
                0x00001a64                LCD_SegmentSetLow
 .text.LCD_SegmentSetHigh
                0x00001b1c       0xa8 ./gecko_sdk_4.4.4/platform/emlib/src/em_lcd.o
                0x00001b1c                LCD_SegmentSetHigh
 .text.LCD_VBoostSet
                0x00001bc4       0x14 ./gecko_sdk_4.4.4/platform/emlib/src/em_lcd.o
                0x00001bc4                LCD_VBoostSet
 .text.SYSTEM_ChipRevisionGet
                0x00001bd8       0x50 ./gecko_sdk_4.4.4/platform/emlib/src/em_system.o
                0x00001bd8                SYSTEM_ChipRevisionGet
 .text.SYSTEM_GetProdRev
                0x00001c28       0x10 ./gecko_sdk_4.4.4/platform/emlib/src/em_system.o
                0x00001c28                SYSTEM_GetProdRev
 .text.SYSTEM_GetFamily
                0x00001c38       0x10 ./gecko_sdk_4.4.4/platform/emlib/src/em_system.o
                0x00001c38                SYSTEM_GetFamily
 .text.sl_device_init_emu
                0x00001c48       0x20 ./gecko_sdk_4.4.4/platform/service/device_init/src/sl_device_init_emu_s0.o
                0x00001c48                sl_device_init_emu
 .text.sl_device_init_hfxo
                0x00001c68       0x2c ./gecko_sdk_4.4.4/platform/service/device_init/src/sl_device_init_hfxo_s0.o
                0x00001c68                sl_device_init_hfxo
 .text.sl_device_init_nvic
                0x00001c94       0x3c ./gecko_sdk_4.4.4/platform/service/device_init/src/sl_device_init_nvic.o
                0x00001c94                sl_device_init_nvic
 .text.exit     0x00001cd0       0x24 c:/siliconlabs/simplicitystudio/v5/developer/toolchains/gnu_arm/12.2.rel1_2023.7/bin/../lib/gcc/arm-none-eabi/12.2.1/thumb/v7-m/nofp\libc_nano.a(libc_a-exit.o)
                0x00001cd0                exit
 .text.srand    0x00001cf4       0x5c c:/siliconlabs/simplicitystudio/v5/developer/toolchains/gnu_arm/12.2.rel1_2023.7/bin/../lib/gcc/arm-none-eabi/12.2.1/thumb/v7-m/nofp\libc_nano.a(libc_a-rand.o)
                0x00001cf4                srand
 .text.rand     0x00001d50       0x7c c:/siliconlabs/simplicitystudio/v5/developer/toolchains/gnu_arm/12.2.rel1_2023.7/bin/../lib/gcc/arm-none-eabi/12.2.1/thumb/v7-m/nofp\libc_nano.a(libc_a-rand.o)
                0x00001d50                rand
 .text.std      0x00001dcc       0x6c c:/siliconlabs/simplicitystudio/v5/developer/toolchains/gnu_arm/12.2.rel1_2023.7/bin/../lib/gcc/arm-none-eabi/12.2.1/thumb/v7-m/nofp\libc_nano.a(libc_a-findfp.o)
 .text.stdio_exit_handler
                0x00001e38       0x18 c:/siliconlabs/simplicitystudio/v5/developer/toolchains/gnu_arm/12.2.rel1_2023.7/bin/../lib/gcc/arm-none-eabi/12.2.1/thumb/v7-m/nofp\libc_nano.a(libc_a-findfp.o)
 .text.cleanup_stdio
                0x00001e50       0x40 c:/siliconlabs/simplicitystudio/v5/developer/toolchains/gnu_arm/12.2.rel1_2023.7/bin/../lib/gcc/arm-none-eabi/12.2.1/thumb/v7-m/nofp\libc_nano.a(libc_a-findfp.o)
 .text.global_stdio_init.part.0
                0x00001e90       0x3c c:/siliconlabs/simplicitystudio/v5/developer/toolchains/gnu_arm/12.2.rel1_2023.7/bin/../lib/gcc/arm-none-eabi/12.2.1/thumb/v7-m/nofp\libc_nano.a(libc_a-findfp.o)
 .text.__sfp_lock_acquire
                0x00001ecc        0xc c:/siliconlabs/simplicitystudio/v5/developer/toolchains/gnu_arm/12.2.rel1_2023.7/bin/../lib/gcc/arm-none-eabi/12.2.1/thumb/v7-m/nofp\libc_nano.a(libc_a-findfp.o)
                0x00001ecc                __sfp_lock_acquire
 .text.__sfp_lock_release
                0x00001ed8        0xc c:/siliconlabs/simplicitystudio/v5/developer/toolchains/gnu_arm/12.2.rel1_2023.7/bin/../lib/gcc/arm-none-eabi/12.2.1/thumb/v7-m/nofp\libc_nano.a(libc_a-findfp.o)
                0x00001ed8                __sfp_lock_release
 .text.__sinit  0x00001ee4       0x30 c:/siliconlabs/simplicitystudio/v5/developer/toolchains/gnu_arm/12.2.rel1_2023.7/bin/../lib/gcc/arm-none-eabi/12.2.1/thumb/v7-m/nofp\libc_nano.a(libc_a-findfp.o)
                0x00001ee4                __sinit
 .text.time     0x00001f14       0x38 c:/siliconlabs/simplicitystudio/v5/developer/toolchains/gnu_arm/12.2.rel1_2023.7/bin/../lib/gcc/arm-none-eabi/12.2.1/thumb/v7-m/nofp\libc_nano.a(libc_a-time.o)
                0x00001f14                time
 .text._close_r
                0x00001f4c       0x20 c:/siliconlabs/simplicitystudio/v5/developer/toolchains/gnu_arm/12.2.rel1_2023.7/bin/../lib/gcc/arm-none-eabi/12.2.1/thumb/v7-m/nofp\libc_nano.a(libc_a-closer.o)
                0x00001f4c                _close_r
 .text._gettimeofday_r
                0x00001f6c       0x24 c:/siliconlabs/simplicitystudio/v5/developer/toolchains/gnu_arm/12.2.rel1_2023.7/bin/../lib/gcc/arm-none-eabi/12.2.1/thumb/v7-m/nofp\libc_nano.a(libc_a-gettimeofdayr.o)
                0x00001f6c                _gettimeofday_r
 .text._lseek_r
                0x00001f90       0x24 c:/siliconlabs/simplicitystudio/v5/developer/toolchains/gnu_arm/12.2.rel1_2023.7/bin/../lib/gcc/arm-none-eabi/12.2.1/thumb/v7-m/nofp\libc_nano.a(libc_a-lseekr.o)
                0x00001f90                _lseek_r
 .text._read_r  0x00001fb4       0x24 c:/siliconlabs/simplicitystudio/v5/developer/toolchains/gnu_arm/12.2.rel1_2023.7/bin/../lib/gcc/arm-none-eabi/12.2.1/thumb/v7-m/nofp\libc_nano.a(libc_a-readr.o)
                0x00001fb4                _read_r
 .text._write_r
                0x00001fd8       0x24 c:/siliconlabs/simplicitystudio/v5/developer/toolchains/gnu_arm/12.2.rel1_2023.7/bin/../lib/gcc/arm-none-eabi/12.2.1/thumb/v7-m/nofp\libc_nano.a(libc_a-writer.o)
                0x00001fd8                _write_r
 .text.__libc_init_array
                0x00001ffc       0x48 c:/siliconlabs/simplicitystudio/v5/developer/toolchains/gnu_arm/12.2.rel1_2023.7/bin/../lib/gcc/arm-none-eabi/12.2.1/thumb/v7-m/nofp\libc_nano.a(libc_a-init.o)
                0x00001ffc                __libc_init_array
 .text.__assert_func
                0x00002044       0x3c c:/siliconlabs/simplicitystudio/v5/developer/toolchains/gnu_arm/12.2.rel1_2023.7/bin/../lib/gcc/arm-none-eabi/12.2.1/thumb/v7-m/nofp\libc_nano.a(libc_a-assert.o)
                0x00002044                __assert_func
 .text._free_r  0x00002080       0x90 c:/siliconlabs/simplicitystudio/v5/developer/toolchains/gnu_arm/12.2.rel1_2023.7/bin/../lib/gcc/arm-none-eabi/12.2.1/thumb/v7-m/nofp\libc_nano.a(libc_a-freer.o)
                0x00002080                _free_r
 .text.malloc   0x00002110       0x10 c:/siliconlabs/simplicitystudio/v5/developer/toolchains/gnu_arm/12.2.rel1_2023.7/bin/../lib/gcc/arm-none-eabi/12.2.1/thumb/v7-m/nofp\libc_nano.a(libc_a-malloc.o)
                0x00002110                malloc
 .text.sbrk_aligned
                0x00002120       0x44 c:/siliconlabs/simplicitystudio/v5/developer/toolchains/gnu_arm/12.2.rel1_2023.7/bin/../lib/gcc/arm-none-eabi/12.2.1/thumb/v7-m/nofp\libc_nano.a(libc_a-mallocr.o)
 .text._malloc_r
                0x00002164       0xf0 c:/siliconlabs/simplicitystudio/v5/developer/toolchains/gnu_arm/12.2.rel1_2023.7/bin/../lib/gcc/arm-none-eabi/12.2.1/thumb/v7-m/nofp\libc_nano.a(libc_a-mallocr.o)
                0x00002164                _malloc_r
 .text.__malloc_lock
                0x00002254        0xc c:/siliconlabs/simplicitystudio/v5/developer/toolchains/gnu_arm/12.2.rel1_2023.7/bin/../lib/gcc/arm-none-eabi/12.2.1/thumb/v7-m/nofp\libc_nano.a(libc_a-mlock.o)
                0x00002254                __malloc_lock
 .text.__malloc_unlock
                0x00002260        0xc c:/siliconlabs/simplicitystudio/v5/developer/toolchains/gnu_arm/12.2.rel1_2023.7/bin/../lib/gcc/arm-none-eabi/12.2.1/thumb/v7-m/nofp\libc_nano.a(libc_a-mlock.o)
                0x00002260                __malloc_unlock
 .text.fprintf  0x0000226c       0x24 c:/siliconlabs/simplicitystudio/v5/developer/toolchains/gnu_arm/12.2.rel1_2023.7/bin/../lib/gcc/arm-none-eabi/12.2.1/thumb/v7-m/nofp\libc_nano.a(libc_a-fprintf.o)
                0x0000226c                fiprintf
                0x0000226c                fprintf
 .text._sbrk_r  0x00002290       0x20 c:/siliconlabs/simplicitystudio/v5/developer/toolchains/gnu_arm/12.2.rel1_2023.7/bin/../lib/gcc/arm-none-eabi/12.2.1/thumb/v7-m/nofp\libc_nano.a(libc_a-sbrkr.o)
                0x00002290                _sbrk_r
 .text._vfprintf_r
                0x000022b0      0x230 c:/siliconlabs/simplicitystudio/v5/developer/toolchains/gnu_arm/12.2.rel1_2023.7/bin/../lib/gcc/arm-none-eabi/12.2.1/thumb/v7-m/nofp\libc_nano.a(libc_a-nano-vfprintf.o)
                0x000022b0                _vfprintf_r
                0x000022b0                _vfiprintf_r
 .text._printf_i
                0x000024e0      0x258 c:/siliconlabs/simplicitystudio/v5/developer/toolchains/gnu_arm/12.2.rel1_2023.7/bin/../lib/gcc/arm-none-eabi/12.2.1/thumb/v7-m/nofp\libc_nano.a(libc_a-nano-vfprintf_i.o)
                0x000024e0                _printf_i
 .text.__swsetup_r
                0x00002738       0xac c:/siliconlabs/simplicitystudio/v5/developer/toolchains/gnu_arm/12.2.rel1_2023.7/bin/../lib/gcc/arm-none-eabi/12.2.1/thumb/v7-m/nofp\libc_nano.a(libc_a-wsetup.o)
                0x00002738                __swsetup_r
 .text.raise    0x000027e4       0x10 c:/siliconlabs/simplicitystudio/v5/developer/toolchains/gnu_arm/12.2.rel1_2023.7/bin/../lib/gcc/arm-none-eabi/12.2.1/thumb/v7-m/nofp\libc_nano.a(libc_a-signal.o)
                0x000027e4                raise
 .text._kill_r  0x000027f4       0x24 c:/siliconlabs/simplicitystudio/v5/developer/toolchains/gnu_arm/12.2.rel1_2023.7/bin/../lib/gcc/arm-none-eabi/12.2.1/thumb/v7-m/nofp\libc_nano.a(libc_a-signalr.o)
                0x000027f4                _kill_r
 .text._fstat_r
                0x00002818       0x24 c:/siliconlabs/simplicitystudio/v5/developer/toolchains/gnu_arm/12.2.rel1_2023.7/bin/../lib/gcc/arm-none-eabi/12.2.1/thumb/v7-m/nofp\libc_nano.a(libc_a-fstatr.o)
                0x00002818                _fstat_r
 .text._isatty_r
                0x0000283c       0x20 c:/siliconlabs/simplicitystudio/v5/developer/toolchains/gnu_arm/12.2.rel1_2023.7/bin/../lib/gcc/arm-none-eabi/12.2.1/thumb/v7-m/nofp\libc_nano.a(libc_a-isattyr.o)
                0x0000283c                _isatty_r
 .text.startup.main
                0x0000285c       0x14 ./main.o
                0x0000285c                main
 .text.SegmentLCD_NumberOff
                0x00002870       0x4c ./segmentlcd.o
                0x00002870                SegmentLCD_NumberOff
 .text.sl_board_default_init
                0x000028bc        0x2 ./autogen/sl_board_default_init.o
                0x000028bc                sl_board_default_init
 .text.sl_driver_init
                0x000028be        0xe ./autogen/sl_event_handler.o
                0x000028be                sl_driver_init
 .text.sl_service_init
                0x000028cc        0x4 ./autogen/sl_event_handler.o
                0x000028cc                sl_service_init
 .text.sl_stack_init
                0x000028d0        0x2 ./autogen/sl_event_handler.o
                0x000028d0                sl_stack_init
 .text.sl_internal_app_init
                0x000028d2        0x2 ./autogen/sl_event_handler.o
                0x000028d2                sl_internal_app_init
 .text.sl_platform_process_action
                0x000028d4        0x2 ./autogen/sl_event_handler.o
                0x000028d4                sl_platform_process_action
 .text.sl_service_process_action
                0x000028d6        0x2 ./autogen/sl_event_handler.o
                0x000028d6                sl_service_process_action
 .text.sl_stack_process_action
                0x000028d8        0x2 ./autogen/sl_event_handler.o
                0x000028d8                sl_stack_process_action
 .text.sl_internal_app_process_action
                0x000028da        0x2 ./autogen/sl_event_handler.o
                0x000028da                sl_internal_app_process_action
 .text.sl_board_configure_vcom
                0x000028dc        0x4 ./gecko_sdk_4.4.4/hardware/board/src/sl_board_control_gpio.o
                0x000028dc                sl_board_configure_vcom
 .text.Default_Handler
                0x000028e0        0x2 ./gecko_sdk_4.4.4/platform/Device/SiliconLabs/EFM32GG/Source/startup_efm32gg.o
                0x000028e0                TIMER2_IRQHandler
                0x000028e0                DebugMon_Handler
                0x000028e0                USART0_TX_IRQHandler
                0x000028e0                I2C0_IRQHandler
                0x000028e0                HardFault_Handler
                0x000028e0                LEUART1_IRQHandler
                0x000028e0                SysTick_Handler
                0x000028e0                USART1_RX_IRQHandler
                0x000028e0                PendSV_Handler
                0x000028e0                NMI_Handler
                0x000028e0                I2C1_IRQHandler
                0x000028e0                TIMER3_IRQHandler
                0x000028e0                USART1_TX_IRQHandler
                0x000028e0                MSC_IRQHandler
                0x000028e0                ADC0_IRQHandler
                0x000028e0                UsageFault_Handler
                0x000028e0                LEUART0_IRQHandler
                0x000028e0                UART0_TX_IRQHandler
                0x000028e0                UART1_TX_IRQHandler
                0x000028e0                RTC_IRQHandler
                0x000028e0                TIMER0_IRQHandler
                0x000028e0                LCD_IRQHandler
                0x000028e0                PCNT2_IRQHandler
                0x000028e0                UART0_RX_IRQHandler
                0x000028e0                LETIMER0_IRQHandler
                0x000028e0                TIMER1_IRQHandler
                0x000028e0                USART2_RX_IRQHandler
                0x000028e0                Default_Handler
                0x000028e0                EMU_IRQHandler
                0x000028e0                PCNT0_IRQHandler
                0x000028e0                sl_app_properties
                0x000028e0                USB_IRQHandler
                0x000028e0                BURTC_IRQHandler
                0x000028e0                PCNT1_IRQHandler
                0x000028e0                ACMP0_IRQHandler
                0x000028e0                USART0_RX_IRQHandler
                0x000028e0                MemManage_Handler
                0x000028e0                SVC_Handler
                0x000028e0                DAC0_IRQHandler
                0x000028e0                UART1_RX_IRQHandler
                0x000028e0                CMU_IRQHandler
                0x000028e0                EBI_IRQHandler
                0x000028e0                LESENSE_IRQHandler
                0x000028e0                AES_IRQHandler
                0x000028e0                VCMP_IRQHandler
                0x000028e0                DMA_IRQHandler
                0x000028e0                BusFault_Handler
                0x000028e0                USART2_TX_IRQHandler
 .text.assertEFM
                0x000028e2        0x2 ./gecko_sdk_4.4.4/platform/common/src/sl_assert.o
                0x000028e2                assertEFM
 .text._close   0x000028e4        0x6 ./gecko_sdk_4.4.4/platform/common/src/sl_syscalls.o
                0x000028e4                _close
 .text._exit    0x000028ea        0x2 ./gecko_sdk_4.4.4/platform/common/src/sl_syscalls.o
                0x000028ea                _exit
 .text._fstat   0x000028ec        0x4 ./gecko_sdk_4.4.4/platform/common/src/sl_syscalls.o
                0x000028ec                _fstat
 .text._getpid  0x000028f0        0x4 ./gecko_sdk_4.4.4/platform/common/src/sl_syscalls.o
                0x000028f0                _getpid
 .text._isatty  0x000028f4        0x4 ./gecko_sdk_4.4.4/platform/common/src/sl_syscalls.o
                0x000028f4                _isatty
 .text._kill    0x000028f8        0x6 ./gecko_sdk_4.4.4/platform/common/src/sl_syscalls.o
                0x000028f8                _kill
 .text._lseek   0x000028fe        0x4 ./gecko_sdk_4.4.4/platform/common/src/sl_syscalls.o
                0x000028fe                _lseek
 .text._read    0x00002902        0x4 ./gecko_sdk_4.4.4/platform/common/src/sl_syscalls.o
                0x00002902                _read
 .text._write   0x00002906        0x4 ./gecko_sdk_4.4.4/platform/common/src/sl_syscalls.o
                0x00002906                _write
 .text._gettimeofday
                0x0000290a        0x4 ./gecko_sdk_4.4.4/platform/common/src/sl_syscalls.o
                0x0000290a                _gettimeofday
 .text.sl_button_init
                0x0000290e        0xa ./gecko_sdk_4.4.4/platform/driver/button/src/sl_button.o
                0x0000290e                sl_button_init
 .text.sl_button_on_change
                0x00002918        0x2 ./gecko_sdk_4.4.4/platform/driver/button/src/sl_button.o
                0x00002918                sl_button_on_change
 .text.sli_simple_button_on_change
                0x0000291a       0x28 ./gecko_sdk_4.4.4/platform/driver/button/src/sl_simple_button.o
 .text.sl_simple_button_get_state
                0x00002942        0x6 ./gecko_sdk_4.4.4/platform/driver/button/src/sl_simple_button.o
                0x00002942                sl_simple_button_get_state
 .text.sl_simple_button_poll_step
                0x00002948       0x52 ./gecko_sdk_4.4.4/platform/driver/button/src/sl_simple_button.o
                0x00002948                sl_simple_button_poll_step
 .text.sl_simple_button_enable
                0x0000299a       0x12 ./gecko_sdk_4.4.4/platform/driver/button/src/sl_simple_button.o
                0x0000299a                sl_simple_button_enable
 .text.sl_simple_button_disable
                0x000029ac       0x30 ./gecko_sdk_4.4.4/platform/driver/button/src/sl_simple_button.o
                0x000029ac                sl_simple_button_disable
 .text.CORE_EnterCritical
                0x000029dc        0x8 ./gecko_sdk_4.4.4/platform/emlib/src/em_core.o
                0x000029dc                CORE_EnterCritical
 .text.CORE_ExitCritical
                0x000029e4        0x6 ./gecko_sdk_4.4.4/platform/emlib/src/em_core.o
                0x000029e4                CORE_ExitCritical
 .text.CORE_EnterAtomic
                0x000029ea        0xc ./gecko_sdk_4.4.4/platform/emlib/src/em_core.o
                0x000029ea                CORE_EnterAtomic
 .text.CORE_ExitAtomic
                0x000029f6        0x6 ./gecko_sdk_4.4.4/platform/emlib/src/em_core.o
                0x000029f6                CORE_ExitAtomic
 .text.BUS_RegMaskedWrite
                0x000029fc       0x1e ./gecko_sdk_4.4.4/platform/emlib/src/em_gpio.o
 .text.sl_device_init_lfxo
                0x00002a1a       0x22 ./gecko_sdk_4.4.4/platform/service/device_init/src/sl_device_init_lfxo_s0.o
                0x00002a1a                sl_device_init_lfxo
 .text.sl_system_init
                0x00002a3c       0x1a ./gecko_sdk_4.4.4/platform/service/system/src/sl_system_init.o
                0x00002a3c                sl_system_init
 .text.sl_system_process_action
                0x00002a56       0x16 ./gecko_sdk_4.4.4/platform/service/system/src/sl_system_process_action.o
                0x00002a56                sl_system_process_action
 .text.abs      0x00002a6c        0x8 c:/siliconlabs/simplicitystudio/v5/developer/toolchains/gnu_arm/12.2.rel1_2023.7/bin/../lib/gcc/arm-none-eabi/12.2.1/thumb/v7-m/nofp\libc_nano.a(libc_a-abs.o)
                0x00002a6c                abs
 .text._fwalk_sglue
                0x00002a74       0x3c c:/siliconlabs/simplicitystudio/v5/developer/toolchains/gnu_arm/12.2.rel1_2023.7/bin/../lib/gcc/arm-none-eabi/12.2.1/thumb/v7-m/nofp\libc_nano.a(libc_a-fwalk.o)
                0x00002a74                _fwalk_sglue
 .text.__sread  0x00002ab0       0x22 c:/siliconlabs/simplicitystudio/v5/developer/toolchains/gnu_arm/12.2.rel1_2023.7/bin/../lib/gcc/arm-none-eabi/12.2.1/thumb/v7-m/nofp\libc_nano.a(libc_a-stdio.o)
                0x00002ab0                __sread
 .text.__swrite
                0x00002ad2       0x38 c:/siliconlabs/simplicitystudio/v5/developer/toolchains/gnu_arm/12.2.rel1_2023.7/bin/../lib/gcc/arm-none-eabi/12.2.1/thumb/v7-m/nofp\libc_nano.a(libc_a-stdio.o)
                0x00002ad2                __swrite
 .text.__sseek  0x00002b0a       0x24 c:/siliconlabs/simplicitystudio/v5/developer/toolchains/gnu_arm/12.2.rel1_2023.7/bin/../lib/gcc/arm-none-eabi/12.2.1/thumb/v7-m/nofp\libc_nano.a(libc_a-stdio.o)
                0x00002b0a                __sseek
 .text.__sclose
                0x00002b2e        0x8 c:/siliconlabs/simplicitystudio/v5/developer/toolchains/gnu_arm/12.2.rel1_2023.7/bin/../lib/gcc/arm-none-eabi/12.2.1/thumb/v7-m/nofp\libc_nano.a(libc_a-stdio.o)
                0x00002b2e                __sclose
 .text.memset   0x00002b36       0x10 c:/siliconlabs/simplicitystudio/v5/developer/toolchains/gnu_arm/12.2.rel1_2023.7/bin/../lib/gcc/arm-none-eabi/12.2.1/thumb/v7-m/nofp\libc_nano.a(libc_a-memset.o)
                0x00002b36                memset
 .text.__retarget_lock_init_recursive
                0x00002b46        0x2 c:/siliconlabs/simplicitystudio/v5/developer/toolchains/gnu_arm/12.2.rel1_2023.7/bin/../lib/gcc/arm-none-eabi/12.2.1/thumb/v7-m/nofp\libc_nano.a(libc_a-lock.o)
                0x00002b46                __retarget_lock_init_recursive
 .text.__retarget_lock_acquire_recursive
                0x00002b48        0x2 c:/siliconlabs/simplicitystudio/v5/developer/toolchains/gnu_arm/12.2.rel1_2023.7/bin/../lib/gcc/arm-none-eabi/12.2.1/thumb/v7-m/nofp\libc_nano.a(libc_a-lock.o)
                0x00002b48                __retarget_lock_acquire_recursive
 .text.__retarget_lock_release_recursive
                0x00002b4a        0x2 c:/siliconlabs/simplicitystudio/v5/developer/toolchains/gnu_arm/12.2.rel1_2023.7/bin/../lib/gcc/arm-none-eabi/12.2.1/thumb/v7-m/nofp\libc_nano.a(libc_a-lock.o)
                0x00002b4a                __retarget_lock_release_recursive
 .text          0x00002b4c       0x10 c:/siliconlabs/simplicitystudio/v5/developer/toolchains/gnu_arm/12.2.rel1_2023.7/bin/../lib/gcc/arm-none-eabi/12.2.1/thumb/v7-m/nofp\libc_nano.a(libc_a-strlen.o)
                0x00002b4c                strlen
 .text.__sflush_r
                0x00002b5c      0x100 c:/siliconlabs/simplicitystudio/v5/developer/toolchains/gnu_arm/12.2.rel1_2023.7/bin/../lib/gcc/arm-none-eabi/12.2.1/thumb/v7-m/nofp\libc_nano.a(libc_a-fflush.o)
                0x00002b5c                __sflush_r
 .text._fflush_r
                0x00002c5c       0x50 c:/siliconlabs/simplicitystudio/v5/developer/toolchains/gnu_arm/12.2.rel1_2023.7/bin/../lib/gcc/arm-none-eabi/12.2.1/thumb/v7-m/nofp\libc_nano.a(libc_a-fflush.o)
                0x00002c5c                _fflush_r
 .text.abort    0x00002cac        0xe c:/siliconlabs/simplicitystudio/v5/developer/toolchains/gnu_arm/12.2.rel1_2023.7/bin/../lib/gcc/arm-none-eabi/12.2.1/thumb/v7-m/nofp\libc_nano.a(libc_a-abort.o)
                0x00002cac                abort
 .text.__sfputc_r
                0x00002cba       0x2a c:/siliconlabs/simplicitystudio/v5/developer/toolchains/gnu_arm/12.2.rel1_2023.7/bin/../lib/gcc/arm-none-eabi/12.2.1/thumb/v7-m/nofp\libc_nano.a(libc_a-nano-vfprintf.o)
 .text.__sfputs_r
                0x00002ce4       0x24 c:/siliconlabs/simplicitystudio/v5/developer/toolchains/gnu_arm/12.2.rel1_2023.7/bin/../lib/gcc/arm-none-eabi/12.2.1/thumb/v7-m/nofp\libc_nano.a(libc_a-nano-vfprintf.o)
                0x00002ce4                __sfputs_r
 .text._printf_common
                0x00002d08       0xe4 c:/siliconlabs/simplicitystudio/v5/developer/toolchains/gnu_arm/12.2.rel1_2023.7/bin/../lib/gcc/arm-none-eabi/12.2.1/thumb/v7-m/nofp\libc_nano.a(libc_a-nano-vfprintf_i.o)
                0x00002d08                _printf_common
 .text.__swbuf_r
                0x00002dec       0x7c c:/siliconlabs/simplicitystudio/v5/developer/toolchains/gnu_arm/12.2.rel1_2023.7/bin/../lib/gcc/arm-none-eabi/12.2.1/thumb/v7-m/nofp\libc_nano.a(libc_a-wbuf.o)
                0x00002dec                __swbuf_r
 .text._raise_r
                0x00002e68       0x50 c:/siliconlabs/simplicitystudio/v5/developer/toolchains/gnu_arm/12.2.rel1_2023.7/bin/../lib/gcc/arm-none-eabi/12.2.1/thumb/v7-m/nofp\libc_nano.a(libc_a-signal.o)
                0x00002e68                _raise_r
 .text._getpid_r
                0x00002eb8        0x4 c:/siliconlabs/simplicitystudio/v5/developer/toolchains/gnu_arm/12.2.rel1_2023.7/bin/../lib/gcc/arm-none-eabi/12.2.1/thumb/v7-m/nofp\libc_nano.a(libc_a-signalr.o)
                0x00002eb8                _getpid_r
 .text.memchr   0x00002ebc       0x1c c:/siliconlabs/simplicitystudio/v5/developer/toolchains/gnu_arm/12.2.rel1_2023.7/bin/../lib/gcc/arm-none-eabi/12.2.1/thumb/v7-m/nofp\libc_nano.a(libc_a-memchr-stub.o)
                0x00002ebc                memchr
 .text.__swhatbuf_r
                0x00002ed8       0x4a c:/siliconlabs/simplicitystudio/v5/developer/toolchains/gnu_arm/12.2.rel1_2023.7/bin/../lib/gcc/arm-none-eabi/12.2.1/thumb/v7-m/nofp\libc_nano.a(libc_a-makebuf.o)
                0x00002ed8                __swhatbuf_r
 .text.__smakebuf_r
                0x00002f22       0x78 c:/siliconlabs/simplicitystudio/v5/developer/toolchains/gnu_arm/12.2.rel1_2023.7/bin/../lib/gcc/arm-none-eabi/12.2.1/thumb/v7-m/nofp\libc_nano.a(libc_a-makebuf.o)
                0x00002f22                __smakebuf_r
                0x00002fa0                . = ALIGN (0x20)
 *fill*         0x00002f9a        0x6 
                0x00002fa0                linker_code_end = .
 *(.init)
 .init          0x00002fa0        0x4 c:/siliconlabs/simplicitystudio/v5/developer/toolchains/gnu_arm/12.2.rel1_2023.7/bin/../lib/gcc/arm-none-eabi/12.2.1/thumb/v7-m/nofp/crti.o
                0x00002fa0                _init
 .init          0x00002fa4        0x8 c:/siliconlabs/simplicitystudio/v5/developer/toolchains/gnu_arm/12.2.rel1_2023.7/bin/../lib/gcc/arm-none-eabi/12.2.1/thumb/v7-m/nofp/crtn.o
 *(.fini)
 .fini          0x00002fac        0x4 c:/siliconlabs/simplicitystudio/v5/developer/toolchains/gnu_arm/12.2.rel1_2023.7/bin/../lib/gcc/arm-none-eabi/12.2.1/thumb/v7-m/nofp/crti.o
                0x00002fac                _fini
 .fini          0x00002fb0        0x8 c:/siliconlabs/simplicitystudio/v5/developer/toolchains/gnu_arm/12.2.rel1_2023.7/bin/../lib/gcc/arm-none-eabi/12.2.1/thumb/v7-m/nofp/crtn.o
 *crtbegin.o(.ctors)
 *crtbegin?.o(.ctors)
 *(EXCLUDE_FILE(*crtend.o *crtend?.o) .ctors)
 *(SORT_BY_NAME(.ctors.*))
 *(.ctors)
 *crtbegin.o(.dtors)
 *crtbegin?.o(.dtors)
 *(EXCLUDE_FILE(*crtend.o *crtend?.o) .dtors)
 *(SORT_BY_NAME(.dtors.*))
 *(.dtors)
                0x00002fb8                __code_classification_validator_start__ = .
                0x00002fd8                . = (. + 0x20)
 *fill*         0x00002fb8       0x20 
 *(code_classification_validator)
                0x00002fe0                . = ALIGN (0x20)
 *fill*         0x00002fd8        0x8 
                0x00002fe0                __code_classification_validator_end__ = .
 *(.rodata*)
 .rodata.app_init.str1.1
                0x00002fe0        0x7 ./app.o
 .rodata.display_game_over.str1.1
                0x00002fe7        0x6 ./display.o
 .rodata.CSWTCH.37
                0x00002fed        0xf ./segmentlcd.o
 .rodata.CSWTCH.36
                0x00002ffc        0xf ./segmentlcd.o
 *fill*         0x0000300b        0x1 
 .rodata.lcdInit
                0x0000300c       0x14 ./segmentlcd.o
 .rodata.Segment_Numbers
                0x00003020       0x22 ./segmentlcd.o
 .rodata.Segment_Alphabet
                0x00003042       0xb8 ./segmentlcd.o
 .rodata.EFM_Display
                0x000030fa      0x1fe ./segmentlcd.o
 .rodata.sl_button_btn1
                0x000032f8       0x18 ./autogen/sl_simple_button_instances.o
                0x000032f8                sl_button_btn1
 .rodata.sl_button_btn0
                0x00003310       0x18 ./autogen/sl_simple_button_instances.o
                0x00003310                sl_button_btn0
 .rodata.GPIO_PinInGet.str1.1
                0x00003328       0x4c ./gecko_sdk_4.4.4/platform/driver/button/src/sl_simple_button.o
 .rodata.sl_simple_button_init.str1.1
                0x00003374       0x5d ./gecko_sdk_4.4.4/platform/driver/button/src/sl_simple_button.o
 *fill*         0x000033d1        0x1 
 .rodata.CSWTCH.10
                0x000033d2        0xc ./gecko_sdk_4.4.4/platform/driver/button/src/sl_simple_button.o
 .rodata.CMU_DivToLog2.str1.1
                0x000033de       0x4b ./gecko_sdk_4.4.4/platform/emlib/src/em_cmu.o
 .rodata.auxClkGet.str1.1
                0x00003429       0x4b ./gecko_sdk_4.4.4/platform/emlib/src/em_cmu.o
 .rodata.CSWTCH.62
                0x00003474        0xa ./gecko_sdk_4.4.4/platform/emlib/src/em_cmu.o
 .rodata.CSWTCH.61
                0x0000347e        0xa ./gecko_sdk_4.4.4/platform/emlib/src/em_cmu.o
 .rodata.CSWTCH.60
                0x00003488        0x5 ./gecko_sdk_4.4.4/platform/emlib/src/em_cmu.o
 .rodata.CORE_NvicMaskSetIRQ.str1.1
                0x0000348d       0x4c ./gecko_sdk_4.4.4/platform/emlib/src/em_core.o
 .rodata.GPIO_PinOutSet.str1.1
                0x000034d9       0x4c ./gecko_sdk_4.4.4/platform/emlib/src/em_gpio.o
 .rodata.GPIO_DbgLocationSet.str1.1
                0x000034d9       0x4c ./gecko_sdk_4.4.4/platform/emlib/src/em_gpio.o
 .rodata.GPIO_ExtIntConfig.str1.1
                0x00003525       0x4b ./gecko_sdk_4.4.4/platform/emlib/src/em_gpio.o
 .rodata.CSWTCH.36
                0x00003570        0xc ./gecko_sdk_4.4.4/platform/emlib/src/em_gpio.o
 .rodata.BUS_RegBitWrite.str1.1
                0x0000357c       0x4b ./gecko_sdk_4.4.4/platform/emlib/src/em_lcd.o
 .rodata.LCD_Init.str1.1
                0x0000357c       0x4b ./gecko_sdk_4.4.4/platform/emlib/src/em_lcd.o
 .rodata.SYSTEM_ChipRevisionGet.str1.1
                0x000035c7       0x4e ./gecko_sdk_4.4.4/platform/emlib/src/em_system.o
 .rodata        0x00003615        0x5 ./gecko_sdk_4.4.4/platform/service/device_init/src/sl_device_init_emu_s0.o
 .rodata        0x0000361a        0x4 ./gecko_sdk_4.4.4/platform/service/device_init/src/sl_device_init_hfxo_s0.o
 .rodata.srand.str1.1
                0x0000361e       0x70 c:/siliconlabs/simplicitystudio/v5/developer/toolchains/gnu_arm/12.2.rel1_2023.7/bin/../lib/gcc/arm-none-eabi/12.2.1/thumb/v7-m/nofp\libc_nano.a(libc_a-rand.o)
 .rodata.__assert_func.str1.1
                0x0000368e       0x3c c:/siliconlabs/simplicitystudio/v5/developer/toolchains/gnu_arm/12.2.rel1_2023.7/bin/../lib/gcc/arm-none-eabi/12.2.1/thumb/v7-m/nofp\libc_nano.a(libc_a-assert.o)
                                 0x3d (size before relaxing)
 .rodata._vfprintf_r.str1.1
                0x000036ca       0x11 c:/siliconlabs/simplicitystudio/v5/developer/toolchains/gnu_arm/12.2.rel1_2023.7/bin/../lib/gcc/arm-none-eabi/12.2.1/thumb/v7-m/nofp\libc_nano.a(libc_a-nano-vfprintf.o)
 .rodata._printf_i.str1.1
                0x000036db       0x22 c:/siliconlabs/simplicitystudio/v5/developer/toolchains/gnu_arm/12.2.rel1_2023.7/bin/../lib/gcc/arm-none-eabi/12.2.1/thumb/v7-m/nofp\libc_nano.a(libc_a-nano-vfprintf_i.o)
 *(.eh_frame*)
 *fill*         0x000036fd        0x3 
 .eh_frame      0x00003700        0x0 c:/siliconlabs/simplicitystudio/v5/developer/toolchains/gnu_arm/12.2.rel1_2023.7/bin/../lib/gcc/arm-none-eabi/12.2.1/thumb/v7-m/nofp/crtbegin.o

.glue_7         0x00003700        0x0
 .glue_7        0x00003700        0x0 linker stubs

.glue_7t        0x00003700        0x0
 .glue_7t       0x00003700        0x0 linker stubs

.vfp11_veneer   0x00003700        0x0
 .vfp11_veneer  0x00003700        0x0 linker stubs

.v4_bx          0x00003700        0x0
 .v4_bx         0x00003700        0x0 linker stubs

.iplt           0x00003700        0x0
 .iplt          0x00003700        0x0 c:/siliconlabs/simplicitystudio/v5/developer/toolchains/gnu_arm/12.2.rel1_2023.7/bin/../lib/gcc/arm-none-eabi/12.2.1/thumb/v7-m/nofp/crtbegin.o

.ARM.extab
 *(.ARM.extab* .gnu.linkonce.armextab.*)
                0x00003700                __exidx_start = .

.ARM.exidx      0x00003700        0x8
 *(.ARM.exidx* .gnu.linkonce.armexidx.*)
 .ARM.exidx     0x00003700        0x8 c:/siliconlabs/simplicitystudio/v5/developer/toolchains/gnu_arm/12.2.rel1_2023.7/bin/../lib/gcc/arm-none-eabi/12.2.1/thumb/v7-m/nofp/crt0.o
                                 0x10 (size before relaxing)
                0x00003708                __exidx_end = .

.rel.dyn        0x00003708        0x0
 .rel.iplt      0x00003708        0x0 c:/siliconlabs/simplicitystudio/v5/developer/toolchains/gnu_arm/12.2.rel1_2023.7/bin/../lib/gcc/arm-none-eabi/12.2.1/thumb/v7-m/nofp/crtbegin.o

.copy.table     0x00003708        0xc
                0x00003708                . = ALIGN (0x4)
                0x00003708                __copy_table_start__ = .
                0x00003708        0x4 LONG 0x3714 __etext
                0x0000370c        0x4 LONG 0x20001000 __data_start__
                0x00003710        0x4 LONG 0x5c ((__data_end__ - __data_start__) / 0x4)
                0x00003714                __copy_table_end__ = .

.zero.table     0x00003714        0x0
                0x00003714                . = ALIGN (0x4)
                0x00003714                __zero_table_start__ = .
                0x00003714                __zero_table_end__ = .
                0x00003714                __etext = .
                0x20000000                . = ORIGIN (RAM)

.stack          0x20000000     0x1000
                0x20000000                __StackLimit = .
 *(.stack*)
 .stack         0x20000000     0x1000 ./gecko_sdk_4.4.4/platform/common/toolchain/src/sl_memory.o
                0x20001000                . = ALIGN (0x4)
                0x20001000                __StackTop = .
                0x20001000                PROVIDE (__stack = __StackTop)

.noinit
 *(.noinit*)

.data           0x20001000      0x170 load address 0x00003714
                0x20001000                . = ALIGN (0x4)
                0x20001000                __data_start__ = .
 *(vtable)
 *(SORT_BY_ALIGNMENT(.data*))
 .data.game_speed
                0x20001000       0x20 ./global_variables.o
                0x20001000                game_speed
 .data.bin      0x20001020        0x4 ./global_variables.o
                0x20001020                bin
 .data.SystemCoreClock
                0x20001024        0x4 ./gecko_sdk_4.4.4/platform/Device/SiliconLabs/EFM32GG/Source/system_efm32gg.o
                0x20001024                SystemCoreClock
 .data.SystemLFXOClock
                0x20001028        0x4 ./gecko_sdk_4.4.4/platform/Device/SiliconLabs/EFM32GG/Source/system_efm32gg.o
 .data.SystemHFXOClock
                0x2000102c        0x4 ./gecko_sdk_4.4.4/platform/Device/SiliconLabs/EFM32GG/Source/system_efm32gg.o
 .data.heap_end.0
                0x20001030        0x4 ./gecko_sdk_4.4.4/platform/common/toolchain/src/sl_memory.o
 .data.__sglue  0x20001034        0xc c:/siliconlabs/simplicitystudio/v5/developer/toolchains/gnu_arm/12.2.rel1_2023.7/bin/../lib/gcc/arm-none-eabi/12.2.1/thumb/v7-m/nofp\libc_nano.a(libc_a-findfp.o)
                0x20001034                __sglue
 .data._impure_ptr
                0x20001040        0x4 c:/siliconlabs/simplicitystudio/v5/developer/toolchains/gnu_arm/12.2.rel1_2023.7/bin/../lib/gcc/arm-none-eabi/12.2.1/thumb/v7-m/nofp\libc_nano.a(libc_a-impure.o)
                0x20001040                _impure_ptr
 .data._impure_data
                0x20001044       0x4c c:/siliconlabs/simplicitystudio/v5/developer/toolchains/gnu_arm/12.2.rel1_2023.7/bin/../lib/gcc/arm-none-eabi/12.2.1/thumb/v7-m/nofp\libc_nano.a(libc_a-impure.o)
                0x20001044                _impure_data
 .data.simple_btn1_context
                0x20001090        0x8 ./autogen/sl_simple_button_instances.o
                0x20001090                simple_btn1_context
 .data.simple_btn0_context
                0x20001098        0x8 ./autogen/sl_simple_button_instances.o
                0x20001098                simple_btn0_context
 .data.hfxo_precision
                0x200010a0        0x2 ./gecko_sdk_4.4.4/platform/emlib/src/em_cmu.o
 .data.lfxo_precision
                0x200010a2        0x2 ./gecko_sdk_4.4.4/platform/emlib/src/em_cmu.o
 .data.Text     0x200010a4       0xc4 ./segmentlcd_individual.o
                0x200010a4                Text
                0x20001168                . = ALIGN (0x4)
                [!provide]                PROVIDE (__ram_func_section_start = .)
 *(.ram)
                [!provide]                PROVIDE (__ram_func_section_end = .)
                0x20001168                . = ALIGN (0x4)
                0x20001168                PROVIDE (__preinit_array_start = .)
 *(.preinit_array)
                0x20001168                PROVIDE (__preinit_array_end = .)
                0x20001168                . = ALIGN (0x4)
                0x20001168                PROVIDE (__init_array_start = .)
 *(SORT_BY_NAME(.init_array.*))
 *(.init_array)
 .init_array    0x20001168        0x4 c:/siliconlabs/simplicitystudio/v5/developer/toolchains/gnu_arm/12.2.rel1_2023.7/bin/../lib/gcc/arm-none-eabi/12.2.1/thumb/v7-m/nofp/crtbegin.o
                0x2000116c                PROVIDE (__init_array_end = .)
                0x2000116c                . = ALIGN (0x4)
                [!provide]                PROVIDE (__fini_array_start = .)
 *(SORT_BY_NAME(.fini_array.*))
 *(.fini_array)
 .fini_array    0x2000116c        0x4 c:/siliconlabs/simplicitystudio/v5/developer/toolchains/gnu_arm/12.2.rel1_2023.7/bin/../lib/gcc/arm-none-eabi/12.2.1/thumb/v7-m/nofp/crtbegin.o
                [!provide]                PROVIDE (__fini_array_end = .)
                0x20001170                . = ALIGN (0x4)
                0x20001170                __data_end__ = .

.tm_clone_table
                0x20001170        0x0 load address 0x00003884
 .tm_clone_table
                0x20001170        0x0 c:/siliconlabs/simplicitystudio/v5/developer/toolchains/gnu_arm/12.2.rel1_2023.7/bin/../lib/gcc/arm-none-eabi/12.2.1/thumb/v7-m/nofp/crtbegin.o
 .tm_clone_table
                0x20001170        0x0 c:/siliconlabs/simplicitystudio/v5/developer/toolchains/gnu_arm/12.2.rel1_2023.7/bin/../lib/gcc/arm-none-eabi/12.2.1/thumb/v7-m/nofp/crtend.o

.igot.plt       0x20001170        0x0 load address 0x00003884
 .igot.plt      0x20001170        0x0 c:/siliconlabs/simplicitystudio/v5/developer/toolchains/gnu_arm/12.2.rel1_2023.7/bin/../lib/gcc/arm-none-eabi/12.2.1/thumb/v7-m/nofp/crtbegin.o

.bss            0x20001170      0x3a8 load address 0x00003884
                0x20001170                . = ALIGN (0x4)
                0x20001170                __bss_start__ = .
 *(SORT_BY_ALIGNMENT(.bss*))
 .bss.object.0  0x20001170       0x18 c:/siliconlabs/simplicitystudio/v5/developer/toolchains/gnu_arm/12.2.rel1_2023.7/bin/../lib/gcc/arm-none-eabi/12.2.1/thumb/v7-m/nofp/crtbegin.o
 .bss.start     0x20001188        0x4 ./global_variables.o
                0x20001188                start
 .bss.time_tick
                0x2000118c        0x4 ./global_variables.o
                0x2000118c                time_tick
 .bss.difficulty
                0x20001190        0x4 ./global_variables.o
                0x20001190                difficulty
 .bss.scoreNr   0x20001194        0x4 ./global_variables.o
                0x20001194                scoreNr
 .bss.caught    0x20001198        0x4 ./global_variables.o
                0x20001198                caught
 .bss.fallen    0x2000119c        0x4 ./global_variables.o
                0x2000119c                fallen
 .bss.banana    0x200011a0       0x1c ./global_variables.o
                0x200011a0                banana
 .bss.gpioCallbacks
                0x200011bc      0x200 ./gecko_sdk_4.4.4/platform/emdrv/gpiointerrupt/src/gpiointerrupt.o
 .bss.__sf      0x200013bc      0x138 c:/siliconlabs/simplicitystudio/v5/developer/toolchains/gnu_arm/12.2.rel1_2023.7/bin/../lib/gcc/arm-none-eabi/12.2.1/thumb/v7-m/nofp\libc_nano.a(libc_a-findfp.o)
                0x200013bc                __sf
 .bss.__stdio_exit_handler
                0x200014f4        0x4 c:/siliconlabs/simplicitystudio/v5/developer/toolchains/gnu_arm/12.2.rel1_2023.7/bin/../lib/gcc/arm-none-eabi/12.2.1/thumb/v7-m/nofp\libc_nano.a(libc_a-findfp.o)
                0x200014f4                __stdio_exit_handler
 .bss.errno     0x200014f8        0x4 c:/siliconlabs/simplicitystudio/v5/developer/toolchains/gnu_arm/12.2.rel1_2023.7/bin/../lib/gcc/arm-none-eabi/12.2.1/thumb/v7-m/nofp\libc_nano.a(libc_a-reent.o)
                0x200014f8                errno
 .bss.__malloc_sbrk_start
                0x200014fc        0x4 c:/siliconlabs/simplicitystudio/v5/developer/toolchains/gnu_arm/12.2.rel1_2023.7/bin/../lib/gcc/arm-none-eabi/12.2.1/thumb/v7-m/nofp\libc_nano.a(libc_a-mallocr.o)
                0x200014fc                __malloc_sbrk_start
 .bss.__malloc_free_list
                0x20001500        0x4 c:/siliconlabs/simplicitystudio/v5/developer/toolchains/gnu_arm/12.2.rel1_2023.7/bin/../lib/gcc/arm-none-eabi/12.2.1/thumb/v7-m/nofp\libc_nano.a(libc_a-mallocr.o)
                0x20001500                __malloc_free_list
 .bss.lower_segment
                0x20001504        0xe ./global_variables.o
                0x20001504                lower_segment
 .bss.completed.1
                0x20001512        0x1 c:/siliconlabs/simplicitystudio/v5/developer/toolchains/gnu_arm/12.2.rel1_2023.7/bin/../lib/gcc/arm-none-eabi/12.2.1/thumb/v7-m/nofp/crtbegin.o
 .bss.__lock___malloc_recursive_mutex
                0x20001513        0x1 c:/siliconlabs/simplicitystudio/v5/developer/toolchains/gnu_arm/12.2.rel1_2023.7/bin/../lib/gcc/arm-none-eabi/12.2.1/thumb/v7-m/nofp\libc_nano.a(libc_a-lock.o)
                0x20001513                __lock___malloc_recursive_mutex
 .bss.__lock___sfp_recursive_mutex
                0x20001514        0x1 c:/siliconlabs/simplicitystudio/v5/developer/toolchains/gnu_arm/12.2.rel1_2023.7/bin/../lib/gcc/arm-none-eabi/12.2.1/thumb/v7-m/nofp\libc_nano.a(libc_a-lock.o)
                0x20001514                __lock___sfp_recursive_mutex
 *(COMMON)
                0x20001518                . = ALIGN (0x4)
 *fill*         0x20001515        0x3 
                0x20001518                __bss_end__ = .
                0x20001518                __ramfuncs_start__ = .
                0x20001518                __vma_ramfuncs_start__ = .
                0x00003884                __lma_ramfuncs_start__ = (__etext + SIZEOF (.data))
                0x00000000                __text_application_ram_offset__ = (. - __vma_ramfuncs_start__)

text_application_ram
                0x20001518        0x0 load address 0x00003884
                0x20001518                . = ALIGN (0x4)
                0x20001518                __text_application_ram_start__ = .
 *(text_application_ram)
                0x20001518                . = ALIGN (0x4)
                0x20001518                __text_application_ram_end__ = .
                0x20001518                . = ALIGN (0x4)
                0x20001518                __vma_ramfuncs_end__ = .
                0x00003884                __lma_ramfuncs_end__ = ((__lma_ramfuncs_start__ + __text_application_ram_offset__) + SIZEOF (text_application_ram))
                0x20001518                __ramfuncs_end__ = .

.heap           0x20001518      0x800
                0x20001518                __HeapBase = .
                0x20001518                __end__ = .
                0x20001518                end = __end__
                0x20001518                _end = __end__
 *(.heap*)
 .heap          0x20001518      0x800 ./gecko_sdk_4.4.4/platform/common/toolchain/src/sl_memory.o
                0x20020000                __HeapLimit = (ORIGIN (RAM) + LENGTH (RAM))
                0x0001eae8                __heap_size = (__HeapLimit - __HeapBase)
                0x20020000                __ram_end__ = 0x20020000
                0x00100000                __main_flash_end__ = 0x100000

.internal_storage
 *(.internal_storage*)

.nvm
 *(.simee*)
                0x00100000                linker_nvm_end = __main_flash_end__
                0x00100000                linker_nvm_begin = (linker_nvm_end - SIZEOF (.nvm))
                0x00000000                linker_nvm_size = SIZEOF (.nvm)
                0x00100000                linker_storage_end = linker_nvm_begin
                0x00100000                __nvm3Base = linker_nvm_begin
                0x00100000                linker_storage_begin = (linker_storage_end - SIZEOF (.internal_storage))
                0x00000000                linker_storage_size = SIZEOF (.internal_storage)
                0x00000001                ASSERT ((linker_storage_begin >= (__etext + SIZEOF (.data))), FLASH memory overflowed !)
OUTPUT(CatchTheBanana.axf elf32-littlearm)
LOAD linker stubs

.ARM.attributes
                0x00000000       0x29
 .ARM.attributes
                0x00000000       0x1d c:/siliconlabs/simplicitystudio/v5/developer/toolchains/gnu_arm/12.2.rel1_2023.7/bin/../lib/gcc/arm-none-eabi/12.2.1/thumb/v7-m/nofp/crti.o
 .ARM.attributes
                0x0000001d       0x2d c:/siliconlabs/simplicitystudio/v5/developer/toolchains/gnu_arm/12.2.rel1_2023.7/bin/../lib/gcc/arm-none-eabi/12.2.1/thumb/v7-m/nofp/crtbegin.o
 .ARM.attributes
                0x0000004a       0x1b c:/siliconlabs/simplicitystudio/v5/developer/toolchains/gnu_arm/12.2.rel1_2023.7/bin/../lib/gcc/arm-none-eabi/12.2.1/thumb/v7-m/nofp/crt0.o
 .ARM.attributes
                0x00000065       0x2d ./app.o
 .ARM.attributes
                0x00000092       0x2d ./bin.o
 .ARM.attributes
                0x000000bf       0x2d ./display.o
 .ARM.attributes
                0x000000ec       0x2d ./gamestart.o
 .ARM.attributes
                0x00000119       0x2d ./global_variables.o
 .ARM.attributes
                0x00000146       0x2d ./gpio.o
 .ARM.attributes
                0x00000173       0x2d ./main.o
 .ARM.attributes
                0x000001a0       0x2d ./score.o
 .ARM.attributes
                0x000001cd       0x2d ./segmentlcd.o
 .ARM.attributes
                0x000001fa       0x2d ./segmentlcd_individual.o
 .ARM.attributes
                0x00000227       0x2d ./autogen/sl_board_default_init.o
 .ARM.attributes
                0x00000254       0x2d ./autogen/sl_device_init_clocks.o
 .ARM.attributes
                0x00000281       0x2d ./autogen/sl_event_handler.o
 .ARM.attributes
                0x000002ae       0x2d ./autogen/sl_simple_button_instances.o
 .ARM.attributes
                0x000002db       0x2d ./gecko_sdk_4.4.4/hardware/board/src/sl_board_control_gpio.o
 .ARM.attributes
                0x00000308       0x2d ./gecko_sdk_4.4.4/hardware/board/src/sl_board_init.o
 .ARM.attributes
                0x00000335       0x2d ./gecko_sdk_4.4.4/platform/Device/SiliconLabs/EFM32GG/Source/startup_efm32gg.o
 .ARM.attributes
                0x00000362       0x2d ./gecko_sdk_4.4.4/platform/Device/SiliconLabs/EFM32GG/Source/system_efm32gg.o
 .ARM.attributes
                0x0000038f       0x2d ./gecko_sdk_4.4.4/platform/common/src/sl_assert.o
 .ARM.attributes
                0x000003bc       0x2d ./gecko_sdk_4.4.4/platform/common/src/sl_syscalls.o
 .ARM.attributes
                0x000003e9       0x2d ./gecko_sdk_4.4.4/platform/common/toolchain/src/sl_memory.o
 .ARM.attributes
                0x00000416       0x2d ./gecko_sdk_4.4.4/platform/driver/button/src/sl_button.o
 .ARM.attributes
                0x00000443       0x2d ./gecko_sdk_4.4.4/platform/driver/button/src/sl_simple_button.o
 .ARM.attributes
                0x00000470       0x2d ./gecko_sdk_4.4.4/platform/emdrv/gpiointerrupt/src/gpiointerrupt.o
 .ARM.attributes
                0x0000049d       0x2d ./gecko_sdk_4.4.4/platform/emlib/src/em_cmu.o
 .ARM.attributes
                0x000004ca       0x2d ./gecko_sdk_4.4.4/platform/emlib/src/em_core.o
 .ARM.attributes
                0x000004f7       0x2d ./gecko_sdk_4.4.4/platform/emlib/src/em_emu.o
 .ARM.attributes
                0x00000524       0x2d ./gecko_sdk_4.4.4/platform/emlib/src/em_gpio.o
 .ARM.attributes
                0x00000551       0x2d ./gecko_sdk_4.4.4/platform/emlib/src/em_lcd.o
 .ARM.attributes
                0x0000057e       0x2d ./gecko_sdk_4.4.4/platform/emlib/src/em_system.o
 .ARM.attributes
                0x000005ab       0x2d ./gecko_sdk_4.4.4/platform/service/device_init/src/sl_device_init_emu_s0.o
 .ARM.attributes
                0x000005d8       0x2d ./gecko_sdk_4.4.4/platform/service/device_init/src/sl_device_init_hfxo_s0.o
 .ARM.attributes
                0x00000605       0x2d ./gecko_sdk_4.4.4/platform/service/device_init/src/sl_device_init_lfxo_s0.o
 .ARM.attributes
                0x00000632       0x2d ./gecko_sdk_4.4.4/platform/service/device_init/src/sl_device_init_nvic.o
 .ARM.attributes
                0x0000065f       0x2d ./gecko_sdk_4.4.4/platform/service/system/src/sl_system_init.o
 .ARM.attributes
                0x0000068c       0x2d ./gecko_sdk_4.4.4/platform/service/system/src/sl_system_process_action.o
 .ARM.attributes
                0x000006b9       0x2d c:/siliconlabs/simplicitystudio/v5/developer/toolchains/gnu_arm/12.2.rel1_2023.7/bin/../lib/gcc/arm-none-eabi/12.2.1/thumb/v7-m/nofp\libc_nano.a(libc_a-abs.o)
 .ARM.attributes
                0x000006e6       0x2d c:/siliconlabs/simplicitystudio/v5/developer/toolchains/gnu_arm/12.2.rel1_2023.7/bin/../lib/gcc/arm-none-eabi/12.2.1/thumb/v7-m/nofp\libc_nano.a(libc_a-exit.o)
 .ARM.attributes
                0x00000713       0x2d c:/siliconlabs/simplicitystudio/v5/developer/toolchains/gnu_arm/12.2.rel1_2023.7/bin/../lib/gcc/arm-none-eabi/12.2.1/thumb/v7-m/nofp\libc_nano.a(libc_a-rand.o)
 .ARM.attributes
                0x00000740       0x2d c:/siliconlabs/simplicitystudio/v5/developer/toolchains/gnu_arm/12.2.rel1_2023.7/bin/../lib/gcc/arm-none-eabi/12.2.1/thumb/v7-m/nofp\libc_nano.a(libc_a-findfp.o)
 .ARM.attributes
                0x0000076d       0x2d c:/siliconlabs/simplicitystudio/v5/developer/toolchains/gnu_arm/12.2.rel1_2023.7/bin/../lib/gcc/arm-none-eabi/12.2.1/thumb/v7-m/nofp\libc_nano.a(libc_a-fwalk.o)
 .ARM.attributes
                0x0000079a       0x2d c:/siliconlabs/simplicitystudio/v5/developer/toolchains/gnu_arm/12.2.rel1_2023.7/bin/../lib/gcc/arm-none-eabi/12.2.1/thumb/v7-m/nofp\libc_nano.a(libc_a-stdio.o)
 .ARM.attributes
                0x000007c7       0x2d c:/siliconlabs/simplicitystudio/v5/developer/toolchains/gnu_arm/12.2.rel1_2023.7/bin/../lib/gcc/arm-none-eabi/12.2.1/thumb/v7-m/nofp\libc_nano.a(libc_a-memset.o)
 .ARM.attributes
                0x000007f4       0x2d c:/siliconlabs/simplicitystudio/v5/developer/toolchains/gnu_arm/12.2.rel1_2023.7/bin/../lib/gcc/arm-none-eabi/12.2.1/thumb/v7-m/nofp\libc_nano.a(libc_a-time.o)
 .ARM.attributes
                0x00000821       0x2d c:/siliconlabs/simplicitystudio/v5/developer/toolchains/gnu_arm/12.2.rel1_2023.7/bin/../lib/gcc/arm-none-eabi/12.2.1/thumb/v7-m/nofp\libc_nano.a(libc_a-closer.o)
 .ARM.attributes
                0x0000084e       0x2d c:/siliconlabs/simplicitystudio/v5/developer/toolchains/gnu_arm/12.2.rel1_2023.7/bin/../lib/gcc/arm-none-eabi/12.2.1/thumb/v7-m/nofp\libc_nano.a(libc_a-reent.o)
 .ARM.attributes
                0x0000087b       0x2d c:/siliconlabs/simplicitystudio/v5/developer/toolchains/gnu_arm/12.2.rel1_2023.7/bin/../lib/gcc/arm-none-eabi/12.2.1/thumb/v7-m/nofp\libc_nano.a(libc_a-impure.o)
 .ARM.attributes
                0x000008a8       0x2d c:/siliconlabs/simplicitystudio/v5/developer/toolchains/gnu_arm/12.2.rel1_2023.7/bin/../lib/gcc/arm-none-eabi/12.2.1/thumb/v7-m/nofp\libc_nano.a(libc_a-gettimeofdayr.o)
 .ARM.attributes
                0x000008d5       0x2d c:/siliconlabs/simplicitystudio/v5/developer/toolchains/gnu_arm/12.2.rel1_2023.7/bin/../lib/gcc/arm-none-eabi/12.2.1/thumb/v7-m/nofp\libc_nano.a(libc_a-lseekr.o)
 .ARM.attributes
                0x00000902       0x2d c:/siliconlabs/simplicitystudio/v5/developer/toolchains/gnu_arm/12.2.rel1_2023.7/bin/../lib/gcc/arm-none-eabi/12.2.1/thumb/v7-m/nofp\libc_nano.a(libc_a-readr.o)
 .ARM.attributes
                0x0000092f       0x2d c:/siliconlabs/simplicitystudio/v5/developer/toolchains/gnu_arm/12.2.rel1_2023.7/bin/../lib/gcc/arm-none-eabi/12.2.1/thumb/v7-m/nofp\libc_nano.a(libc_a-writer.o)
 .ARM.attributes
                0x0000095c       0x2d c:/siliconlabs/simplicitystudio/v5/developer/toolchains/gnu_arm/12.2.rel1_2023.7/bin/../lib/gcc/arm-none-eabi/12.2.1/thumb/v7-m/nofp\libc_nano.a(libc_a-init.o)
 .ARM.attributes
                0x00000989       0x2d c:/siliconlabs/simplicitystudio/v5/developer/toolchains/gnu_arm/12.2.rel1_2023.7/bin/../lib/gcc/arm-none-eabi/12.2.1/thumb/v7-m/nofp\libc_nano.a(libc_a-lock.o)
 .ARM.attributes
                0x000009b6       0x17 c:/siliconlabs/simplicitystudio/v5/developer/toolchains/gnu_arm/12.2.rel1_2023.7/bin/../lib/gcc/arm-none-eabi/12.2.1/thumb/v7-m/nofp\libc_nano.a(libc_a-strlen.o)
 .ARM.attributes
                0x000009cd       0x2d c:/siliconlabs/simplicitystudio/v5/developer/toolchains/gnu_arm/12.2.rel1_2023.7/bin/../lib/gcc/arm-none-eabi/12.2.1/thumb/v7-m/nofp\libc_nano.a(libc_a-assert.o)
 .ARM.attributes
                0x000009fa       0x2d c:/siliconlabs/simplicitystudio/v5/developer/toolchains/gnu_arm/12.2.rel1_2023.7/bin/../lib/gcc/arm-none-eabi/12.2.1/thumb/v7-m/nofp\libc_nano.a(libc_a-freer.o)
 .ARM.attributes
                0x00000a27       0x2d c:/siliconlabs/simplicitystudio/v5/developer/toolchains/gnu_arm/12.2.rel1_2023.7/bin/../lib/gcc/arm-none-eabi/12.2.1/thumb/v7-m/nofp\libc_nano.a(libc_a-malloc.o)
 .ARM.attributes
                0x00000a54       0x2d c:/siliconlabs/simplicitystudio/v5/developer/toolchains/gnu_arm/12.2.rel1_2023.7/bin/../lib/gcc/arm-none-eabi/12.2.1/thumb/v7-m/nofp\libc_nano.a(libc_a-mallocr.o)
 .ARM.attributes
                0x00000a81       0x2d c:/siliconlabs/simplicitystudio/v5/developer/toolchains/gnu_arm/12.2.rel1_2023.7/bin/../lib/gcc/arm-none-eabi/12.2.1/thumb/v7-m/nofp\libc_nano.a(libc_a-mlock.o)
 .ARM.attributes
                0x00000aae       0x2d c:/siliconlabs/simplicitystudio/v5/developer/toolchains/gnu_arm/12.2.rel1_2023.7/bin/../lib/gcc/arm-none-eabi/12.2.1/thumb/v7-m/nofp\libc_nano.a(libc_a-fflush.o)
 .ARM.attributes
                0x00000adb       0x2d c:/siliconlabs/simplicitystudio/v5/developer/toolchains/gnu_arm/12.2.rel1_2023.7/bin/../lib/gcc/arm-none-eabi/12.2.1/thumb/v7-m/nofp\libc_nano.a(libc_a-fprintf.o)
 .ARM.attributes
                0x00000b08       0x2d c:/siliconlabs/simplicitystudio/v5/developer/toolchains/gnu_arm/12.2.rel1_2023.7/bin/../lib/gcc/arm-none-eabi/12.2.1/thumb/v7-m/nofp\libc_nano.a(libc_a-sbrkr.o)
 .ARM.attributes
                0x00000b35       0x2d c:/siliconlabs/simplicitystudio/v5/developer/toolchains/gnu_arm/12.2.rel1_2023.7/bin/../lib/gcc/arm-none-eabi/12.2.1/thumb/v7-m/nofp\libc_nano.a(libc_a-abort.o)
 .ARM.attributes
                0x00000b62       0x2d c:/siliconlabs/simplicitystudio/v5/developer/toolchains/gnu_arm/12.2.rel1_2023.7/bin/../lib/gcc/arm-none-eabi/12.2.1/thumb/v7-m/nofp\libc_nano.a(libc_a-nano-vfprintf.o)
 .ARM.attributes
                0x00000b8f       0x2d c:/siliconlabs/simplicitystudio/v5/developer/toolchains/gnu_arm/12.2.rel1_2023.7/bin/../lib/gcc/arm-none-eabi/12.2.1/thumb/v7-m/nofp\libc_nano.a(libc_a-nano-vfprintf_i.o)
 .ARM.attributes
                0x00000bbc       0x2d c:/siliconlabs/simplicitystudio/v5/developer/toolchains/gnu_arm/12.2.rel1_2023.7/bin/../lib/gcc/arm-none-eabi/12.2.1/thumb/v7-m/nofp\libc_nano.a(libc_a-wbuf.o)
 .ARM.attributes
                0x00000be9       0x2d c:/siliconlabs/simplicitystudio/v5/developer/toolchains/gnu_arm/12.2.rel1_2023.7/bin/../lib/gcc/arm-none-eabi/12.2.1/thumb/v7-m/nofp\libc_nano.a(libc_a-wsetup.o)
 .ARM.attributes
                0x00000c16       0x2d c:/siliconlabs/simplicitystudio/v5/developer/toolchains/gnu_arm/12.2.rel1_2023.7/bin/../lib/gcc/arm-none-eabi/12.2.1/thumb/v7-m/nofp\libc_nano.a(libc_a-signal.o)
 .ARM.attributes
                0x00000c43       0x2d c:/siliconlabs/simplicitystudio/v5/developer/toolchains/gnu_arm/12.2.rel1_2023.7/bin/../lib/gcc/arm-none-eabi/12.2.1/thumb/v7-m/nofp\libc_nano.a(libc_a-signalr.o)
 .ARM.attributes
                0x00000c70       0x2d c:/siliconlabs/simplicitystudio/v5/developer/toolchains/gnu_arm/12.2.rel1_2023.7/bin/../lib/gcc/arm-none-eabi/12.2.1/thumb/v7-m/nofp\libc_nano.a(libc_a-memchr-stub.o)
 .ARM.attributes
                0x00000c9d       0x2d c:/siliconlabs/simplicitystudio/v5/developer/toolchains/gnu_arm/12.2.rel1_2023.7/bin/../lib/gcc/arm-none-eabi/12.2.1/thumb/v7-m/nofp\libc_nano.a(libc_a-makebuf.o)
 .ARM.attributes
                0x00000cca       0x2d c:/siliconlabs/simplicitystudio/v5/developer/toolchains/gnu_arm/12.2.rel1_2023.7/bin/../lib/gcc/arm-none-eabi/12.2.1/thumb/v7-m/nofp\libc_nano.a(libc_a-fstatr.o)
 .ARM.attributes
                0x00000cf7       0x2d c:/siliconlabs/simplicitystudio/v5/developer/toolchains/gnu_arm/12.2.rel1_2023.7/bin/../lib/gcc/arm-none-eabi/12.2.1/thumb/v7-m/nofp\libc_nano.a(libc_a-isattyr.o)
 .ARM.attributes
                0x00000d24       0x2d c:/siliconlabs/simplicitystudio/v5/developer/toolchains/gnu_arm/12.2.rel1_2023.7/bin/../lib/gcc/arm-none-eabi/12.2.1/thumb/v7-m/nofp/crtend.o
 .ARM.attributes
                0x00000d51       0x1d c:/siliconlabs/simplicitystudio/v5/developer/toolchains/gnu_arm/12.2.rel1_2023.7/bin/../lib/gcc/arm-none-eabi/12.2.1/thumb/v7-m/nofp/crtn.o

.comment        0x00000000       0x45
 .comment       0x00000000       0x45 ./app.o
                                 0x46 (size before relaxing)
 .comment       0x00000045       0x46 ./bin.o
 .comment       0x00000045       0x46 ./display.o
 .comment       0x00000045       0x46 ./gamestart.o
 .comment       0x00000045       0x46 ./global_variables.o
 .comment       0x00000045       0x46 ./gpio.o
 .comment       0x00000045       0x46 ./main.o
 .comment       0x00000045       0x46 ./score.o
 .comment       0x00000045       0x46 ./segmentlcd.o
 .comment       0x00000045       0x46 ./segmentlcd_individual.o
 .comment       0x00000045       0x46 ./autogen/sl_board_default_init.o
 .comment       0x00000045       0x46 ./autogen/sl_device_init_clocks.o
 .comment       0x00000045       0x46 ./autogen/sl_event_handler.o
 .comment       0x00000045       0x46 ./autogen/sl_simple_button_instances.o
 .comment       0x00000045       0x46 ./gecko_sdk_4.4.4/hardware/board/src/sl_board_control_gpio.o
 .comment       0x00000045       0x46 ./gecko_sdk_4.4.4/hardware/board/src/sl_board_init.o
 .comment       0x00000045       0x46 ./gecko_sdk_4.4.4/platform/Device/SiliconLabs/EFM32GG/Source/startup_efm32gg.o
 .comment       0x00000045       0x46 ./gecko_sdk_4.4.4/platform/Device/SiliconLabs/EFM32GG/Source/system_efm32gg.o
 .comment       0x00000045       0x46 ./gecko_sdk_4.4.4/platform/common/src/sl_assert.o
 .comment       0x00000045       0x46 ./gecko_sdk_4.4.4/platform/common/src/sl_syscalls.o
 .comment       0x00000045       0x46 ./gecko_sdk_4.4.4/platform/common/toolchain/src/sl_memory.o
 .comment       0x00000045       0x46 ./gecko_sdk_4.4.4/platform/driver/button/src/sl_button.o
 .comment       0x00000045       0x46 ./gecko_sdk_4.4.4/platform/driver/button/src/sl_simple_button.o
 .comment       0x00000045       0x46 ./gecko_sdk_4.4.4/platform/emdrv/gpiointerrupt/src/gpiointerrupt.o
 .comment       0x00000045       0x46 ./gecko_sdk_4.4.4/platform/emlib/src/em_cmu.o
 .comment       0x00000045       0x46 ./gecko_sdk_4.4.4/platform/emlib/src/em_core.o
 .comment       0x00000045       0x46 ./gecko_sdk_4.4.4/platform/emlib/src/em_emu.o
 .comment       0x00000045       0x46 ./gecko_sdk_4.4.4/platform/emlib/src/em_gpio.o
 .comment       0x00000045       0x46 ./gecko_sdk_4.4.4/platform/emlib/src/em_lcd.o
 .comment       0x00000045       0x46 ./gecko_sdk_4.4.4/platform/emlib/src/em_system.o
 .comment       0x00000045       0x46 ./gecko_sdk_4.4.4/platform/service/device_init/src/sl_device_init_emu_s0.o
 .comment       0x00000045       0x46 ./gecko_sdk_4.4.4/platform/service/device_init/src/sl_device_init_hfxo_s0.o
 .comment       0x00000045       0x46 ./gecko_sdk_4.4.4/platform/service/device_init/src/sl_device_init_lfxo_s0.o
 .comment       0x00000045       0x46 ./gecko_sdk_4.4.4/platform/service/device_init/src/sl_device_init_nvic.o
 .comment       0x00000045       0x46 ./gecko_sdk_4.4.4/platform/service/system/src/sl_system_init.o
 .comment       0x00000045       0x46 ./gecko_sdk_4.4.4/platform/service/system/src/sl_system_process_action.o

.debug_line_str
                0x00000000      0x1c6
 .debug_line_str
                0x00000000       0xdf c:/siliconlabs/simplicitystudio/v5/developer/toolchains/gnu_arm/12.2.rel1_2023.7/bin/../lib/gcc/arm-none-eabi/12.2.1/thumb/v7-m/nofp/crt0.o
 .debug_line_str
                0x000000df       0xe7 c:/siliconlabs/simplicitystudio/v5/developer/toolchains/gnu_arm/12.2.rel1_2023.7/bin/../lib/gcc/arm-none-eabi/12.2.1/thumb/v7-m/nofp\libc_nano.a(libc_a-strlen.o)

.debug_info     0x00000000    0x10795
 .debug_info    0x00000000      0x2b6 ./app.o
 .debug_info    0x000002b6      0x204 ./bin.o
 .debug_info    0x000004ba      0x450 ./display.o
 .debug_info    0x0000090a      0x15c ./gamestart.o
 .debug_info    0x00000a66      0x2e4 ./global_variables.o
 .debug_info    0x00000d4a      0xa15 ./gpio.o
 .debug_info    0x0000175f       0xa1 ./main.o
 .debug_info    0x00001800      0x130 ./score.o
 .debug_info    0x00001930     0x2151 ./segmentlcd.o
 .debug_info    0x00003a81      0x7b5 ./segmentlcd_individual.o
 .debug_info    0x00004236       0x86 ./autogen/sl_board_default_init.o
 .debug_info    0x000042bc      0x576 ./autogen/sl_device_init_clocks.o
 .debug_info    0x00004832      0x47e ./autogen/sl_event_handler.o
 .debug_info    0x00004cb0      0x3f2 ./autogen/sl_simple_button_instances.o
 .debug_info    0x000050a2      0x525 ./gecko_sdk_4.4.4/hardware/board/src/sl_board_control_gpio.o
 .debug_info    0x000055c7      0x2b6 ./gecko_sdk_4.4.4/hardware/board/src/sl_board_init.o
 .debug_info    0x0000587d      0x322 ./gecko_sdk_4.4.4/platform/Device/SiliconLabs/EFM32GG/Source/startup_efm32gg.o
 .debug_info    0x00005b9f      0x828 ./gecko_sdk_4.4.4/platform/Device/SiliconLabs/EFM32GG/Source/system_efm32gg.o
 .debug_info    0x000063c7       0x86 ./gecko_sdk_4.4.4/platform/common/src/sl_assert.o
 .debug_info    0x0000644d      0x306 ./gecko_sdk_4.4.4/platform/common/src/sl_syscalls.o
 .debug_info    0x00006753      0x205 ./gecko_sdk_4.4.4/platform/common/toolchain/src/sl_memory.o
 .debug_info    0x00006958      0x2d6 ./gecko_sdk_4.4.4/platform/driver/button/src/sl_button.o
 .debug_info    0x00006c2e      0xc26 ./gecko_sdk_4.4.4/platform/driver/button/src/sl_simple_button.o
 .debug_info    0x00007854      0xbda ./gecko_sdk_4.4.4/platform/emdrv/gpiointerrupt/src/gpiointerrupt.o
 .debug_info    0x0000842e     0x2d75 ./gecko_sdk_4.4.4/platform/emlib/src/em_cmu.o
 .debug_info    0x0000b1a3     0x1172 ./gecko_sdk_4.4.4/platform/emlib/src/em_core.o
 .debug_info    0x0000c315     0x16df ./gecko_sdk_4.4.4/platform/emlib/src/em_emu.o
 .debug_info    0x0000d9f4      0xaab ./gecko_sdk_4.4.4/platform/emlib/src/em_gpio.o
 .debug_info    0x0000e49f      0xfe2 ./gecko_sdk_4.4.4/platform/emlib/src/em_lcd.o
 .debug_info    0x0000f481      0x67f ./gecko_sdk_4.4.4/platform/emlib/src/em_system.o
 .debug_info    0x0000fb00      0x18d ./gecko_sdk_4.4.4/platform/service/device_init/src/sl_device_init_emu_s0.o
 .debug_info    0x0000fc8d      0x209 ./gecko_sdk_4.4.4/platform/service/device_init/src/sl_device_init_hfxo_s0.o
 .debug_info    0x0000fe96      0x206 ./gecko_sdk_4.4.4/platform/service/device_init/src/sl_device_init_lfxo_s0.o
 .debug_info    0x0001009c      0x5bf ./gecko_sdk_4.4.4/platform/service/device_init/src/sl_device_init_nvic.o
 .debug_info    0x0001065b       0xa7 ./gecko_sdk_4.4.4/platform/service/system/src/sl_system_init.o
 .debug_info    0x00010702       0x93 ./gecko_sdk_4.4.4/platform/service/system/src/sl_system_process_action.o

.debug_abbrev   0x00000000     0x3f6b
 .debug_abbrev  0x00000000      0x167 ./app.o
 .debug_abbrev  0x00000167       0xdf ./bin.o
 .debug_abbrev  0x00000246      0x1f3 ./display.o
 .debug_abbrev  0x00000439       0xdf ./gamestart.o
 .debug_abbrev  0x00000518       0xce ./global_variables.o
 .debug_abbrev  0x000005e6      0x1d0 ./gpio.o
 .debug_abbrev  0x000007b6       0x5d ./main.o
 .debug_abbrev  0x00000813       0xd6 ./score.o
 .debug_abbrev  0x000008e9      0x36f ./segmentlcd.o
 .debug_abbrev  0x00000c58      0x1cb ./segmentlcd_individual.o
 .debug_abbrev  0x00000e23       0x46 ./autogen/sl_board_default_init.o
 .debug_abbrev  0x00000e69      0x13c ./autogen/sl_device_init_clocks.o
 .debug_abbrev  0x00000fa5      0x1f3 ./autogen/sl_event_handler.o
 .debug_abbrev  0x00001198      0x18a ./autogen/sl_simple_button_instances.o
 .debug_abbrev  0x00001322      0x1af ./gecko_sdk_4.4.4/hardware/board/src/sl_board_control_gpio.o
 .debug_abbrev  0x000014d1      0x10b ./gecko_sdk_4.4.4/hardware/board/src/sl_board_init.o
 .debug_abbrev  0x000015dc      0x1c8 ./gecko_sdk_4.4.4/platform/Device/SiliconLabs/EFM32GG/Source/startup_efm32gg.o
 .debug_abbrev  0x000017a4      0x246 ./gecko_sdk_4.4.4/platform/Device/SiliconLabs/EFM32GG/Source/system_efm32gg.o
 .debug_abbrev  0x000019ea       0x6c ./gecko_sdk_4.4.4/platform/common/src/sl_assert.o
 .debug_abbrev  0x00001a56      0x143 ./gecko_sdk_4.4.4/platform/common/src/sl_syscalls.o
 .debug_abbrev  0x00001b99      0x11e ./gecko_sdk_4.4.4/platform/common/toolchain/src/sl_memory.o
 .debug_abbrev  0x00001cb7      0x131 ./gecko_sdk_4.4.4/platform/driver/button/src/sl_button.o
 .debug_abbrev  0x00001de8      0x368 ./gecko_sdk_4.4.4/platform/driver/button/src/sl_simple_button.o
 .debug_abbrev  0x00002150      0x366 ./gecko_sdk_4.4.4/platform/emdrv/gpiointerrupt/src/gpiointerrupt.o
 .debug_abbrev  0x000024b6      0x4db ./gecko_sdk_4.4.4/platform/emlib/src/em_cmu.o
 .debug_abbrev  0x00002991      0x33e ./gecko_sdk_4.4.4/platform/emlib/src/em_core.o
 .debug_abbrev  0x00002ccf      0x460 ./gecko_sdk_4.4.4/platform/emlib/src/em_emu.o
 .debug_abbrev  0x0000312f      0x2e0 ./gecko_sdk_4.4.4/platform/emlib/src/em_gpio.o
 .debug_abbrev  0x0000340f      0x3aa ./gecko_sdk_4.4.4/platform/emlib/src/em_lcd.o
 .debug_abbrev  0x000037b9      0x27a ./gecko_sdk_4.4.4/platform/emlib/src/em_system.o
 .debug_abbrev  0x00003a33      0x107 ./gecko_sdk_4.4.4/platform/service/device_init/src/sl_device_init_emu_s0.o
 .debug_abbrev  0x00003b3a      0x11a ./gecko_sdk_4.4.4/platform/service/device_init/src/sl_device_init_hfxo_s0.o
 .debug_abbrev  0x00003c54      0x105 ./gecko_sdk_4.4.4/platform/service/device_init/src/sl_device_init_lfxo_s0.o
 .debug_abbrev  0x00003d59      0x15a ./gecko_sdk_4.4.4/platform/service/device_init/src/sl_device_init_nvic.o
 .debug_abbrev  0x00003eb3       0x5c ./gecko_sdk_4.4.4/platform/service/system/src/sl_system_init.o
 .debug_abbrev  0x00003f0f       0x5c ./gecko_sdk_4.4.4/platform/service/system/src/sl_system_process_action.o

.debug_loc      0x00000000     0x8c0e
 .debug_loc     0x00000000       0xa2 ./app.o
 .debug_loc     0x000000a2      0x171 ./display.o
 .debug_loc     0x00000213       0x84 ./gamestart.o
 .debug_loc     0x00000297      0x108 ./gpio.o
 .debug_loc     0x0000039f       0x20 ./main.o
 .debug_loc     0x000003bf       0x62 ./score.o
 .debug_loc     0x00000421     0x15a5 ./segmentlcd.o
 .debug_loc     0x000019c6      0x232 ./segmentlcd_individual.o
 .debug_loc     0x00001bf8       0x20 ./autogen/sl_device_init_clocks.o
 .debug_loc     0x00001c18       0x79 ./autogen/sl_event_handler.o
 .debug_loc     0x00001c91       0x58 ./autogen/sl_simple_button_instances.o
 .debug_loc     0x00001ce9      0x24a ./gecko_sdk_4.4.4/hardware/board/src/sl_board_control_gpio.o
 .debug_loc     0x00001f33       0x2c ./gecko_sdk_4.4.4/hardware/board/src/sl_board_init.o
 .debug_loc     0x00001f5f       0x8e ./gecko_sdk_4.4.4/platform/Device/SiliconLabs/EFM32GG/Source/startup_efm32gg.o
 .debug_loc     0x00001fed       0xae ./gecko_sdk_4.4.4/platform/Device/SiliconLabs/EFM32GG/Source/system_efm32gg.o
 .debug_loc     0x0000209b       0x2a ./gecko_sdk_4.4.4/platform/common/src/sl_assert.o
 .debug_loc     0x000020c5      0x118 ./gecko_sdk_4.4.4/platform/common/src/sl_syscalls.o
 .debug_loc     0x000021dd       0xa9 ./gecko_sdk_4.4.4/platform/common/toolchain/src/sl_memory.o
 .debug_loc     0x00002286      0x11a ./gecko_sdk_4.4.4/platform/driver/button/src/sl_button.o
 .debug_loc     0x000023a0      0x540 ./gecko_sdk_4.4.4/platform/driver/button/src/sl_simple_button.o
 .debug_loc     0x000028e0      0x3dc ./gecko_sdk_4.4.4/platform/emdrv/gpiointerrupt/src/gpiointerrupt.o
 .debug_loc     0x00002cbc     0x29db ./gecko_sdk_4.4.4/platform/emlib/src/em_cmu.o
 .debug_loc     0x00005697      0x926 ./gecko_sdk_4.4.4/platform/emlib/src/em_core.o
 .debug_loc     0x00005fbd      0x892 ./gecko_sdk_4.4.4/platform/emlib/src/em_emu.o
 .debug_loc     0x0000684f      0x94d ./gecko_sdk_4.4.4/platform/emlib/src/em_gpio.o
 .debug_loc     0x0000719c     0x179e ./gecko_sdk_4.4.4/platform/emlib/src/em_lcd.o
 .debug_loc     0x0000893a      0x17f ./gecko_sdk_4.4.4/platform/emlib/src/em_system.o
 .debug_loc     0x00008ab9       0x2c ./gecko_sdk_4.4.4/platform/service/device_init/src/sl_device_init_emu_s0.o
 .debug_loc     0x00008ae5       0x2c ./gecko_sdk_4.4.4/platform/service/device_init/src/sl_device_init_hfxo_s0.o
 .debug_loc     0x00008b11       0x2c ./gecko_sdk_4.4.4/platform/service/device_init/src/sl_device_init_lfxo_s0.o
 .debug_loc     0x00008b3d       0x79 ./gecko_sdk_4.4.4/platform/service/device_init/src/sl_device_init_nvic.o
 .debug_loc     0x00008bb6       0x2c ./gecko_sdk_4.4.4/platform/service/system/src/sl_system_init.o
 .debug_loc     0x00008be2       0x2c ./gecko_sdk_4.4.4/platform/service/system/src/sl_system_process_action.o

.debug_aranges  0x00000000      0xb08
 .debug_aranges
                0x00000000       0x28 ./app.o
 .debug_aranges
                0x00000028       0x28 ./bin.o
 .debug_aranges
                0x00000050       0x30 ./display.o
 .debug_aranges
                0x00000080       0x30 ./gamestart.o
 .debug_aranges
                0x000000b0       0x18 ./global_variables.o
 .debug_aranges
                0x000000c8       0x28 ./gpio.o
 .debug_aranges
                0x000000f0       0x20 ./main.o
 .debug_aranges
                0x00000110       0x28 ./score.o
 .debug_aranges
                0x00000138       0xa8 ./segmentlcd.o
 .debug_aranges
                0x000001e0       0x28 ./segmentlcd_individual.o
 .debug_aranges
                0x00000208       0x20 ./autogen/sl_board_default_init.o
 .debug_aranges
                0x00000228       0x20 ./autogen/sl_device_init_clocks.o
 .debug_aranges
                0x00000248       0x60 ./autogen/sl_event_handler.o
 .debug_aranges
                0x000002a8       0x28 ./autogen/sl_simple_button_instances.o
 .debug_aranges
                0x000002d0       0x70 ./gecko_sdk_4.4.4/hardware/board/src/sl_board_control_gpio.o
 .debug_aranges
                0x00000340       0x28 ./gecko_sdk_4.4.4/hardware/board/src/sl_board_init.o
 .debug_aranges
                0x00000368       0x28 ./gecko_sdk_4.4.4/platform/Device/SiliconLabs/EFM32GG/Source/startup_efm32gg.o
 .debug_aranges
                0x00000390       0x68 ./gecko_sdk_4.4.4/platform/Device/SiliconLabs/EFM32GG/Source/system_efm32gg.o
 .debug_aranges
                0x000003f8       0x20 ./gecko_sdk_4.4.4/platform/common/src/sl_assert.o
 .debug_aranges
                0x00000418       0x68 ./gecko_sdk_4.4.4/platform/common/src/sl_syscalls.o
 .debug_aranges
                0x00000480       0x30 ./gecko_sdk_4.4.4/platform/common/toolchain/src/sl_memory.o
 .debug_aranges
                0x000004b0       0x48 ./gecko_sdk_4.4.4/platform/driver/button/src/sl_button.o
 .debug_aranges
                0x000004f8       0x50 ./gecko_sdk_4.4.4/platform/driver/button/src/sl_simple_button.o
 .debug_aranges
                0x00000548       0x48 ./gecko_sdk_4.4.4/platform/emdrv/gpiointerrupt/src/gpiointerrupt.o
 .debug_aranges
                0x00000590      0x180 ./gecko_sdk_4.4.4/platform/emlib/src/em_cmu.o
 .debug_aranges
                0x00000710       0xe8 ./gecko_sdk_4.4.4/platform/emlib/src/em_core.o
 .debug_aranges
                0x000007f8       0xe8 ./gecko_sdk_4.4.4/platform/emlib/src/em_emu.o
 .debug_aranges
                0x000008e0       0x60 ./gecko_sdk_4.4.4/platform/emlib/src/em_gpio.o
 .debug_aranges
                0x00000940       0x90 ./gecko_sdk_4.4.4/platform/emlib/src/em_lcd.o
 .debug_aranges
                0x000009d0       0x78 ./gecko_sdk_4.4.4/platform/emlib/src/em_system.o
 .debug_aranges
                0x00000a48       0x20 ./gecko_sdk_4.4.4/platform/service/device_init/src/sl_device_init_emu_s0.o
 .debug_aranges
                0x00000a68       0x20 ./gecko_sdk_4.4.4/platform/service/device_init/src/sl_device_init_hfxo_s0.o
 .debug_aranges
                0x00000a88       0x20 ./gecko_sdk_4.4.4/platform/service/device_init/src/sl_device_init_lfxo_s0.o
 .debug_aranges
                0x00000aa8       0x20 ./gecko_sdk_4.4.4/platform/service/device_init/src/sl_device_init_nvic.o
 .debug_aranges
                0x00000ac8       0x20 ./gecko_sdk_4.4.4/platform/service/system/src/sl_system_init.o
 .debug_aranges
                0x00000ae8       0x20 ./gecko_sdk_4.4.4/platform/service/system/src/sl_system_process_action.o

.debug_ranges   0x00000000      0xfd0
 .debug_ranges  0x00000000       0x18 ./app.o
 .debug_ranges  0x00000018       0x18 ./bin.o
 .debug_ranges  0x00000030       0x50 ./display.o
 .debug_ranges  0x00000080       0x38 ./gamestart.o
 .debug_ranges  0x000000b8       0x18 ./gpio.o
 .debug_ranges  0x000000d0       0x10 ./main.o
 .debug_ranges  0x000000e0       0x18 ./score.o
 .debug_ranges  0x000000f8      0x120 ./segmentlcd.o
 .debug_ranges  0x00000218       0x48 ./segmentlcd_individual.o
 .debug_ranges  0x00000260       0x10 ./autogen/sl_board_default_init.o
 .debug_ranges  0x00000270       0x10 ./autogen/sl_device_init_clocks.o
 .debug_ranges  0x00000280       0x50 ./autogen/sl_event_handler.o
 .debug_ranges  0x000002d0       0x18 ./autogen/sl_simple_button_instances.o
 .debug_ranges  0x000002e8       0x60 ./gecko_sdk_4.4.4/hardware/board/src/sl_board_control_gpio.o
 .debug_ranges  0x00000348       0x18 ./gecko_sdk_4.4.4/hardware/board/src/sl_board_init.o
 .debug_ranges  0x00000360       0x80 ./gecko_sdk_4.4.4/platform/Device/SiliconLabs/EFM32GG/Source/startup_efm32gg.o
 .debug_ranges  0x000003e0       0x88 ./gecko_sdk_4.4.4/platform/Device/SiliconLabs/EFM32GG/Source/system_efm32gg.o
 .debug_ranges  0x00000468       0x10 ./gecko_sdk_4.4.4/platform/common/src/sl_assert.o
 .debug_ranges  0x00000478       0x58 ./gecko_sdk_4.4.4/platform/common/src/sl_syscalls.o
 .debug_ranges  0x000004d0       0x20 ./gecko_sdk_4.4.4/platform/common/toolchain/src/sl_memory.o
 .debug_ranges  0x000004f0       0x38 ./gecko_sdk_4.4.4/platform/driver/button/src/sl_button.o
 .debug_ranges  0x00000528       0x78 ./gecko_sdk_4.4.4/platform/driver/button/src/sl_simple_button.o
 .debug_ranges  0x000005a0       0x58 ./gecko_sdk_4.4.4/platform/emdrv/gpiointerrupt/src/gpiointerrupt.o
 .debug_ranges  0x000005f8      0x300 ./gecko_sdk_4.4.4/platform/emlib/src/em_cmu.o
 .debug_ranges  0x000008f8      0x1a0 ./gecko_sdk_4.4.4/platform/emlib/src/em_core.o
 .debug_ranges  0x00000a98      0x1d0 ./gecko_sdk_4.4.4/platform/emlib/src/em_emu.o
 .debug_ranges  0x00000c68      0x120 ./gecko_sdk_4.4.4/platform/emlib/src/em_gpio.o
 .debug_ranges  0x00000d88      0x138 ./gecko_sdk_4.4.4/platform/emlib/src/em_lcd.o
 .debug_ranges  0x00000ec0       0x68 ./gecko_sdk_4.4.4/platform/emlib/src/em_system.o
 .debug_ranges  0x00000f28       0x10 ./gecko_sdk_4.4.4/platform/service/device_init/src/sl_device_init_emu_s0.o
 .debug_ranges  0x00000f38       0x10 ./gecko_sdk_4.4.4/platform/service/device_init/src/sl_device_init_hfxo_s0.o
 .debug_ranges  0x00000f48       0x10 ./gecko_sdk_4.4.4/platform/service/device_init/src/sl_device_init_lfxo_s0.o
 .debug_ranges  0x00000f58       0x58 ./gecko_sdk_4.4.4/platform/service/device_init/src/sl_device_init_nvic.o
 .debug_ranges  0x00000fb0       0x10 ./gecko_sdk_4.4.4/platform/service/system/src/sl_system_init.o
 .debug_ranges  0x00000fc0       0x10 ./gecko_sdk_4.4.4/platform/service/system/src/sl_system_process_action.o

.debug_line     0x00000000     0xa27a
 .debug_line    0x00000000      0x2a9 ./app.o
 .debug_line    0x000002a9      0x1df ./bin.o
 .debug_line    0x00000488      0x2ef ./display.o
 .debug_line    0x00000777       0xf5 ./gamestart.o
 .debug_line    0x0000086c      0x168 ./global_variables.o
 .debug_line    0x000009d4      0x32f ./gpio.o
 .debug_line    0x00000d03       0xe2 ./main.o
 .debug_line    0x00000de5       0xc9 ./score.o
 .debug_line    0x00000eae      0xbfc ./segmentlcd.o
 .debug_line    0x00001aaa      0x3ca ./segmentlcd_individual.o