Archive member included to satisfy reference by file (symbol)

c:/siliconlabs/simplicitystudio/v5/developer/toolchains/gnu_arm/12.2.rel1_2023.7/bin/../lib/gcc/arm-none-eabi/12.2.1/thumb/v7-m/nofp\libc_nano.a(libc_a-abs.o)
                              ./segmentlcd.o (abs)
c:/siliconlabs/simplicitystudio/v5/developer/toolchains/gnu_arm/12.2.rel1_2023.7/bin/../lib/gcc/arm-none-eabi/12.2.1/thumb/v7-m/nofp\libc_nano.a(libc_a-exit.o)
                              c:/siliconlabs/simplicitystudio/v5/developer/toolchains/gnu_arm/12.2.rel1_2023.7/bin/../lib/gcc/arm-none-eabi/12.2.1/thumb/v7-m/nofp/crt0.o (exit)
c:/siliconlabs/simplicitystudio/v5/developer/toolchains/gnu_arm/12.2.rel1_2023.7/bin/../lib/gcc/arm-none-eabi/12.2.1/thumb/v7-m/nofp\libc_nano.a(libc_a-rand.o)
                              ./app.o (srand)
c:/siliconlabs/simplicitystudio/v5/developer/toolchains/gnu_arm/12.2.rel1_2023.7/bin/../lib/gcc/arm-none-eabi/12.2.1/thumb/v7-m/nofp\libc_nano.a(libc_a-findfp.o)
                              c:/siliconlabs/simplicitystudio/v5/developer/toolchains/gnu_arm/12.2.rel1_2023.7/bin/../lib/gcc/arm-none-eabi/12.2.1/thumb/v7-m/nofp\libc_nano.a(libc_a-exit.o) (__stdio_exit_handler)
c:/siliconlabs/simplicitystudio/v5/developer/toolchains/gnu_arm/12.2.rel1_2023.7/bin/../lib/gcc/arm-none-eabi/12.2.1/thumb/v7-m/nofp\libc_nano.a(libc_a-fwalk.o)
                              c:/siliconlabs/simplicitystudio/v5/developer/toolchains/gnu_arm/12.2.rel1_2023.7/bin/../lib/gcc/arm-none-eabi/12.2.1/thumb/v7-m/nofp\libc_nano.a(libc_a-findfp.o) (_fwalk_sglue)
c:/siliconlabs/simplicitystudio/v5/developer/toolchains/gnu_arm/12.2.rel1_2023.7/bin/../lib/gcc/arm-none-eabi/12.2.1/thumb/v7-m/nofp\libc_nano.a(libc_a-stdio.o)
                              c:/siliconlabs/simplicitystudio/v5/developer/toolchains/gnu_arm/12.2.rel1_2023.7/bin/../lib/gcc/arm-none-eabi/12.2.1/thumb/v7-m/nofp\libc_nano.a(libc_a-findfp.o) (__sread)
c:/siliconlabs/simplicitystudio/v5/developer/toolchains/gnu_arm/12.2.rel1_2023.7/bin/../lib/gcc/arm-none-eabi/12.2.1/thumb/v7-m/nofp\libc_nano.a(libc_a-memset.o)
                              c:/siliconlabs/simplicitystudio/v5/developer/toolchains/gnu_arm/12.2.rel1_2023.7/bin/../lib/gcc/arm-none-eabi/12.2.1/thumb/v7-m/nofp/crt0.o (memset)
c:/siliconlabs/simplicitystudio/v5/developer/toolchains/gnu_arm/12.2.rel1_2023.7/bin/../lib/gcc/arm-none-eabi/12.2.1/thumb/v7-m/nofp\libc_nano.a(libc_a-time.o)
                              ./app.o (time)
c:/siliconlabs/simplicitystudio/v5/developer/toolchains/gnu_arm/12.2.rel1_2023.7/bin/../lib/gcc/arm-none-eabi/12.2.1/thumb/v7-m/nofp\libc_nano.a(libc_a-closer.o)
                              c:/siliconlabs/simplicitystudio/v5/developer/toolchains/gnu_arm/12.2.rel1_2023.7/bin/../lib/gcc/arm-none-eabi/12.2.1/thumb/v7-m/nofp\libc_nano.a(libc_a-stdio.o) (_close_r)
c:/siliconlabs/simplicitystudio/v5/developer/toolchains/gnu_arm/12.2.rel1_2023.7/bin/../lib/gcc/arm-none-eabi/12.2.1/thumb/v7-m/nofp\libc_nano.a(libc_a-reent.o)
                              c:/siliconlabs/simplicitystudio/v5/developer/toolchains/gnu_arm/12.2.rel1_2023.7/bin/../lib/gcc/arm-none-eabi/12.2.1/thumb/v7-m/nofp\libc_nano.a(libc_a-closer.o) (errno)
c:/siliconlabs/simplicitystudio/v5/developer/toolchains/gnu_arm/12.2.rel1_2023.7/bin/../lib/gcc/arm-none-eabi/12.2.1/thumb/v7-m/nofp\libc_nano.a(libc_a-impure.o)
                              c:/siliconlabs/simplicitystudio/v5/developer/toolchains/gnu_arm/12.2.rel1_2023.7/bin/../lib/gcc/arm-none-eabi/12.2.1/thumb/v7-m/nofp\libc_nano.a(libc_a-rand.o) (_impure_ptr)
c:/siliconlabs/simplicitystudio/v5/developer/toolchains/gnu_arm/12.2.rel1_2023.7/bin/../lib/gcc/arm-none-eabi/12.2.1/thumb/v7-m/nofp\libc_nano.a(libc_a-gettimeofdayr.o)
                              c:/siliconlabs/simplicitystudio/v5/developer/toolchains/gnu_arm/12.2.rel1_2023.7/bin/../lib/gcc/arm-none-eabi/12.2.1/thumb/v7-m/nofp\libc_nano.a(libc_a-time.o) (_gettimeofday_r)
c:/siliconlabs/simplicitystudio/v5/developer/toolchains/gnu_arm/12.2.rel1_2023.7/bin/../lib/gcc/arm-none-eabi/12.2.1/thumb/v7-m/nofp\libc_nano.a(libc_a-lseekr.o)
                              c:/siliconlabs/simplicitystudio/v5/developer/toolchains/gnu_arm/12.2.rel1_2023.7/bin/../lib/gcc/arm-none-eabi/12.2.1/thumb/v7-m/nofp\libc_nano.a(libc_a-stdio.o) (_lseek_r)
c:/siliconlabs/simplicitystudio/v5/developer/toolchains/gnu_arm/12.2.rel1_2023.7/bin/../lib/gcc/arm-none-eabi/12.2.1/thumb/v7-m/nofp\libc_nano.a(libc_a-readr.o)
                              c:/siliconlabs/simplicitystudio/v5/developer/toolchains/gnu_arm/12.2.rel1_2023.7/bin/../lib/gcc/arm-none-eabi/12.2.1/thumb/v7-m/nofp\libc_nano.a(libc_a-stdio.o) (_read_r)
c:/siliconlabs/simplicitystudio/v5/developer/toolchains/gnu_arm/12.2.rel1_2023.7/bin/../lib/gcc/arm-none-eabi/12.2.1/thumb/v7-m/nofp\libc_nano.a(libc_a-writer.o)
[...]
Memory Configuration

Name             Origin             Length             Attributes
FLASH            0x00000000         0x00100000         xr
RAM              0x20000000         0x00020000         xrw
*default*        0x00000000         0xffffffff

Linker script and memory map

LOAD c:/siliconlabs/simplicitystudio/v5/developer/toolchains/gnu_arm/12.2.rel1_2023.7/bin/../lib/gcc/arm-none-eabi/12.2.1/thumb/v7-m/nofp/crti.o
LOAD c:/siliconlabs/simplicitystudio/v5/developer/toolchains/gnu_arm/12.2.rel1_2023.7/bin/../lib/gcc/arm-none-eabi/12.2.1/thumb/v7-m/nofp/crtbegin.o
LOAD c:/siliconlabs/simplicitystudio/v5/developer/toolchains/gnu_arm/12.2.rel1_2023.7/bin/../lib/gcc/arm-none-eabi/12.2.1/thumb/v7-m/nofp/crt0.o
START GROUP
LOAD ./app.o
LOAD ./bin.o
LOAD ./display.o
LOAD ./global_variables.o
LOAD ./main.o
LOAD ./score.o
LOAD ./segmentlcd.o
LOAD ./segmentlcd_individual.o
LOAD ./autogen/sl_board_default_init.o
LOAD ./autogen/sl_device_init_clocks.o
LOAD ./autogen/sl_event_handler.o
LOAD ./autogen/sl_simple_button_instances.o
LOAD ./gecko_sdk_4.4.4/hardware/board/src/sl_board_control_gpio.o
LOAD ./gecko_sdk_4.4.4/hardware/board/src/sl_board_init.o
LOAD ./gecko_sdk_4.4.4/platform/Device/SiliconLabs/EFM32GG/Source/startup_efm32gg.o
LOAD ./gecko_sdk_4.4.4/platform/Device/SiliconLabs/EFM32GG/Source/system_efm32gg.o
LOAD ./gecko_sdk_4.4.4/platform/common/src/sl_assert.o
LOAD ./gecko_sdk_4.4.4/platform/common/src/sl_syscalls.o
LOAD ./gecko_sdk_4.4.4/platform/common/toolchain/src/sl_memory.o
LOAD ./gecko_sdk_4.4.4/platform/driver/button/src/sl_button.o
LOAD ./gecko_sdk_4.4.4/platform/driver/button/src/sl_simple_button.o
LOAD ./gecko_sdk_4.4.4/platform/emdrv/gpiointerrupt/src/gpiointerrupt.o
LOAD ./gecko_sdk_4.4.4/platform/emlib/src/em_cmu.o
LOAD ./gecko_sdk_4.4.4/platform/emlib/src/em_core.o
LOAD ./gecko_sdk_4.4.4/platform/emlib/src/em_emu.o
LOAD ./gecko_sdk_4.4.4/platform/emlib/src/em_gpio.o
LOAD ./gecko_sdk_4.4.4/platform/emlib/src/em_lcd.o
LOAD ./gecko_sdk_4.4.4/platform/emlib/src/em_msc.o
LOAD ./gecko_sdk_4.4.4/platform/emlib/src/em_system.o
LOAD ./gecko_sdk_4.4.4/platform/service/device_init/src/sl_device_init_emu_s0.o
LOAD ./gecko_sdk_4.4.4/platform/service/device_init/src/sl_device_init_hfxo_s0.o
LOAD ./gecko_sdk_4.4.4/platform/service/device_init/src/sl_device_init_lfxo_s0.o
LOAD ./gecko_sdk_4.4.4/platform/service/device_init/src/sl_device_init_nvic.o
LOAD ./gecko_sdk_4.4.4/platform/service/system/src/sl_system_init.o
LOAD ./gecko_sdk_4.4.4/platform/service/system/src/sl_system_process_action.o
LOAD ./gecko_sdk_4.4.4/platform/service/udelay/src/sl_udelay.o
LOAD ./gecko_sdk_4.4.4/platform/service/udelay/src/sl_udelay_armv6m_gcc.o
LOAD c:/siliconlabs/simplicitystudio/v5/developer/toolchains/gnu_arm/12.2.rel1_2023.7/bin/../lib/gcc/arm-none-eabi/12.2.1/thumb/v7-m/nofp\libgcc.a
LOAD c:/siliconlabs/simplicitystudio/v5/developer/toolchains/gnu_arm/12.2.rel1_2023.7/bin/../lib/gcc/arm-none-eabi/12.2.1/thumb/v7-m/nofp\libc_nano.a
LOAD c:/siliconlabs/simplicitystudio/v5/developer/toolchains/gnu_arm/12.2.rel1_2023.7/bin/../lib/gcc/arm-none-eabi/12.2.1/thumb/v7-m/nofp\libm.a
LOAD c:/siliconlabs/simplicitystudio/v5/developer/toolchains/gnu_arm/12.2.rel1_2023.7/bin/../lib/gcc/arm-none-eabi/12.2.1/thumb/v7-m/nofp\libnosys.a
END GROUP
START GROUP
LOAD c:/siliconlabs/simplicitystudio/v5/developer/toolchains/gnu_arm/12.2.rel1_2023.7/bin/../lib/gcc/arm-none-eabi/12.2.1/thumb/v7-m/nofp\libgcc.a
LOAD c:/siliconlabs/simplicitystudio/v5/developer/toolchains/gnu_arm/12.2.rel1_2023.7/bin/../lib/gcc/arm-none-eabi/12.2.1/thumb/v7-m/nofp\libc_nano.a
LOAD c:/siliconlabs/simplicitystudio/v5/developer/toolchains/gnu_arm/12.2.rel1_2023.7/bin/../lib/gcc/arm-none-eabi/12.2.1/thumb/v7-m/nofp\libnosys.a
END GROUP
START GROUP
LOAD c:/siliconlabs/simplicitystudio/v5/developer/toolchains/gnu_arm/12.2.rel1_2023.7/bin/../lib/gcc/arm-none-eabi/12.2.1/thumb/v7-m/nofp\libgcc.a
LOAD c:/siliconlabs/simplicitystudio/v5/developer/toolchains/gnu_arm/12.2.rel1_2023.7/bin/../lib/gcc/arm-none-eabi/12.2.1/thumb/v7-m/nofp\libg_nano.a
LOAD c:/siliconlabs/simplicitystudio/v5/developer/toolchains/gnu_arm/12.2.rel1_2023.7/bin/../lib/gcc/arm-none-eabi/12.2.1/thumb/v7-m/nofp\libc_nano.a
END GROUP
START GROUP
LOAD c:/siliconlabs/simplicitystudio/v5/developer/toolchains/gnu_arm/12.2.rel1_2023.7/bin/../lib/gcc/arm-none-eabi/12.2.1/thumb/v7-m/nofp\libgcc.a
LOAD c:/siliconlabs/simplicitystudio/v5/developer/toolchains/gnu_arm/12.2.rel1_2023.7/bin/../lib/gcc/arm-none-eabi/12.2.1/thumb/v7-m/nofp\libc_nano.a
END GROUP
LOAD c:/siliconlabs/simplicitystudio/v5/developer/toolchains/gnu_arm/12.2.rel1_2023.7/bin/../lib/gcc/arm-none-eabi/12.2.1/thumb/v7-m/nofp/crtend.o
LOAD c:/siliconlabs/simplicitystudio/v5/developer/toolchains/gnu_arm/12.2.rel1_2023.7/bin/../lib/gcc/arm-none-eabi/12.2.1/thumb/v7-m/nofp/crtn.o

.text           0x00000000     0x3310
                0x00000000                linker_vectors_begin = .
 *(.vectors)
 .vectors       0x00000000       0xdc ./gecko_sdk_4.4.4/platform/Device/SiliconLabs/EFM32GG/Source/startup_efm32gg.o
                0x00000000                __Vectors
                0x000000dc                linker_vectors_end = .
                0x000000dc                __Vectors_End = .
                0x000000dc                __Vectors_Size = (__Vectors_End - __Vectors)
                0x000000dc                linker_code_begin = .
 *(SORT_BY_ALIGNMENT(.text*))
 *fill*         0x000000dc        0x4 
 .text          0x000000e0        0x8 ./gecko_sdk_4.4.4/platform/service/udelay/src/sl_udelay_armv6m_gcc.o
                0x000000e0                sli_delay_loop
 .text.deregister_tm_clones
                0x000000e8       0x1c c:/siliconlabs/simplicitystudio/v5/developer/toolchains/gnu_arm/12.2.rel1_2023.7/bin/../lib/gcc/arm-none-eabi/12.2.1/thumb/v7-m/nofp/crtbegin.o
 .text.register_tm_clones
                0x00000104       0x24 c:/siliconlabs/simplicitystudio/v5/developer/toolchains/gnu_arm/12.2.rel1_2023.7/bin/../lib/gcc/arm-none-eabi/12.2.1/thumb/v7-m/nofp/crtbegin.o
 .text.__do_global_dtors_aux
                0x00000128       0x28 c:/siliconlabs/simplicitystudio/v5/developer/toolchains/gnu_arm/12.2.rel1_2023.7/bin/../lib/gcc/arm-none-eabi/12.2.1/thumb/v7-m/nofp/crtbegin.o
 .text.frame_dummy
                0x00000150       0x24 c:/siliconlabs/simplicitystudio/v5/developer/toolchains/gnu_arm/12.2.rel1_2023.7/bin/../lib/gcc/arm-none-eabi/12.2.1/thumb/v7-m/nofp/crtbegin.o
 .text          0x00000174       0x7c c:/siliconlabs/simplicitystudio/v5/developer/toolchains/gnu_arm/12.2.rel1_2023.7/bin/../lib/gcc/arm-none-eabi/12.2.1/thumb/v7-m/nofp/crt0.o
                0x00000174                _stack_init
                0x0000017c                _start
                0x0000017c                _mainCRTStartup
 .text.app_process_action
                0x000001f0       0x28 ./app.o
                0x000001f0                app_process_action
 .text.display_score
                0x00000218       0x20 ./display.o
                0x00000218                display_score
 .text.display_catchthebanana
                0x00000238       0x94 ./display.o
                0x00000238                display_catchthebanana
 .text.LCD_SyncBusyDelay
                0x000002cc       0x10 ./segmentlcd.o
 .text.SegmentLCD_AllOff
                0x000002dc       0xac ./segmentlcd.o
                0x000002dc                SegmentLCD_AllOff
 .text.SegmentLCD_Init
                0x00000388       0xac ./segmentlcd.o
                0x00000388                SegmentLCD_Init
 .text.SegmentLCD_Number
                0x00000434       0xc4 ./segmentlcd.o
                0x00000434                SegmentLCD_Number
 .text.SegmentLCD_Symbol
                0x000004f8       0x28 ./segmentlcd.o
                0x000004f8                SegmentLCD_Symbol
 .text.SegmentLCD_LowerSegments
                0x00000520       0x58 ./segmentlcd_individual.o
                0x00000520                SegmentLCD_LowerSegments
 .text.sl_device_init_clocks
                0x00000578       0x50 ./autogen/sl_device_init_clocks.o
                0x00000578                sl_device_init_clocks
 .text.sl_platform_init
                0x000005c8       0x68 ./autogen/sl_event_handler.o
                0x000005c8                sl_platform_init
 .text.sl_simple_button_init_instances
                0x00000630       0x1c ./autogen/sl_simple_button_instances.o
                0x00000630                sl_simple_button_init_instances
 .text.sl_board_init
                0x0000064c       0x18 ./gecko_sdk_4.4.4/hardware/board/src/sl_board_init.o
                0x0000064c                sl_board_init
 .text.sl_board_preinit
                0x00000664        0xc ./gecko_sdk_4.4.4/hardware/board/src/sl_board_init.o
                0x00000664                sl_board_preinit
 .text.Reset_Handler
                0x00000670       0x60 ./gecko_sdk_4.4.4/platform/Device/SiliconLabs/EFM32GG/Source/startup_efm32gg.o
                0x00000670                Reset_Handler
 .text.SystemMaxCoreClockGet
                0x000006d0        0x8 ./gecko_sdk_4.4.4/platform/Device/SiliconLabs/EFM32GG/Source/system_efm32gg.o
                0x000006d0                SystemMaxCoreClockGet
 .text.SystemHFClockGet
                0x000006d8       0xc8 ./gecko_sdk_4.4.4/platform/Device/SiliconLabs/EFM32GG/Source/system_efm32gg.o
                0x000006d8                SystemHFClockGet
 .text.SystemCoreClockGet
                0x000007a0       0x20 ./gecko_sdk_4.4.4/platform/Device/SiliconLabs/EFM32GG/Source/system_efm32gg.o
                0x000007a0                SystemCoreClockGet
 .text.SystemHFXOClockGet
                0x000007c0        0xc ./gecko_sdk_4.4.4/platform/Device/SiliconLabs/EFM32GG/Source/system_efm32gg.o
                0x000007c0                SystemHFXOClockGet
 .text.SystemHFXOClockSet
                0x000007cc       0x1c ./gecko_sdk_4.4.4/platform/Device/SiliconLabs/EFM32GG/Source/system_efm32gg.o
                0x000007cc                SystemHFXOClockSet
 .text.SystemInit
                0x000007e8       0x10 ./gecko_sdk_4.4.4/platform/Device/SiliconLabs/EFM32GG/Source/system_efm32gg.o
                0x000007e8                SystemInit
 .text._sbrk    0x000007f8       0x20 ./gecko_sdk_4.4.4/platform/common/toolchain/src/sl_memory.o
                0x000007f8                _sbrk
 .text.GPIO_PinInGet
                0x00000818       0x40 ./gecko_sdk_4.4.4/platform/driver/button/src/sl_simple_button.o
 .text.sl_simple_button_init
                0x00000858       0x70 ./gecko_sdk_4.4.4/platform/driver/button/src/sl_simple_button.o
                0x00000858                sl_simple_button_init
 .text.GPIOINT_IRQDispatcher
                0x000008c8       0x38 ./gecko_sdk_4.4.4/platform/emdrv/gpiointerrupt/src/gpiointerrupt.o
 .text.GPIOINT_Init
                0x00000900       0x30 ./gecko_sdk_4.4.4/platform/emdrv/gpiointerrupt/src/gpiointerrupt.o
                0x00000900                GPIOINT_Init
 .text.GPIOINT_CallbackRegister
                0x00000930       0x24 ./gecko_sdk_4.4.4/platform/emdrv/gpiointerrupt/src/gpiointerrupt.o
                0x00000930                GPIOINT_CallbackRegister
 .text.GPIOINT_CallbackRegisterExt
                0x00000954       0x34 ./gecko_sdk_4.4.4/platform/emdrv/gpiointerrupt/src/gpiointerrupt.o
                0x00000954                GPIOINT_CallbackRegisterExt
 .text.GPIO_EVEN_IRQHandler
                0x00000988       0x24 ./gecko_sdk_4.4.4/platform/emdrv/gpiointerrupt/src/gpiointerrupt.o
                0x00000988                GPIO_EVEN_IRQHandler
 .text.GPIO_ODD_IRQHandler
                0x000009ac       0x24 ./gecko_sdk_4.4.4/platform/emdrv/gpiointerrupt/src/gpiointerrupt.o
                0x000009ac                GPIO_ODD_IRQHandler
 .text.CMU_DivToLog2
                0x000009d0       0x2c ./gecko_sdk_4.4.4/platform/emlib/src/em_cmu.o
 .text.syncReg  0x000009fc       0x14 ./gecko_sdk_4.4.4/platform/emlib/src/em_cmu.o
 .text.maxFreqHfle
                0x00000a10       0x64 ./gecko_sdk_4.4.4/platform/emlib/src/em_cmu.o
 .text.setHfLeConfig
                0x00000a74       0x40 ./gecko_sdk_4.4.4/platform/emlib/src/em_cmu.o
 .text.flashWaitStateControl.constprop.0
                0x00000ab4       0x64 ./gecko_sdk_4.4.4/platform/emlib/src/em_cmu.o
 .text.flashWaitStateMax
                0x00000b18       0x24 ./gecko_sdk_4.4.4/platform/emlib/src/em_cmu.o
 .text.CMU_UpdateWaitStates
                0x00000b3c       0x20 ./gecko_sdk_4.4.4/platform/emlib/src/em_cmu.o
                0x00000b3c                CMU_UpdateWaitStates
 .text.CMU_ClockDivSet
                0x00000b5c      0x238 ./gecko_sdk_4.4.4/platform/emlib/src/em_cmu.o
                0x00000b5c                CMU_ClockDivSet
 .text.CMU_ClockEnable
                0x00000d94       0x98 ./gecko_sdk_4.4.4/platform/emlib/src/em_cmu.o
                0x00000d94                CMU_ClockEnable
 .text.CMU_ClockSelectGet
                0x00000e2c       0xc8 ./gecko_sdk_4.4.4/platform/emlib/src/em_cmu.o
                0x00000e2c                CMU_ClockSelectGet
 .text.CMU_HFXOInit
                0x00000ef4       0x4c ./gecko_sdk_4.4.4/platform/emlib/src/em_cmu.o
                0x00000ef4                CMU_HFXOInit
 .text.CMU_LCDClkFDIVSet
                0x00000f40       0x34 ./gecko_sdk_4.4.4/platform/emlib/src/em_cmu.o
                0x00000f40                CMU_LCDClkFDIVSet
 .text.CMU_LFXOInit
                0x00000f74       0x70 ./gecko_sdk_4.4.4/platform/emlib/src/em_cmu.o
                0x00000f74                CMU_LFXOInit
 .text.CMU_LFXOPrecisionSet
                0x00000fe4        0xc ./gecko_sdk_4.4.4/platform/emlib/src/em_cmu.o
                0x00000fe4                CMU_LFXOPrecisionSet
 .text.CMU_HFXOPrecisionSet
                0x00000ff0        0xc ./gecko_sdk_4.4.4/platform/emlib/src/em_cmu.o
                0x00000ff0                CMU_HFXOPrecisionSet
 .text.CMU_OscillatorEnable
                0x00000ffc       0x58 ./gecko_sdk_4.4.4/platform/emlib/src/em_cmu.o
                0x00000ffc                CMU_OscillatorEnable
 .text.sli_em_cmu_HFClockSelectHFXO
                0x00001054       0x5c ./gecko_sdk_4.4.4/platform/emlib/src/em_cmu.o
                0x00001054                sli_em_cmu_HFClockSelectHFXO
 .text.CMU_ClockSelectSet
                0x000010b0      0x1c0 ./gecko_sdk_4.4.4/platform/emlib/src/em_cmu.o
                0x000010b0                CMU_ClockSelectSet
 .text.CORE_NvicIRQDisabled
                0x00001270       0x34 ./gecko_sdk_4.4.4/platform/emlib/src/em_core.o
                0x00001270                CORE_NvicIRQDisabled
 .text.EMU_EM4Init
                0x000012a4       0x30 ./gecko_sdk_4.4.4/platform/emlib/src/em_emu.o
                0x000012a4                EMU_EM4Init
 .text.GPIO_PinOutSet
                0x000012d4       0x3c ./gecko_sdk_4.4.4/platform/emlib/src/em_gpio.o
 .text.GPIO_PinOutClear
                0x00001310       0x3c ./gecko_sdk_4.4.4/platform/emlib/src/em_gpio.o
 .text.GPIO_ExtIntConfig
                0x0000134c       0xc8 ./gecko_sdk_4.4.4/platform/emlib/src/em_gpio.o
                0x0000134c                GPIO_ExtIntConfig
 .text.GPIO_PinModeSet
                0x00001414       0x90 ./gecko_sdk_4.4.4/platform/emlib/src/em_gpio.o
                0x00001414                GPIO_PinModeSet
 .text.BUS_RegBitWrite
                0x000014a4       0x2c ./gecko_sdk_4.4.4/platform/emlib/src/em_lcd.o
 .text.LCD_Init
                0x000014d0       0x50 ./gecko_sdk_4.4.4/platform/emlib/src/em_lcd.o
                0x000014d0                LCD_Init
 .text.LCD_VLCDSelect
                0x00001520       0x1c ./gecko_sdk_4.4.4/platform/emlib/src/em_lcd.o
                0x00001520                LCD_VLCDSelect
 .text.LCD_SegmentRangeEnable
                0x0000153c       0x18 ./gecko_sdk_4.4.4/platform/emlib/src/em_lcd.o
                0x0000153c                LCD_SegmentRangeEnable
 .text.LCD_SegmentSet
                0x00001554      0x130 ./gecko_sdk_4.4.4/platform/emlib/src/em_lcd.o
                0x00001554                LCD_SegmentSet
 .text.LCD_SegmentSetLow
                0x00001684       0xb8 ./gecko_sdk_4.4.4/platform/emlib/src/em_lcd.o
                0x00001684                LCD_SegmentSetLow
 .text.LCD_SegmentSetHigh
                0x0000173c       0xa8 ./gecko_sdk_4.4.4/platform/emlib/src/em_lcd.o
                0x0000173c                LCD_SegmentSetHigh
 .text.LCD_VBoostSet
                0x000017e4       0x14 ./gecko_sdk_4.4.4/platform/emlib/src/em_lcd.o
                0x000017e4                LCD_VBoostSet
 .text.SYSTEM_ChipRevisionGet
                0x000017f8       0x50 ./gecko_sdk_4.4.4/platform/emlib/src/em_system.o
                0x000017f8                SYSTEM_ChipRevisionGet
 .text.SYSTEM_GetProdRev
                0x00001848       0x10 ./gecko_sdk_4.4.4/platform/emlib/src/em_system.o
                0x00001848                SYSTEM_GetProdRev
 .text.SYSTEM_GetFamily
                0x00001858       0x10 ./gecko_sdk_4.4.4/platform/emlib/src/em_system.o
                0x00001858                SYSTEM_GetFamily
 .text.sl_device_init_emu
                0x00001868       0x20 ./gecko_sdk_4.4.4/platform/service/device_init/src/sl_device_init_emu_s0.o
                0x00001868                sl_device_init_emu
 .text.sl_device_init_hfxo
                0x00001888       0x2c ./gecko_sdk_4.4.4/platform/service/device_init/src/sl_device_init_hfxo_s0.o
                0x00001888                sl_device_init_hfxo
 .text.sl_device_init_nvic
                0x000018b4       0x3c ./gecko_sdk_4.4.4/platform/service/device_init/src/sl_device_init_nvic.o
                0x000018b4                sl_device_init_nvic
 .text.sl_udelay_wait
                0x000018f0       0x54 ./gecko_sdk_4.4.4/platform/service/udelay/src/sl_udelay.o
                0x000018f0                sl_udelay_wait
 .text.exit     0x00001944       0x24 c:/siliconlabs/simplicitystudio/v5/developer/toolchains/gnu_arm/12.2.rel1_2023.7/bin/../lib/gcc/arm-none-eabi/12.2.1/thumb/v7-m/nofp\libc_nano.a(libc_a-exit.o)
                0x00001944                exit
 .text.srand    0x00001968       0x5c c:/siliconlabs/simplicitystudio/v5/developer/toolchains/gnu_arm/12.2.rel1_2023.7/bin/../lib/gcc/arm-none-eabi/12.2.1/thumb/v7-m/nofp\libc_nano.a(libc_a-rand.o)
                0x00001968                srand
 .text.rand     0x000019c4       0x7c c:/siliconlabs/simplicitystudio/v5/developer/toolchains/gnu_arm/12.2.rel1_2023.7/bin/../lib/gcc/arm-none-eabi/12.2.1/thumb/v7-m/nofp\libc_nano.a(libc_a-rand.o)
                0x000019c4                rand
 .text.std      0x00001a40       0x6c c:/siliconlabs/simplicitystudio/v5/developer/toolchains/gnu_arm/12.2.rel1_2023.7/bin/../lib/gcc/arm-none-eabi/12.2.1/thumb/v7-m/nofp\libc_nano.a(libc_a-findfp.o)
 .text.stdio_exit_handler
                0x00001aac       0x18 c:/siliconlabs/simplicitystudio/v5/developer/toolchains/gnu_arm/12.2.rel1_2023.7/bin/../lib/gcc/arm-none-eabi/12.2.1/thumb/v7-m/nofp\libc_nano.a(libc_a-findfp.o)
 .text.cleanup_stdio
                0x00001ac4       0x40 c:/siliconlabs/simplicitystudio/v5/developer/toolchains/gnu_arm/12.2.rel1_2023.7/bin/../lib/gcc/arm-none-eabi/12.2.1/thumb/v7-m/nofp\libc_nano.a(libc_a-findfp.o)
 .text.global_stdio_init.part.0
                0x00001b04       0x3c c:/siliconlabs/simplicitystudio/v5/developer/toolchains/gnu_arm/12.2.rel1_2023.7/bin/../lib/gcc/arm-none-eabi/12.2.1/thumb/v7-m/nofp\libc_nano.a(libc_a-findfp.o)
 .text.__sfp_lock_acquire
                0x00001b40        0xc c:/siliconlabs/simplicitystudio/v5/developer/toolchains/gnu_arm/12.2.rel1_2023.7/bin/../lib/gcc/arm-none-eabi/12.2.1/thumb/v7-m/nofp\libc_nano.a(libc_a-findfp.o)
                0x00001b40                __sfp_lock_acquire
 .text.__sfp_lock_release
                0x00001b4c        0xc c:/siliconlabs/simplicitystudio/v5/developer/toolchains/gnu_arm/12.2.rel1_2023.7/bin/../lib/gcc/arm-none-eabi/12.2.1/thumb/v7-m/nofp\libc_nano.a(libc_a-findfp.o)
                0x00001b4c                __sfp_lock_release
 .text.__sinit  0x00001b58       0x30 c:/siliconlabs/simplicitystudio/v5/developer/toolchains/gnu_arm/12.2.rel1_2023.7/bin/../lib/gcc/arm-none-eabi/12.2.1/thumb/v7-m/nofp\libc_nano.a(libc_a-findfp.o)
                0x00001b58                __sinit
 .text.time     0x00001b88       0x38 c:/siliconlabs/simplicitystudio/v5/developer/toolchains/gnu_arm/12.2.rel1_2023.7/bin/../lib/gcc/arm-none-eabi/12.2.1/thumb/v7-m/nofp\libc_nano.a(libc_a-time.o)
                0x00001b88                time
 .text._close_r
                0x00001bc0       0x20 c:/siliconlabs/simplicitystudio/v5/developer/toolchains/gnu_arm/12.2.rel1_2023.7/bin/../lib/gcc/arm-none-eabi/12.2.1/thumb/v7-m/nofp\libc_nano.a(libc_a-closer.o)
                0x00001bc0                _close_r
 .text._gettimeofday_r
                0x00001be0       0x24 c:/siliconlabs/simplicitystudio/v5/developer/toolchains/gnu_arm/12.2.rel1_2023.7/bin/../lib/gcc/arm-none-eabi/12.2.1/thumb/v7-m/nofp\libc_nano.a(libc_a-gettimeofdayr.o)
                0x00001be0                _gettimeofday_r
 .text._lseek_r
                0x00001c04       0x24 c:/siliconlabs/simplicitystudio/v5/developer/toolchains/gnu_arm/12.2.rel1_2023.7/bin/../lib/gcc/arm-none-eabi/12.2.1/thumb/v7-m/nofp\libc_nano.a(libc_a-lseekr.o)
                0x00001c04                _lseek_r
 .text._read_r  0x00001c28       0x24 c:/siliconlabs/simplicitystudio/v5/developer/toolchains/gnu_arm/12.2.rel1_2023.7/bin/../lib/gcc/arm-none-eabi/12.2.1/thumb/v7-m/nofp\libc_nano.a(libc_a-readr.o)
                0x00001c28                _read_r
 .text._write_r
                0x00001c4c       0x24 c:/siliconlabs/simplicitystudio/v5/developer/toolchains/gnu_arm/12.2.rel1_2023.7/bin/../lib/gcc/arm-none-eabi/12.2.1/thumb/v7-m/nofp\libc_nano.a(libc_a-writer.o)
                0x00001c4c                _write_r
 .text.__libc_init_array
                0x00001c70       0x48 c:/siliconlabs/simplicitystudio/v5/developer/toolchains/gnu_arm/12.2.rel1_2023.7/bin/../lib/gcc/arm-none-eabi/12.2.1/thumb/v7-m/nofp\libc_nano.a(libc_a-init.o)
                0x00001c70                __libc_init_array
 .text.__assert_func
                0x00001cb8       0x3c c:/siliconlabs/simplicitystudio/v5/developer/toolchains/gnu_arm/12.2.rel1_2023.7/bin/../lib/gcc/arm-none-eabi/12.2.1/thumb/v7-m/nofp\libc_nano.a(libc_a-assert.o)
                0x00001cb8                __assert_func
 .text._free_r  0x00001cf4       0x90 c:/siliconlabs/simplicitystudio/v5/developer/toolchains/gnu_arm/12.2.rel1_2023.7/bin/../lib/gcc/arm-none-eabi/12.2.1/thumb/v7-m/nofp\libc_nano.a(libc_a-freer.o)
                0x00001cf4                _free_r
 .text.malloc   0x00001d84       0x10 c:/siliconlabs/simplicitystudio/v5/developer/toolchains/gnu_arm/12.2.rel1_2023.7/bin/../lib/gcc/arm-none-eabi/12.2.1/thumb/v7-m/nofp\libc_nano.a(libc_a-malloc.o)
                0x00001d84                malloc
 .text.sbrk_aligned
                0x00001d94       0x44 c:/siliconlabs/simplicitystudio/v5/developer/toolchains/gnu_arm/12.2.rel1_2023.7/bin/../lib/gcc/arm-none-eabi/12.2.1/thumb/v7-m/nofp\libc_nano.a(libc_a-mallocr.o)
 .text._malloc_r
                0x00001dd8       0xf0 c:/siliconlabs/simplicitystudio/v5/developer/toolchains/gnu_arm/12.2.rel1_2023.7/bin/../lib/gcc/arm-none-eabi/12.2.1/thumb/v7-m/nofp\libc_nano.a(libc_a-mallocr.o)
                0x00001dd8                _malloc_r
 .text.__malloc_lock
                0x00001ec8        0xc c:/siliconlabs/simplicitystudio/v5/developer/toolchains/gnu_arm/12.2.rel1_2023.7/bin/../lib/gcc/arm-none-eabi/12.2.1/thumb/v7-m/nofp\libc_nano.a(libc_a-mlock.o)
                0x00001ec8                __malloc_lock
 .text.__malloc_unlock
                0x00001ed4        0xc c:/siliconlabs/simplicitystudio/v5/developer/toolchains/gnu_arm/12.2.rel1_2023.7/bin/../lib/gcc/arm-none-eabi/12.2.1/thumb/v7-m/nofp\libc_nano.a(libc_a-mlock.o)
                0x00001ed4                __malloc_unlock
 .text.fprintf  0x00001ee0       0x24 c:/siliconlabs/simplicitystudio/v5/developer/toolchains/gnu_arm/12.2.rel1_2023.7/bin/../lib/gcc/arm-none-eabi/12.2.1/thumb/v7-m/nofp\libc_nano.a(libc_a-fprintf.o)
                0x00001ee0                fiprintf
                0x00001ee0                fprintf
 .text._sbrk_r  0x00001f04       0x20 c:/siliconlabs/simplicitystudio/v5/developer/toolchains/gnu_arm/12.2.rel1_2023.7/bin/../lib/gcc/arm-none-eabi/12.2.1/thumb/v7-m/nofp\libc_nano.a(libc_a-sbrkr.o)
                0x00001f04                _sbrk_r
 .text._vfprintf_r
                0x00001f24      0x230 c:/siliconlabs/simplicitystudio/v5/developer/toolchains/gnu_arm/12.2.rel1_2023.7/bin/../lib/gcc/arm-none-eabi/12.2.1/thumb/v7-m/nofp\libc_nano.a(libc_a-nano-vfprintf.o)
                0x00001f24                _vfprintf_r
                0x00001f24                _vfiprintf_r
 .text._printf_i
                0x00002154      0x258 c:/siliconlabs/simplicitystudio/v5/developer/toolchains/gnu_arm/12.2.rel1_2023.7/bin/../lib/gcc/arm-none-eabi/12.2.1/thumb/v7-m/nofp\libc_nano.a(libc_a-nano-vfprintf_i.o)
                0x00002154                _printf_i
 .text.__swsetup_r
                0x000023ac       0xac c:/siliconlabs/simplicitystudio/v5/developer/toolchains/gnu_arm/12.2.rel1_2023.7/bin/../lib/gcc/arm-none-eabi/12.2.1/thumb/v7-m/nofp\libc_nano.a(libc_a-wsetup.o)
                0x000023ac                __swsetup_r
 .text.raise    0x00002458       0x10 c:/siliconlabs/simplicitystudio/v5/developer/toolchains/gnu_arm/12.2.rel1_2023.7/bin/../lib/gcc/arm-none-eabi/12.2.1/thumb/v7-m/nofp\libc_nano.a(libc_a-signal.o)
                0x00002458                raise
 .text._kill_r  0x00002468       0x24 c:/siliconlabs/simplicitystudio/v5/developer/toolchains/gnu_arm/12.2.rel1_2023.7/bin/../lib/gcc/arm-none-eabi/12.2.1/thumb/v7-m/nofp\libc_nano.a(libc_a-signalr.o)
                0x00002468                _kill_r
 .text._fstat_r
                0x0000248c       0x24 c:/siliconlabs/simplicitystudio/v5/developer/toolchains/gnu_arm/12.2.rel1_2023.7/bin/../lib/gcc/arm-none-eabi/12.2.1/thumb/v7-m/nofp\libc_nano.a(libc_a-fstatr.o)
                0x0000248c                _fstat_r
 .text._isatty_r
                0x000024b0       0x20 c:/siliconlabs/simplicitystudio/v5/developer/toolchains/gnu_arm/12.2.rel1_2023.7/bin/../lib/gcc/arm-none-eabi/12.2.1/thumb/v7-m/nofp\libc_nano.a(libc_a-isattyr.o)
                0x000024b0                _isatty_r
 .text.app_init
                0x000024d0       0x16 ./app.o
                0x000024d0                app_init
 .text.startup.main
                0x000024e6       0x14 ./main.o
                0x000024e6                main
 .text.SegmentLCD_NumberOff
                0x000024fa       0x4c ./segmentlcd.o
                0x000024fa                SegmentLCD_NumberOff
 .text.sl_board_default_init
                0x00002546        0x2 ./autogen/sl_board_default_init.o
                0x00002546                sl_board_default_init
 .text.sl_driver_init
                0x00002548        0xe ./autogen/sl_event_handler.o
                0x00002548                sl_driver_init
 .text.sl_service_init
                0x00002556        0x4 ./autogen/sl_event_handler.o
                0x00002556                sl_service_init
 .text.sl_stack_init
                0x0000255a        0x2 ./autogen/sl_event_handler.o
                0x0000255a                sl_stack_init
 .text.sl_internal_app_init
                0x0000255c        0x2 ./autogen/sl_event_handler.o
                0x0000255c                sl_internal_app_init
 .text.sl_platform_process_action
                0x0000255e        0x2 ./autogen/sl_event_handler.o
                0x0000255e                sl_platform_process_action
 .text.sl_service_process_action
                0x00002560        0x2 ./autogen/sl_event_handler.o
                0x00002560                sl_service_process_action
 .text.sl_stack_process_action
                0x00002562        0x2 ./autogen/sl_event_handler.o
                0x00002562                sl_stack_process_action
 .text.sl_internal_app_process_action
                0x00002564        0x2 ./autogen/sl_event_handler.o
                0x00002564                sl_internal_app_process_action
 .text.sl_board_configure_vcom
                0x00002566        0x4 ./gecko_sdk_4.4.4/hardware/board/src/sl_board_control_gpio.o
                0x00002566                sl_board_configure_vcom
 .text.Default_Handler
                0x0000256a        0x2 ./gecko_sdk_4.4.4/platform/Device/SiliconLabs/EFM32GG/Source/startup_efm32gg.o
                0x0000256a                TIMER2_IRQHandler
                0x0000256a                DebugMon_Handler
                0x0000256a                USART0_TX_IRQHandler
                0x0000256a                I2C0_IRQHandler
                0x0000256a                HardFault_Handler
                0x0000256a                LEUART1_IRQHandler
                0x0000256a                SysTick_Handler
                0x0000256a                USART1_RX_IRQHandler
                0x0000256a                PendSV_Handler
                0x0000256a                NMI_Handler
                0x0000256a                I2C1_IRQHandler
                0x0000256a                TIMER3_IRQHandler
                0x0000256a                USART1_TX_IRQHandler
                0x0000256a                MSC_IRQHandler
                0x0000256a                ADC0_IRQHandler
                0x0000256a                UsageFault_Handler
                0x0000256a                LEUART0_IRQHandler
                0x0000256a                UART0_TX_IRQHandler
                0x0000256a                UART1_TX_IRQHandler
                0x0000256a                RTC_IRQHandler
                0x0000256a                TIMER0_IRQHandler
                0x0000256a                LCD_IRQHandler
                0x0000256a                PCNT2_IRQHandler
                0x0000256a                UART0_RX_IRQHandler
                0x0000256a                LETIMER0_IRQHandler
                0x0000256a                TIMER1_IRQHandler
                0x0000256a                USART2_RX_IRQHandler
                0x0000256a                Default_Handler
                0x0000256a                EMU_IRQHandler
                0x0000256a                PCNT0_IRQHandler
                0x0000256a                sl_app_properties
                0x0000256a                USB_IRQHandler
                0x0000256a                BURTC_IRQHandler
                0x0000256a                PCNT1_IRQHandler
                0x0000256a                ACMP0_IRQHandler
                0x0000256a                USART0_RX_IRQHandler
                0x0000256a                MemManage_Handler
                0x0000256a                SVC_Handler
                0x0000256a                DAC0_IRQHandler
                0x0000256a                UART1_RX_IRQHandler
                0x0000256a                CMU_IRQHandler
                0x0000256a                EBI_IRQHandler
                0x0000256a                LESENSE_IRQHandler
                0x0000256a                AES_IRQHandler
                0x0000256a                VCMP_IRQHandler
                0x0000256a                DMA_IRQHandler
                0x0000256a                BusFault_Handler
                0x0000256a                USART2_TX_IRQHandler
 .text.assertEFM
                0x0000256c        0x2 ./gecko_sdk_4.4.4/platform/common/src/sl_assert.o
                0x0000256c                assertEFM
 .text._close   0x0000256e        0x6 ./gecko_sdk_4.4.4/platform/common/src/sl_syscalls.o
                0x0000256e                _close
 .text._exit    0x00002574        0x2 ./gecko_sdk_4.4.4/platform/common/src/sl_syscalls.o
                0x00002574                _exit
 .text._fstat   0x00002576        0x4 ./gecko_sdk_4.4.4/platform/common/src/sl_syscalls.o
                0x00002576                _fstat
 .text._getpid  0x0000257a        0x4 ./gecko_sdk_4.4.4/platform/common/src/sl_syscalls.o
                0x0000257a                _getpid
 .text._isatty  0x0000257e        0x4 ./gecko_sdk_4.4.4/platform/common/src/sl_syscalls.o
                0x0000257e                _isatty
 .text._kill    0x00002582        0x6 ./gecko_sdk_4.4.4/platform/common/src/sl_syscalls.o
                0x00002582                _kill
 .text._lseek   0x00002588        0x4 ./gecko_sdk_4.4.4/platform/common/src/sl_syscalls.o
                0x00002588                _lseek
 .text._read    0x0000258c        0x4 ./gecko_sdk_4.4.4/platform/common/src/sl_syscalls.o
                0x0000258c                _read
 .text._write   0x00002590        0x4 ./gecko_sdk_4.4.4/platform/common/src/sl_syscalls.o
                0x00002590                _write
 .text._gettimeofday
                0x00002594        0x4 ./gecko_sdk_4.4.4/platform/common/src/sl_syscalls.o
                0x00002594                _gettimeofday
 .text.sl_button_init
                0x00002598        0xa ./gecko_sdk_4.4.4/platform/driver/button/src/sl_button.o
                0x00002598                sl_button_init
 .text.sl_button_on_change
                0x000025a2        0x2 ./gecko_sdk_4.4.4/platform/driver/button/src/sl_button.o
                0x000025a2                sl_button_on_change
 .text.sli_simple_button_on_change
                0x000025a4       0x28 ./gecko_sdk_4.4.4/platform/driver/button/src/sl_simple_button.o
 .text.sl_simple_button_get_state
                0x000025cc        0x6 ./gecko_sdk_4.4.4/platform/driver/button/src/sl_simple_button.o
                0x000025cc                sl_simple_button_get_state
 .text.sl_simple_button_poll_step
                0x000025d2       0x52 ./gecko_sdk_4.4.4/platform/driver/button/src/sl_simple_button.o
                0x000025d2                sl_simple_button_poll_step
 .text.sl_simple_button_enable
                0x00002624       0x12 ./gecko_sdk_4.4.4/platform/driver/button/src/sl_simple_button.o
                0x00002624                sl_simple_button_enable
 .text.sl_simple_button_disable
                0x00002636       0x30 ./gecko_sdk_4.4.4/platform/driver/button/src/sl_simple_button.o
                0x00002636                sl_simple_button_disable
 .text.CORE_EnterCritical
                0x00002666        0x8 ./gecko_sdk_4.4.4/platform/emlib/src/em_core.o
                0x00002666                CORE_EnterCritical
 .text.CORE_ExitCritical
                0x0000266e        0x6 ./gecko_sdk_4.4.4/platform/emlib/src/em_core.o
                0x0000266e                CORE_ExitCritical
 .text.CORE_EnterAtomic
                0x00002674        0xc ./gecko_sdk_4.4.4/platform/emlib/src/em_core.o
                0x00002674                CORE_EnterAtomic
 .text.CORE_ExitAtomic
                0x00002680        0x6 ./gecko_sdk_4.4.4/platform/emlib/src/em_core.o
                0x00002680                CORE_ExitAtomic
 .text.BUS_RegMaskedWrite
                0x00002686       0x1e ./gecko_sdk_4.4.4/platform/emlib/src/em_gpio.o
 .text.sl_device_init_lfxo
                0x000026a4       0x22 ./gecko_sdk_4.4.4/platform/service/device_init/src/sl_device_init_lfxo_s0.o
                0x000026a4                sl_device_init_lfxo
 .text.sl_system_init
                0x000026c6       0x1a ./gecko_sdk_4.4.4/platform/service/system/src/sl_system_init.o
                0x000026c6                sl_system_init
 .text.sl_system_process_action
                0x000026e0       0x16 ./gecko_sdk_4.4.4/platform/service/system/src/sl_system_process_action.o
                0x000026e0                sl_system_process_action
 .text.abs      0x000026f6        0x8 c:/siliconlabs/simplicitystudio/v5/developer/toolchains/gnu_arm/12.2.rel1_2023.7/bin/../lib/gcc/arm-none-eabi/12.2.1/thumb/v7-m/nofp\libc_nano.a(libc_a-abs.o)
                0x000026f6                abs
 .text._fwalk_sglue
                0x000026fe       0x3c c:/siliconlabs/simplicitystudio/v5/developer/toolchains/gnu_arm/12.2.rel1_2023.7/bin/../lib/gcc/arm-none-eabi/12.2.1/thumb/v7-m/nofp\libc_nano.a(libc_a-fwalk.o)
                0x000026fe                _fwalk_sglue
 .text.__sread  0x0000273a       0x22 c:/siliconlabs/simplicitystudio/v5/developer/toolchains/gnu_arm/12.2.rel1_2023.7/bin/../lib/gcc/arm-none-eabi/12.2.1/thumb/v7-m/nofp\libc_nano.a(libc_a-stdio.o)
                0x0000273a                __sread
 .text.__swrite
                0x0000275c       0x38 c:/siliconlabs/simplicitystudio/v5/developer/toolchains/gnu_arm/12.2.rel1_2023.7/bin/../lib/gcc/arm-none-eabi/12.2.1/thumb/v7-m/nofp\libc_nano.a(libc_a-stdio.o)
                0x0000275c                __swrite
 .text.__sseek  0x00002794       0x24 c:/siliconlabs/simplicitystudio/v5/developer/toolchains/gnu_arm/12.2.rel1_2023.7/bin/../lib/gcc/arm-none-eabi/12.2.1/thumb/v7-m/nofp\libc_nano.a(libc_a-stdio.o)
                0x00002794                __sseek
 .text.__sclose
                0x000027b8        0x8 c:/siliconlabs/simplicitystudio/v5/developer/toolchains/gnu_arm/12.2.rel1_2023.7/bin/../lib/gcc/arm-none-eabi/12.2.1/thumb/v7-m/nofp\libc_nano.a(libc_a-stdio.o)
                0x000027b8                __sclose
 .text.memset   0x000027c0       0x10 c:/siliconlabs/simplicitystudio/v5/developer/toolchains/gnu_arm/12.2.rel1_2023.7/bin/../lib/gcc/arm-none-eabi/12.2.1/thumb/v7-m/nofp\libc_nano.a(libc_a-memset.o)
                0x000027c0                memset
 .text.__retarget_lock_init_recursive
                0x000027d0        0x2 c:/siliconlabs/simplicitystudio/v5/developer/toolchains/gnu_arm/12.2.rel1_2023.7/bin/../lib/gcc/arm-none-eabi/12.2.1/thumb/v7-m/nofp\libc_nano.a(libc_a-lock.o)
                0x000027d0                __retarget_lock_init_recursive
 .text.__retarget_lock_acquire_recursive
                0x000027d2        0x2 c:/siliconlabs/simplicitystudio/v5/developer/toolchains/gnu_arm/12.2.rel1_2023.7/bin/../lib/gcc/arm-none-eabi/12.2.1/thumb/v7-m/nofp\libc_nano.a(libc_a-lock.o)
                0x000027d2                __retarget_lock_acquire_recursive
 .text.__retarget_lock_release_recursive
                0x000027d4        0x2 c:/siliconlabs/simplicitystudio/v5/developer/toolchains/gnu_arm/12.2.rel1_2023.7/bin/../lib/gcc/arm-none-eabi/12.2.1/thumb/v7-m/nofp\libc_nano.a(libc_a-lock.o)
                0x000027d4                __retarget_lock_release_recursive
 .text.__sflush_r
                0x000027d6      0x100 c:/siliconlabs/simplicitystudio/v5/developer/toolchains/gnu_arm/12.2.rel1_2023.7/bin/../lib/gcc/arm-none-eabi/12.2.1/thumb/v7-m/nofp\libc_nano.a(libc_a-fflush.o)
                0x000027d6                __sflush_r
 .text._fflush_r
                0x000028d6       0x50 c:/siliconlabs/simplicitystudio/v5/developer/toolchains/gnu_arm/12.2.rel1_2023.7/bin/../lib/gcc/arm-none-eabi/12.2.1/thumb/v7-m/nofp\libc_nano.a(libc_a-fflush.o)
                0x000028d6                _fflush_r
 .text.abort    0x00002926        0xe c:/siliconlabs/simplicitystudio/v5/developer/toolchains/gnu_arm/12.2.rel1_2023.7/bin/../lib/gcc/arm-none-eabi/12.2.1/thumb/v7-m/nofp\libc_nano.a(libc_a-abort.o)
                0x00002926                abort
 .text.__sfputc_r
                0x00002934       0x2a c:/siliconlabs/simplicitystudio/v5/developer/toolchains/gnu_arm/12.2.rel1_2023.7/bin/../lib/gcc/arm-none-eabi/12.2.1/thumb/v7-m/nofp\libc_nano.a(libc_a-nano-vfprintf.o)
 .text.__sfputs_r
                0x0000295e       0x24 c:/siliconlabs/simplicitystudio/v5/developer/toolchains/gnu_arm/12.2.rel1_2023.7/bin/../lib/gcc/arm-none-eabi/12.2.1/thumb/v7-m/nofp\libc_nano.a(libc_a-nano-vfprintf.o)
                0x0000295e                __sfputs_r
 .text._printf_common
                0x00002982       0xe4 c:/siliconlabs/simplicitystudio/v5/developer/toolchains/gnu_arm/12.2.rel1_2023.7/bin/../lib/gcc/arm-none-eabi/12.2.1/thumb/v7-m/nofp\libc_nano.a(libc_a-nano-vfprintf_i.o)
                0x00002982                _printf_common
 .text.__swbuf_r
                0x00002a66       0x7c c:/siliconlabs/simplicitystudio/v5/developer/toolchains/gnu_arm/12.2.rel1_2023.7/bin/../lib/gcc/arm-none-eabi/12.2.1/thumb/v7-m/nofp\libc_nano.a(libc_a-wbuf.o)
                0x00002a66                __swbuf_r
 .text._raise_r
                0x00002ae2       0x50 c:/siliconlabs/simplicitystudio/v5/developer/toolchains/gnu_arm/12.2.rel1_2023.7/bin/../lib/gcc/arm-none-eabi/12.2.1/thumb/v7-m/nofp\libc_nano.a(libc_a-signal.o)
                0x00002ae2                _raise_r
 .text._getpid_r
                0x00002b32        0x4 c:/siliconlabs/simplicitystudio/v5/developer/toolchains/gnu_arm/12.2.rel1_2023.7/bin/../lib/gcc/arm-none-eabi/12.2.1/thumb/v7-m/nofp\libc_nano.a(libc_a-signalr.o)
                0x00002b32                _getpid_r
 .text.memchr   0x00002b36       0x1c c:/siliconlabs/simplicitystudio/v5/developer/toolchains/gnu_arm/12.2.rel1_2023.7/bin/../lib/gcc/arm-none-eabi/12.2.1/thumb/v7-m/nofp\libc_nano.a(libc_a-memchr-stub.o)
                0x00002b36                memchr
 .text.__swhatbuf_r
                0x00002b52       0x4a c:/siliconlabs/simplicitystudio/v5/developer/toolchains/gnu_arm/12.2.rel1_2023.7/bin/../lib/gcc/arm-none-eabi/12.2.1/thumb/v7-m/nofp\libc_nano.a(libc_a-makebuf.o)
                0x00002b52                __swhatbuf_r
 .text.__smakebuf_r
                0x00002b9c       0x78 c:/siliconlabs/simplicitystudio/v5/developer/toolchains/gnu_arm/12.2.rel1_2023.7/bin/../lib/gcc/arm-none-eabi/12.2.1/thumb/v7-m/nofp\libc_nano.a(libc_a-makebuf.o)
                0x00002b9c                __smakebuf_r
                0x00002c20                . = ALIGN (0x20)
 *fill*         0x00002c14        0xc 
                0x00002c20                linker_code_end = .
 *(.init)
 .init          0x00002c20        0x4 c:/siliconlabs/simplicitystudio/v5/developer/toolchains/gnu_arm/12.2.rel1_2023.7/bin/../lib/gcc/arm-none-eabi/12.2.1/thumb/v7-m/nofp/crti.o
                0x00002c20                _init
 .init          0x00002c24        0x8 c:/siliconlabs/simplicitystudio/v5/developer/toolchains/gnu_arm/12.2.rel1_2023.7/bin/../lib/gcc/arm-none-eabi/12.2.1/thumb/v7-m/nofp/crtn.o
 *(.fini)
 .fini          0x00002c2c        0x4 c:/siliconlabs/simplicitystudio/v5/developer/toolchains/gnu_arm/12.2.rel1_2023.7/bin/../lib/gcc/arm-none-eabi/12.2.1/thumb/v7-m/nofp/crti.o
                0x00002c2c                _fini
 .fini          0x00002c30        0x8 c:/siliconlabs/simplicitystudio/v5/developer/toolchains/gnu_arm/12.2.rel1_2023.7/bin/../lib/gcc/arm-none-eabi/12.2.1/thumb/v7-m/nofp/crtn.o
 *crtbegin.o(.ctors)
 *crtbegin?.o(.ctors)
 *(EXCLUDE_FILE(*crtend.o *crtend?.o) .ctors)
 *(SORT_BY_NAME(.ctors.*))
 *(.ctors)
 *crtbegin.o(.dtors)
 *crtbegin?.o(.dtors)
 *(EXCLUDE_FILE(*crtend.o *crtend?.o) .dtors)
 *(SORT_BY_NAME(.dtors.*))
 *(.dtors)
                0x00002c38                __code_classification_validator_start__ = .
                0x00002c58                . = (. + 0x20)
 *fill*         0x00002c38       0x20 
 *(code_classification_validator)
                0x00002c60                . = ALIGN (0x20)
 *fill*         0x00002c58        0x8 
                0x00002c60                __code_classification_validator_end__ = .
 *(.rodata*)
 .rodata.CSWTCH.37
                0x00002c60        0xf ./segmentlcd.o
 .rodata.CSWTCH.36
                0x00002c6f        0xf ./segmentlcd.o
 *fill*         0x00002c7e        0x2 
 .rodata.lcdInit
                0x00002c80       0x14 ./segmentlcd.o
 .rodata.Segment_Numbers
                0x00002c94       0x22 ./segmentlcd.o
 .rodata.EFM_Display
                0x00002cb6      0x1fe ./segmentlcd.o
 .rodata.sl_button_btn1
                0x00002eb4       0x18 ./autogen/sl_simple_button_instances.o
                0x00002eb4                sl_button_btn1
 .rodata.sl_button_btn0
                0x00002ecc       0x18 ./autogen/sl_simple_button_instances.o
                0x00002ecc                sl_button_btn0
 .rodata.GPIO_PinInGet.str1.1
                0x00002ee4       0x4c ./gecko_sdk_4.4.4/platform/driver/button/src/sl_simple_button.o
 .rodata.sl_simple_button_init.str1.1
                0x00002f30       0x5d ./gecko_sdk_4.4.4/platform/driver/button/src/sl_simple_button.o
 *fill*         0x00002f8d        0x1 
 .rodata.CSWTCH.10
                0x00002f8e        0xc ./gecko_sdk_4.4.4/platform/driver/button/src/sl_simple_button.o
 .rodata.CMU_DivToLog2.str1.1
                0x00002f9a       0x4b ./gecko_sdk_4.4.4/platform/emlib/src/em_cmu.o
 .rodata.auxClkGet.str1.1
                0x00002fe5       0x4b ./gecko_sdk_4.4.4/platform/emlib/src/em_cmu.o
 .rodata.CSWTCH.62
                0x00003030        0xa ./gecko_sdk_4.4.4/platform/emlib/src/em_cmu.o
 .rodata.CSWTCH.61
                0x0000303a        0xa ./gecko_sdk_4.4.4/platform/emlib/src/em_cmu.o
 .rodata.CSWTCH.60
                0x00003044        0x5 ./gecko_sdk_4.4.4/platform/emlib/src/em_cmu.o
 .rodata.CORE_NvicMaskSetIRQ.str1.1
                0x00003049       0x4c ./gecko_sdk_4.4.4/platform/emlib/src/em_core.o
 .rodata.GPIO_PinOutSet.str1.1
                0x00003095       0x4c ./gecko_sdk_4.4.4/platform/emlib/src/em_gpio.o
 .rodata.GPIO_DbgLocationSet.str1.1
                0x00003095       0x4c ./gecko_sdk_4.4.4/platform/emlib/src/em_gpio.o
 .rodata.GPIO_ExtIntConfig.str1.1
                0x000030e1       0x4b ./gecko_sdk_4.4.4/platform/emlib/src/em_gpio.o
 .rodata.CSWTCH.36
                0x0000312c        0xc ./gecko_sdk_4.4.4/platform/emlib/src/em_gpio.o
 .rodata.BUS_RegBitWrite.str1.1
                0x00003138       0x4b ./gecko_sdk_4.4.4/platform/emlib/src/em_lcd.o
 .rodata.LCD_Init.str1.1
                0x00003138       0x4b ./gecko_sdk_4.4.4/platform/emlib/src/em_lcd.o
 .rodata.SYSTEM_ChipRevisionGet.str1.1
                0x00003183       0x4e ./gecko_sdk_4.4.4/platform/emlib/src/em_system.o
 .rodata        0x000031d1        0x5 ./gecko_sdk_4.4.4/platform/service/device_init/src/sl_device_init_emu_s0.o
 .rodata        0x000031d6        0x4 ./gecko_sdk_4.4.4/platform/service/device_init/src/sl_device_init_hfxo_s0.o
 .rodata.sl_udelay_wait.str1.1
                0x000031da       0x57 ./gecko_sdk_4.4.4/platform/service/udelay/src/sl_udelay.o
 .rodata.srand.str1.1
                0x00003231       0x70 c:/siliconlabs/simplicitystudio/v5/developer/toolchains/gnu_arm/12.2.rel1_2023.7/bin/../lib/gcc/arm-none-eabi/12.2.1/thumb/v7-m/nofp\libc_nano.a(libc_a-rand.o)
 .rodata.__assert_func.str1.1
                0x000032a1       0x3c c:/siliconlabs/simplicitystudio/v5/developer/toolchains/gnu_arm/12.2.rel1_2023.7/bin/../lib/gcc/arm-none-eabi/12.2.1/thumb/v7-m/nofp\libc_nano.a(libc_a-assert.o)
                                 0x3d (size before relaxing)
 .rodata._vfprintf_r.str1.1
                0x000032dd       0x11 c:/siliconlabs/simplicitystudio/v5/developer/toolchains/gnu_arm/12.2.rel1_2023.7/bin/../lib/gcc/arm-none-eabi/12.2.1/thumb/v7-m/nofp\libc_nano.a(libc_a-nano-vfprintf.o)
 .rodata._printf_i.str1.1
                0x000032ee       0x22 c:/siliconlabs/simplicitystudio/v5/developer/toolchains/gnu_arm/12.2.rel1_2023.7/bin/../lib/gcc/arm-none-eabi/12.2.1/thumb/v7-m/nofp\libc_nano.a(libc_a-nano-vfprintf_i.o)
 *(.eh_frame*)
 .eh_frame      0x00003310        0x0 c:/siliconlabs/simplicitystudio/v5/developer/toolchains/gnu_arm/12.2.rel1_2023.7/bin/../lib/gcc/arm-none-eabi/12.2.1/thumb/v7-m/nofp/crtbegin.o

.glue_7         0x00003310        0x0
 .glue_7        0x00003310        0x0 linker stubs

.glue_7t        0x00003310        0x0
 .glue_7t       0x00003310        0x0 linker stubs

.vfp11_veneer   0x00003310        0x0
 .vfp11_veneer  0x00003310        0x0 linker stubs

.v4_bx          0x00003310        0x0
 .v4_bx         0x00003310        0x0 linker stubs

.iplt           0x00003310        0x0
 .iplt          0x00003310        0x0 c:/siliconlabs/simplicitystudio/v5/developer/toolchains/gnu_arm/12.2.rel1_2023.7/bin/../lib/gcc/arm-none-eabi/12.2.1/thumb/v7-m/nofp/crtbegin.o

.ARM.extab
 *(.ARM.extab* .gnu.linkonce.armextab.*)
                0x00003310                __exidx_start = .

.ARM.exidx      0x00003310        0x8
 *(.ARM.exidx* .gnu.linkonce.armexidx.*)
 .ARM.exidx     0x00003310        0x8 c:/siliconlabs/simplicitystudio/v5/developer/toolchains/gnu_arm/12.2.rel1_2023.7/bin/../lib/gcc/arm-none-eabi/12.2.1/thumb/v7-m/nofp/crt0.o
                                 0x10 (size before relaxing)
                0x00003318                __exidx_end = .

.rel.dyn        0x00003318        0x0
 .rel.iplt      0x00003318        0x0 c:/siliconlabs/simplicitystudio/v5/developer/toolchains/gnu_arm/12.2.rel1_2023.7/bin/../lib/gcc/arm-none-eabi/12.2.1/thumb/v7-m/nofp/crtbegin.o

.copy.table     0x00003318        0xc
                0x00003318                . = ALIGN (0x4)
                0x00003318                __copy_table_start__ = .
                0x00003318        0x4 LONG 0x3324 __etext
                0x0000331c        0x4 LONG 0x20001000 __data_start__
                0x00003320        0x4 LONG 0x56 ((__data_end__ - __data_start__) / 0x4)
                0x00003324                __copy_table_end__ = .

.zero.table     0x00003324        0x0
                0x00003324                . = ALIGN (0x4)
                0x00003324                __zero_table_start__ = .
                0x00003324                __zero_table_end__ = .
                0x00003324                __etext = .
                0x20000000                . = ORIGIN (RAM)

.stack          0x20000000     0x1000
                0x20000000                __StackLimit = .
 *(.stack*)
 .stack         0x20000000     0x1000 ./gecko_sdk_4.4.4/platform/common/toolchain/src/sl_memory.o
                0x20001000                . = ALIGN (0x4)
                0x20001000                __StackTop = .
                0x20001000                PROVIDE (__stack = __StackTop)

.noinit
 *(.noinit*)

.data           0x20001000      0x158 load address 0x00003324
                0x20001000                . = ALIGN (0x4)
                0x20001000                __data_start__ = .
 *(vtable)
 *(SORT_BY_ALIGNMENT(.data*))
 .data.difficulty
                0x20001000        0x4 ./global_variables.o
                0x20001000                difficulty
 .data.bin      0x20001004        0x4 ./global_variables.o
                0x20001004                bin
 .data.SystemCoreClock
                0x20001008        0x4 ./gecko_sdk_4.4.4/platform/Device/SiliconLabs/EFM32GG/Source/system_efm32gg.o
                0x20001008                SystemCoreClock
 .data.SystemLFXOClock
                0x2000100c        0x4 ./gecko_sdk_4.4.4/platform/Device/SiliconLabs/EFM32GG/Source/system_efm32gg.o
 .data.SystemHFXOClock
                0x20001010        0x4 ./gecko_sdk_4.4.4/platform/Device/SiliconLabs/EFM32GG/Source/system_efm32gg.o
 .data.heap_end.0
                0x20001014        0x4 ./gecko_sdk_4.4.4/platform/common/toolchain/src/sl_memory.o
 .data.__sglue  0x20001018        0xc c:/siliconlabs/simplicitystudio/v5/developer/toolchains/gnu_arm/12.2.rel1_2023.7/bin/../lib/gcc/arm-none-eabi/12.2.1/thumb/v7-m/nofp\libc_nano.a(libc_a-findfp.o)
                0x20001018                __sglue
 .data._impure_ptr
                0x20001024        0x4 c:/siliconlabs/simplicitystudio/v5/developer/toolchains/gnu_arm/12.2.rel1_2023.7/bin/../lib/gcc/arm-none-eabi/12.2.1/thumb/v7-m/nofp\libc_nano.a(libc_a-impure.o)
                0x20001024                _impure_ptr
 .data._impure_data
                0x20001028       0x4c c:/siliconlabs/simplicitystudio/v5/developer/toolchains/gnu_arm/12.2.rel1_2023.7/bin/../lib/gcc/arm-none-eabi/12.2.1/thumb/v7-m/nofp\libc_nano.a(libc_a-impure.o)
                0x20001028                _impure_data
 .data.simple_btn1_context
                0x20001074        0x8 ./autogen/sl_simple_button_instances.o
                0x20001074                simple_btn1_context
 .data.simple_btn0_context
                0x2000107c        0x8 ./autogen/sl_simple_button_instances.o
                0x2000107c                simple_btn0_context
 .data.hfxo_precision
                0x20001084        0x2 ./gecko_sdk_4.4.4/platform/emlib/src/em_cmu.o
 .data.lfxo_precision
                0x20001086        0x2 ./gecko_sdk_4.4.4/platform/emlib/src/em_cmu.o
 .data.app_lcd_symbol_on
                0x20001088        0x1 ./display.o
                0x20001088                app_lcd_symbol_on
 .data.Text     0x20001089       0xc4 ./segmentlcd_individual.o
                0x20001089                Text
                0x20001150                . = ALIGN (0x4)
 *fill*         0x2000114d        0x3 
                [!provide]                PROVIDE (__ram_func_section_start = .)
 *(.ram)
                [!provide]                PROVIDE (__ram_func_section_end = .)
                0x20001150                . = ALIGN (0x4)
                0x20001150                PROVIDE (__preinit_array_start = .)
 *(.preinit_array)
                0x20001150                PROVIDE (__preinit_array_end = .)
                0x20001150                . = ALIGN (0x4)
                0x20001150                PROVIDE (__init_array_start = .)
 *(SORT_BY_NAME(.init_array.*))
 *(.init_array)
 .init_array    0x20001150        0x4 c:/siliconlabs/simplicitystudio/v5/developer/toolchains/gnu_arm/12.2.rel1_2023.7/bin/../lib/gcc/arm-none-eabi/12.2.1/thumb/v7-m/nofp/crtbegin.o
                0x20001154                PROVIDE (__init_array_end = .)
                0x20001154                . = ALIGN (0x4)
                [!provide]                PROVIDE (__fini_array_start = .)
 *(SORT_BY_NAME(.fini_array.*))
 *(.fini_array)
 .fini_array    0x20001154        0x4 c:/siliconlabs/simplicitystudio/v5/developer/toolchains/gnu_arm/12.2.rel1_2023.7/bin/../lib/gcc/arm-none-eabi/12.2.1/thumb/v7-m/nofp/crtbegin.o
                [!provide]                PROVIDE (__fini_array_end = .)
                0x20001158                . = ALIGN (0x4)
                0x20001158                __data_end__ = .

.tm_clone_table
                0x20001158        0x0 load address 0x0000347c
 .tm_clone_table
                0x20001158        0x0 c:/siliconlabs/simplicitystudio/v5/developer/toolchains/gnu_arm/12.2.rel1_2023.7/bin/../lib/gcc/arm-none-eabi/12.2.1/thumb/v7-m/nofp/crtbegin.o
 .tm_clone_table
                0x20001158        0x0 c:/siliconlabs/simplicitystudio/v5/developer/toolchains/gnu_arm/12.2.rel1_2023.7/bin/../lib/gcc/arm-none-eabi/12.2.1/thumb/v7-m/nofp/crtend.o

.igot.plt       0x20001158        0x0 load address 0x0000347c
 .igot.plt      0x20001158        0x0 c:/siliconlabs/simplicitystudio/v5/developer/toolchains/gnu_arm/12.2.rel1_2023.7/bin/../lib/gcc/arm-none-eabi/12.2.1/thumb/v7-m/nofp/crtbegin.o

.bss            0x20001158      0x394 load address 0x0000347c
                0x20001158                . = ALIGN (0x4)
                0x20001158                __bss_start__ = .
 *(SORT_BY_ALIGNMENT(.bss*))
 .bss.object.0  0x20001158       0x18 c:/siliconlabs/simplicitystudio/v5/developer/toolchains/gnu_arm/12.2.rel1_2023.7/bin/../lib/gcc/arm-none-eabi/12.2.1/thumb/v7-m/nofp/crtbegin.o
 .bss.scoreNr   0x20001170        0x4 ./global_variables.o
                0x20001170                scoreNr
 .bss.banana    0x20001174       0x1c ./global_variables.o
                0x20001174                banana
 .bss.gpioCallbacks
                0x20001190      0x200 ./gecko_sdk_4.4.4/platform/emdrv/gpiointerrupt/src/gpiointerrupt.o
 .bss.__sf      0x20001390      0x138 c:/siliconlabs/simplicitystudio/v5/developer/toolchains/gnu_arm/12.2.rel1_2023.7/bin/../lib/gcc/arm-none-eabi/12.2.1/thumb/v7-m/nofp\libc_nano.a(libc_a-findfp.o)
                0x20001390                __sf
 .bss.__stdio_exit_handler
                0x200014c8        0x4 c:/siliconlabs/simplicitystudio/v5/developer/toolchains/gnu_arm/12.2.rel1_2023.7/bin/../lib/gcc/arm-none-eabi/12.2.1/thumb/v7-m/nofp\libc_nano.a(libc_a-findfp.o)
                0x200014c8                __stdio_exit_handler
 .bss.errno     0x200014cc        0x4 c:/siliconlabs/simplicitystudio/v5/developer/toolchains/gnu_arm/12.2.rel1_2023.7/bin/../lib/gcc/arm-none-eabi/12.2.1/thumb/v7-m/nofp\libc_nano.a(libc_a-reent.o)
                0x200014cc                errno
 .bss.__malloc_sbrk_start
                0x200014d0        0x4 c:/siliconlabs/simplicitystudio/v5/developer/toolchains/gnu_arm/12.2.rel1_2023.7/bin/../lib/gcc/arm-none-eabi/12.2.1/thumb/v7-m/nofp\libc_nano.a(libc_a-mallocr.o)
                0x200014d0                __malloc_sbrk_start
 .bss.__malloc_free_list
                0x200014d4        0x4 c:/siliconlabs/simplicitystudio/v5/developer/toolchains/gnu_arm/12.2.rel1_2023.7/bin/../lib/gcc/arm-none-eabi/12.2.1/thumb/v7-m/nofp\libc_nano.a(libc_a-mallocr.o)
                0x200014d4                __malloc_free_list
 .bss.lower_segment
                0x200014d8        0xe ./global_variables.o
                0x200014d8                lower_segment
 .bss.completed.1
                0x200014e6        0x1 c:/siliconlabs/simplicitystudio/v5/developer/toolchains/gnu_arm/12.2.rel1_2023.7/bin/../lib/gcc/arm-none-eabi/12.2.1/thumb/v7-m/nofp/crtbegin.o
 .bss.__lock___malloc_recursive_mutex
                0x200014e7        0x1 c:/siliconlabs/simplicitystudio/v5/developer/toolchains/gnu_arm/12.2.rel1_2023.7/bin/../lib/gcc/arm-none-eabi/12.2.1/thumb/v7-m/nofp\libc_nano.a(libc_a-lock.o)
                0x200014e7                __lock___malloc_recursive_mutex
 .bss.__lock___sfp_recursive_mutex
                0x200014e8        0x1 c:/siliconlabs/simplicitystudio/v5/developer/toolchains/gnu_arm/12.2.rel1_2023.7/bin/../lib/gcc/arm-none-eabi/12.2.1/thumb/v7-m/nofp\libc_nano.a(libc_a-lock.o)
                0x200014e8                __lock___sfp_recursive_mutex
 *(COMMON)
                0x200014ec                . = ALIGN (0x4)
 *fill*         0x200014e9        0x3 
                0x200014ec                __bss_end__ = .
                0x200014ec                __ramfuncs_start__ = .
                0x200014ec                __vma_ramfuncs_start__ = .
                0x0000347c                __lma_ramfuncs_start__ = (__etext + SIZEOF (.data))
                0x00000000                __text_application_ram_offset__ = (. - __vma_ramfuncs_start__)

text_application_ram
                0x200014ec        0x0 load address 0x0000347c
                0x200014ec                . = ALIGN (0x4)
                0x200014ec                __text_application_ram_start__ = .
 *(text_application_ram)
                0x200014ec                . = ALIGN (0x4)
                0x200014ec                __text_application_ram_end__ = .
                0x200014ec                . = ALIGN (0x4)
                0x200014ec                __vma_ramfuncs_end__ = .
                0x0000347c                __lma_ramfuncs_end__ = ((__lma_ramfuncs_start__ + __text_application_ram_offset__) + SIZEOF (text_application_ram))
                0x200014ec                __ramfuncs_end__ = .

.heap           0x200014f0      0x800
                0x200014f0                __HeapBase = .
                0x200014f0                __end__ = .
                0x200014f0                end = __end__
                0x200014f0                _end = __end__
 *(.heap*)
 .heap          0x200014f0      0x800 ./gecko_sdk_4.4.4/platform/common/toolchain/src/sl_memory.o
                0x20020000                __HeapLimit = (ORIGIN (RAM) + LENGTH (RAM))
                0x0001eb10                __heap_size = (__HeapLimit - __HeapBase)
                0x20020000                __ram_end__ = 0x20020000
                0x00100000                __main_flash_end__ = 0x100000

.internal_storage
 *(.internal_storage*)

.nvm
 *(.simee*)
                0x00100000                linker_nvm_end = __main_flash_end__
                0x00100000                linker_nvm_begin = (linker_nvm_end - SIZEOF (.nvm))
                0x00000000                linker_nvm_size = SIZEOF (.nvm)
                0x00100000                linker_storage_end = linker_nvm_begin
                0x00100000                __nvm3Base = linker_nvm_begin
                0x00100000                linker_storage_begin = (linker_storage_end - SIZEOF (.internal_storage))
                0x00000000                linker_storage_size = SIZEOF (.internal_storage)
                0x00000001                ASSERT ((linker_storage_begin >= (__etext + SIZEOF (.data))), FLASH memory overflowed !)
OUTPUT(CatchTheBanana.axf elf32-littlearm)
LOAD linker stubs

.ARM.attributes
                0x00000000       0x29
 .ARM.attributes
                0x00000000       0x1d c:/siliconlabs/simplicitystudio/v5/developer/toolchains/gnu_arm/12.2.rel1_2023.7/bin/../lib/gcc/arm-none-eabi/12.2.1/thumb/v7-m/nofp/crti.o
 .ARM.attributes
                0x0000001d       0x2d c:/siliconlabs/simplicitystudio/v5/developer/toolchains/gnu_arm/12.2.rel1_2023.7/bin/../lib/gcc/arm-none-eabi/12.2.1/thumb/v7-m/nofp/crtbegin.o
 .ARM.attributes
                0x0000004a       0x1b c:/siliconlabs/simplicitystudio/v5/developer/toolchains/gnu_arm/12.2.rel1_2023.7/bin/../lib/gcc/arm-none-eabi/12.2.1/thumb/v7-m/nofp/crt0.o
 .ARM.attributes
                0x00000065       0x2d ./app.o
 .ARM.attributes
                0x00000092       0x2d ./display.o
 .ARM.attributes
                0x000000bf       0x2d ./global_variables.o
 .ARM.attributes
                0x000000ec       0x2d ./main.o
 .ARM.attributes
                0x00000119       0x2d ./segmentlcd.o
 .ARM.attributes
                0x00000146       0x2d ./segmentlcd_individual.o
 .ARM.attributes
                0x00000173       0x2d ./autogen/sl_board_default_init.o
 .ARM.attributes
                0x000001a0       0x2d ./autogen/sl_device_init_clocks.o
 .ARM.attributes
                0x000001cd       0x2d ./autogen/sl_event_handler.o
 .ARM.attributes
                0x000001fa       0x2d ./autogen/sl_simple_button_instances.o
 .ARM.attributes
                0x00000227       0x2d ./gecko_sdk_4.4.4/hardware/board/src/sl_board_control_gpio.o
 .ARM.attributes
                0x00000254       0x2d ./gecko_sdk_4.4.4/hardware/board/src/sl_board_init.o
 .ARM.attributes
                0x00000281       0x2d ./gecko_sdk_4.4.4/platform/Device/SiliconLabs/EFM32GG/Source/startup_efm32gg.o
 .ARM.attributes
                0x000002ae       0x2d ./gecko_sdk_4.4.4/platform/Device/SiliconLabs/EFM32GG/Source/system_efm32gg.o
 .ARM.attributes
                0x000002db       0x2d ./gecko_sdk_4.4.4/platform/common/src/sl_assert.o
 .ARM.attributes
                0x00000308       0x2d ./gecko_sdk_4.4.4/platform/common/src/sl_syscalls.o
 .ARM.attributes
                0x00000335       0x2d ./gecko_sdk_4.4.4/platform/common/toolchain/src/sl_memory.o
 .ARM.attributes
                0x00000362       0x2d ./gecko_sdk_4.4.4/platform/driver/button/src/sl_button.o
 .ARM.attributes
                0x0000038f       0x2d ./gecko_sdk_4.4.4/platform/driver/button/src/sl_simple_button.o
 .ARM.attributes
                0x000003bc       0x2d ./gecko_sdk_4.4.4/platform/emdrv/gpiointerrupt/src/gpiointerrupt.o
 .ARM.attributes
                0x000003e9       0x2d ./gecko_sdk_4.4.4/platform/emlib/src/em_cmu.o
 .ARM.attributes
                0x00000416       0x2d ./gecko_sdk_4.4.4/platform/emlib/src/em_core.o
 .ARM.attributes
                0x00000443       0x2d ./gecko_sdk_4.4.4/platform/emlib/src/em_emu.o
 .ARM.attributes
                0x00000470       0x2d ./gecko_sdk_4.4.4/platform/emlib/src/em_gpio.o
 .ARM.attributes
                0x0000049d       0x2d ./gecko_sdk_4.4.4/platform/emlib/src/em_lcd.o
 .ARM.attributes
                0x000004ca       0x2d ./gecko_sdk_4.4.4/platform/emlib/src/em_system.o
 .ARM.attributes
                0x000004f7       0x2d ./gecko_sdk_4.4.4/platform/service/device_init/src/sl_device_init_emu_s0.o
 .ARM.attributes
                0x00000524       0x2d ./gecko_sdk_4.4.4/platform/service/device_init/src/sl_device_init_hfxo_s0.o
 .ARM.attributes
                0x00000551       0x2d ./gecko_sdk_4.4.4/platform/service/device_init/src/sl_device_init_lfxo_s0.o
 .ARM.attributes
                0x0000057e       0x2d ./gecko_sdk_4.4.4/platform/service/device_init/src/sl_device_init_nvic.o
 .ARM.attributes
                0x000005ab       0x2d ./gecko_sdk_4.4.4/platform/service/system/src/sl_system_init.o
 .ARM.attributes
                0x000005d8       0x2d ./gecko_sdk_4.4.4/platform/service/system/src/sl_system_process_action.o
 .ARM.attributes
                0x00000605       0x2d ./gecko_sdk_4.4.4/platform/service/udelay/src/sl_udelay.o
 .ARM.attributes
                0x00000632       0x1b ./gecko_sdk_4.4.4/platform/service/udelay/src/sl_udelay_armv6m_gcc.o
 .ARM.attributes
                0x0000064d       0x2d c:/siliconlabs/simplicitystudio/v5/developer/toolchains/gnu_arm/12.2.rel1_2023.7/bin/../lib/gcc/arm-none-eabi/12.2.1/thumb/v7-m/nofp\libc_nano.a(libc_a-abs.o)
 .ARM.attributes
                0x0000067a       0x2d c:/siliconlabs/simplicitystudio/v5/developer/toolchains/gnu_arm/12.2.rel1_2023.7/bin/../lib/gcc/arm-none-eabi/12.2.1/thumb/v7-m/nofp\libc_nano.a(libc_a-exit.o)
 .ARM.attributes
                0x000006a7       0x2d c:/siliconlabs/simplicitystudio/v5/developer/toolchains/gnu_arm/12.2.rel1_2023.7/bin/../lib/gcc/arm-none-eabi/12.2.1/thumb/v7-m/nofp\libc_nano.a(libc_a-rand.o)
 .ARM.attributes
                0x000006d4       0x2d c:/siliconlabs/simplicitystudio/v5/developer/toolchains/gnu_arm/12.2.rel1_2023.7/bin/../lib/gcc/arm-none-eabi/12.2.1/thumb/v7-m/nofp\libc_nano.a(libc_a-findfp.o)
 .ARM.attributes
                0x00000701       0x2d c:/siliconlabs/simplicitystudio/v5/developer/toolchains/gnu_arm/12.2.rel1_2023.7/bin/../lib/gcc/arm-none-eabi/12.2.1/thumb/v7-m/nofp\libc_nano.a(libc_a-fwalk.o)
 .ARM.attributes
                0x0000072e       0x2d c:/siliconlabs/simplicitystudio/v5/developer/toolchains/gnu_arm/12.2.rel1_2023.7/bin/../lib/gcc/arm-none-eabi/12.2.1/thumb/v7-m/nofp\libc_nano.a(libc_a-stdio.o)
 .ARM.attributes
                0x0000075b       0x2d c:/siliconlabs/simplicitystudio/v5/developer/toolchains/gnu_arm/12.2.rel1_2023.7/bin/../lib/gcc/arm-none-eabi/12.2.1/thumb/v7-m/nofp\libc_nano.a(libc_a-memset.o)
 .ARM.attributes
                0x00000788       0x2d c:/siliconlabs/simplicitystudio/v5/developer/toolchains/gnu_arm/12.2.rel1_2023.7/bin/../lib/gcc/arm-none-eabi/12.2.1/thumb/v7-m/nofp\libc_nano.a(libc_a-time.o)
 .ARM.attributes
                0x000007b5       0x2d c:/siliconlabs/simplicitystudio/v5/developer/toolchains/gnu_arm/12.2.rel1_2023.7/bin/../lib/gcc/arm-none-eabi/12.2.1/thumb/v7-m/nofp\libc_nano.a(libc_a-closer.o)
 .ARM.attributes
                0x000007e2       0x2d c:/siliconlabs/simplicitystudio/v5/developer/toolchains/gnu_arm/12.2.rel1_2023.7/bin/../lib/gcc/arm-none-eabi/12.2.1/thumb/v7-m/nofp\libc_nano.a(libc_a-reent.o)
 .ARM.attributes
                0x0000080f       0x2d c:/siliconlabs/simplicitystudio/v5/developer/toolchains/gnu_arm/12.2.rel1_2023.7/bin/../lib/gcc/arm-none-eabi/12.2.1/thumb/v7-m/nofp\libc_nano.a(libc_a-impure.o)
 .ARM.attributes
                0x0000083c       0x2d c:/siliconlabs/simplicitystudio/v5/developer/toolchains/gnu_arm/12.2.rel1_2023.7/bin/../lib/gcc/arm-none-eabi/12.2.1/thumb/v7-m/nofp\libc_nano.a(libc_a-gettimeofdayr.o)
 .ARM.attributes
                0x00000869       0x2d c:/siliconlabs/simplicitystudio/v5/developer/toolchains/gnu_arm/12.2.rel1_2023.7/bin/../lib/gcc/arm-none-eabi/12.2.1/thumb/v7-m/nofp\libc_nano.a(libc_a-lseekr.o)
 .ARM.attributes
                0x00000896       0x2d c:/siliconlabs/simplicitystudio/v5/developer/toolchains/gnu_arm/12.2.rel1_2023.7/bin/../lib/gcc/arm-none-eabi/12.2.1/thumb/v7-m/nofp\libc_nano.a(libc_a-readr.o)
 .ARM.attributes
                0x000008c3       0x2d c:/siliconlabs/simplicitystudio/v5/developer/toolchains/gnu_arm/12.2.rel1_2023.7/bin/../lib/gcc/arm-none-eabi/12.2.1/thumb/v7-m/nofp\libc_nano.a(libc_a-writer.o)
 .ARM.attributes
                0x000008f0       0x2d c:/siliconlabs/simplicitystudio/v5/developer/toolchains/gnu_arm/12.2.rel1_2023.7/bin/../lib/gcc/arm-none-eabi/12.2.1/thumb/v7-m/nofp\libc_nano.a(libc_a-init.o)
 .ARM.attributes
                0x0000091d       0x2d c:/siliconlabs/simplicitystudio/v5/developer/toolchains/gnu_arm/12.2.rel1_2023.7/bin/../lib/gcc/arm-none-eabi/12.2.1/thumb/v7-m/nofp\libc_nano.a(libc_a-lock.o)
 .ARM.attributes
                0x0000094a       0x2d c:/siliconlabs/simplicitystudio/v5/developer/toolchains/gnu_arm/12.2.rel1_2023.7/bin/../lib/gcc/arm-none-eabi/12.2.1/thumb/v7-m/nofp\libc_nano.a(libc_a-assert.o)
 .ARM.attributes
                0x00000977       0x2d c:/siliconlabs/simplicitystudio/v5/developer/toolchains/gnu_arm/12.2.rel1_2023.7/bin/../lib/gcc/arm-none-eabi/12.2.1/thumb/v7-m/nofp\libc_nano.a(libc_a-freer.o)
 .ARM.attributes
                0x000009a4       0x2d c:/siliconlabs/simplicitystudio/v5/developer/toolchains/gnu_arm/12.2.rel1_2023.7/bin/../lib/gcc/arm-none-eabi/12.2.1/thumb/v7-m/nofp\libc_nano.a(libc_a-malloc.o)
 .ARM.attributes
                0x000009d1       0x2d c:/siliconlabs/simplicitystudio/v5/developer/toolchains/gnu_arm/12.2.rel1_2023.7/bin/../lib/gcc/arm-none-eabi/12.2.1/thumb/v7-m/nofp\libc_nano.a(libc_a-mallocr.o)
 .ARM.attributes
                0x000009fe       0x2d c:/siliconlabs/simplicitystudio/v5/developer/toolchains/gnu_arm/12.2.rel1_2023.7/bin/../lib/gcc/arm-none-eabi/12.2.1/thumb/v7-m/nofp\libc_nano.a(libc_a-mlock.o)
 .ARM.attributes
                0x00000a2b       0x2d c:/siliconlabs/simplicitystudio/v5/developer/toolchains/gnu_arm/12.2.rel1_2023.7/bin/../lib/gcc/arm-none-eabi/12.2.1/thumb/v7-m/nofp\libc_nano.a(libc_a-fflush.o)
 .ARM.attributes
                0x00000a58       0x2d c:/siliconlabs/simplicitystudio/v5/developer/toolchains/gnu_arm/12.2.rel1_2023.7/bin/../lib/gcc/arm-none-eabi/12.2.1/thumb/v7-m/nofp\libc_nano.a(libc_a-fprintf.o)
 .ARM.attributes
                0x00000a85       0x2d c:/siliconlabs/simplicitystudio/v5/developer/toolchains/gnu_arm/12.2.rel1_2023.7/bin/../lib/gcc/arm-none-eabi/12.2.1/thumb/v7-m/nofp\libc_nano.a(libc_a-sbrkr.o)
 .ARM.attributes
                0x00000ab2       0x2d c:/siliconlabs/simplicitystudio/v5/developer/toolchains/gnu_arm/12.2.rel1_2023.7/bin/../lib/gcc/arm-none-eabi/12.2.1/thumb/v7-m/nofp\libc_nano.a(libc_a-abort.o)
 .ARM.attributes
                0x00000adf       0x2d c:/siliconlabs/simplicitystudio/v5/developer/toolchains/gnu_arm/12.2.rel1_2023.7/bin/../lib/gcc/arm-none-eabi/12.2.1/thumb/v7-m/nofp\libc_nano.a(libc_a-nano-vfprintf.o)
 .ARM.attributes
                0x00000b0c       0x2d c:/siliconlabs/simplicitystudio/v5/developer/toolchains/gnu_arm/12.2.rel1_2023.7/bin/../lib/gcc/arm-none-eabi/12.2.1/thumb/v7-m/nofp\libc_nano.a(libc_a-nano-vfprintf_i.o)
 .ARM.attributes
                0x00000b39       0x2d c:/siliconlabs/simplicitystudio/v5/developer/toolchains/gnu_arm/12.2.rel1_2023.7/bin/../lib/gcc/arm-none-eabi/12.2.1/thumb/v7-m/nofp\libc_nano.a(libc_a-wbuf.o)
 .ARM.attributes
                0x00000b66       0x2d c:/siliconlabs/simplicitystudio/v5/developer/toolchains/gnu_arm/12.2.rel1_2023.7/bin/../lib/gcc/arm-none-eabi/12.2.1/thumb/v7-m/nofp\libc_nano.a(libc_a-wsetup.o)
 .ARM.attributes
                0x00000b93       0x2d c:/siliconlabs/simplicitystudio/v5/developer/toolchains/gnu_arm/12.2.rel1_2023.7/bin/../lib/gcc/arm-none-eabi/12.2.1/thumb/v7-m/nofp\libc_nano.a(libc_a-signal.o)
 .ARM.attributes
                0x00000bc0       0x2d c:/siliconlabs/simplicitystudio/v5/developer/toolchains/gnu_arm/12.2.rel1_2023.7/bin/../lib/gcc/arm-none-eabi/12.2.1/thumb/v7-m/nofp\libc_nano.a(libc_a-signalr.o)
 .ARM.attributes
                0x00000bed       0x2d c:/siliconlabs/simplicitystudio/v5/developer/toolchains/gnu_arm/12.2.rel1_2023.7/bin/../lib/gcc/arm-none-eabi/12.2.1/thumb/v7-m/nofp\libc_nano.a(libc_a-memchr-stub.o)
 .ARM.attributes
                0x00000c1a       0x2d c:/siliconlabs/simplicitystudio/v5/developer/toolchains/gnu_arm/12.2.rel1_2023.7/bin/../lib/gcc/arm-none-eabi/12.2.1/thumb/v7-m/nofp\libc_nano.a(libc_a-makebuf.o)
 .ARM.attributes
                0x00000c47       0x2d c:/siliconlabs/simplicitystudio/v5/developer/toolchains/gnu_arm/12.2.rel1_2023.7/bin/../lib/gcc/arm-none-eabi/12.2.1/thumb/v7-m/nofp\libc_nano.a(libc_a-fstatr.o)
 .ARM.attributes
                0x00000c74       0x2d c:/siliconlabs/simplicitystudio/v5/developer/toolchains/gnu_arm/12.2.rel1_2023.7/bin/../lib/gcc/arm-none-eabi/12.2.1/thumb/v7-m/nofp\libc_nano.a(libc_a-isattyr.o)
 .ARM.attributes
                0x00000ca1       0x2d c:/siliconlabs/simplicitystudio/v5/developer/toolchains/gnu_arm/12.2.rel1_2023.7/bin/../lib/gcc/arm-none-eabi/12.2.1/thumb/v7-m/nofp/crtend.o
 .ARM.attributes
                0x00000cce       0x1d c:/siliconlabs/simplicitystudio/v5/developer/toolchains/gnu_arm/12.2.rel1_2023.7/bin/../lib/gcc/arm-none-eabi/12.2.1/thumb/v7-m/nofp/crtn.o

.comment        0x00000000       0x45
 .comment       0x00000000       0x45 ./app.o
                                 0x46 (size before relaxing)
 .comment       0x00000045       0x46 ./display.o
 .comment       0x00000045       0x46 ./global_variables.o
 .comment       0x00000045       0x46 ./main.o
 .comment       0x00000045       0x46 ./segmentlcd.o
 .comment       0x00000045       0x46 ./segmentlcd_individual.o
 .comment       0x00000045       0x46 ./autogen/sl_board_default_init.o
 .comment       0x00000045       0x46 ./autogen/sl_device_init_clocks.o
 .comment       0x00000045       0x46 ./autogen/sl_event_handler.o
 .comment       0x00000045       0x46 ./autogen/sl_simple_button_instances.o
 .comment       0x00000045       0x46 ./gecko_sdk_4.4.4/hardware/board/src/sl_board_control_gpio.o
 .comment       0x00000045       0x46 ./gecko_sdk_4.4.4/hardware/board/src/sl_board_init.o
 .comment       0x00000045       0x46 ./gecko_sdk_4.4.4/platform/Device/SiliconLabs/EFM32GG/Source/startup_efm32gg.o
 .comment       0x00000045       0x46 ./gecko_sdk_4.4.4/platform/Device/SiliconLabs/EFM32GG/Source/system_efm32gg.o
 .comment       0x00000045       0x46 ./gecko_sdk_4.4.4/platform/common/src/sl_assert.o
 .comment       0x00000045       0x46 ./gecko_sdk_4.4.4/platform/common/src/sl_syscalls.o
 .comment       0x00000045       0x46 ./gecko_sdk_4.4.4/platform/common/toolchain/src/sl_memory.o
 .comment       0x00000045       0x46 ./gecko_sdk_4.4.4/platform/driver/button/src/sl_button.o
 .comment       0x00000045       0x46 ./gecko_sdk_4.4.4/platform/driver/button/src/sl_simple_button.o
 .comment       0x00000045       0x46 ./gecko_sdk_4.4.4/platform/emdrv/gpiointerrupt/src/gpiointerrupt.o
 .comment       0x00000045       0x46 ./gecko_sdk_4.4.4/platform/emlib/src/em_cmu.o
 .comment       0x00000045       0x46 ./gecko_sdk_4.4.4/platform/emlib/src/em_core.o
 .comment       0x00000045       0x46 ./gecko_sdk_4.4.4/platform/emlib/src/em_emu.o
 .comment       0x00000045       0x46 ./gecko_sdk_4.4.4/platform/emlib/src/em_gpio.o
 .comment       0x00000045       0x46 ./gecko_sdk_4.4.4/platform/emlib/src/em_lcd.o
 .comment       0x00000045       0x46 ./gecko_sdk_4.4.4/platform/emlib/src/em_system.o
 .comment       0x00000045       0x46 ./gecko_sdk_4.4.4/platform/service/device_init/src/sl_device_init_emu_s0.o
 .comment       0x00000045       0x46 ./gecko_sdk_4.4.4/platform/service/device_init/src/sl_device_init_hfxo_s0.o
 .comment       0x00000045       0x46 ./gecko_sdk_4.4.4/platform/service/device_init/src/sl_device_init_lfxo_s0.o
 .comment       0x00000045       0x46 ./gecko_sdk_4.4.4/platform/service/device_init/src/sl_device_init_nvic.o
 .comment       0x00000045       0x46 ./gecko_sdk_4.4.4/platform/service/system/src/sl_system_init.o
 .comment       0x00000045       0x46 ./gecko_sdk_4.4.4/platform/service/system/src/sl_system_process_action.o
 .comment       0x00000045       0x46 ./gecko_sdk_4.4.4/platform/service/udelay/src/sl_udelay.o

.debug_line_str
                0x00000000       0xdf
 .debug_line_str
                0x00000000       0xdf c:/siliconlabs/simplicitystudio/v5/developer/toolchains/gnu_arm/12.2.rel1_2023.7/bin/../lib/gcc/arm-none-eabi/12.2.1/thumb/v7-m/nofp/crt0.o

.debug_info     0x00000000     0xf91b
 .debug_info    0x00000000      0x1eb ./app.o
 .debug_info    0x000001eb      0x40e ./display.o
 .debug_info    0x000005f9      0x27b ./global_variables.o
 .debug_info    0x00000874       0xa1 ./main.o
 .debug_info    0x00000915     0x2151 ./segmentlcd.o
 .debug_info    0x00002a66      0x7b5 ./segmentlcd_individual.o
 .debug_info    0x0000321b       0x86 ./autogen/sl_board_default_init.o
 .debug_info    0x000032a1      0x576 ./autogen/sl_device_init_clocks.o
 .debug_info    0x00003817      0x47e ./autogen/sl_event_handler.o
 .debug_info    0x00003c95      0x3f2 ./autogen/sl_simple_button_instances.o
 .debug_info    0x00004087      0x525 ./gecko_sdk_4.4.4/hardware/board/src/sl_board_control_gpio.o
 .debug_info    0x000045ac      0x2b6 ./gecko_sdk_4.4.4/hardware/board/src/sl_board_init.o
 .debug_info    0x00004862      0x321 ./gecko_sdk_4.4.4/platform/Device/SiliconLabs/EFM32GG/Source/startup_efm32gg.o
 .debug_info    0x00004b83      0x828 ./gecko_sdk_4.4.4/platform/Device/SiliconLabs/EFM32GG/Source/system_efm32gg.o
 .debug_info    0x000053ab       0x86 ./gecko_sdk_4.4.4/platform/common/src/sl_assert.o
 .debug_info    0x00005431      0x306 ./gecko_sdk_4.4.4/platform/common/src/sl_syscalls.o
 .debug_info    0x00005737      0x205 ./gecko_sdk_4.4.4/platform/common/toolchain/src/sl_memory.o
 .debug_info    0x0000593c      0x2d6 ./gecko_sdk_4.4.4/platform/driver/button/src/sl_button.o
 .debug_info    0x00005c12      0xc26 ./gecko_sdk_4.4.4/platform/driver/button/src/sl_simple_button.o
 .debug_info    0x00006838      0xbda ./gecko_sdk_4.4.4/platform/emdrv/gpiointerrupt/src/gpiointerrupt.o
 .debug_info    0x00007412     0x2d75 ./gecko_sdk_4.4.4/platform/emlib/src/em_cmu.o
 .debug_info    0x0000a187     0x1172 ./gecko_sdk_4.4.4/platform/emlib/src/em_core.o
 .debug_info    0x0000b2f9     0x16df ./gecko_sdk_4.4.4/platform/emlib/src/em_emu.o
 .debug_info    0x0000c9d8      0xaa9 ./gecko_sdk_4.4.4/platform/emlib/src/em_gpio.o
 .debug_info    0x0000d481      0xfe2 ./gecko_sdk_4.4.4/platform/emlib/src/em_lcd.o
 .debug_info    0x0000e463      0x67f ./gecko_sdk_4.4.4/platform/emlib/src/em_system.o
 .debug_info    0x0000eae2      0x18d ./gecko_sdk_4.4.4/platform/service/device_init/src/sl_device_init_emu_s0.o
 .debug_info    0x0000ec6f      0x209 ./gecko_sdk_4.4.4/platform/service/device_init/src/sl_device_init_hfxo_s0.o
 .debug_info    0x0000ee78      0x206 ./gecko_sdk_4.4.4/platform/service/device_init/src/sl_device_init_lfxo_s0.o
 .debug_info    0x0000f07e      0x5bf ./gecko_sdk_4.4.4/platform/service/device_init/src/sl_device_init_nvic.o
 .debug_info    0x0000f63d       0xa7 ./gecko_sdk_4.4.4/platform/service/system/src/sl_system_init.o
 .debug_info    0x0000f6e4       0x93 ./gecko_sdk_4.4.4/platform/service/system/src/sl_system_process_action.o
 .debug_info    0x0000f777      0x17e ./gecko_sdk_4.4.4/platform/service/udelay/src/sl_udelay.o
 .debug_info    0x0000f8f5       0x26 ./gecko_sdk_4.4.4/platform/service/udelay/src/sl_udelay_armv6m_gcc.o

.debug_abbrev   0x00000000     0x3bd4
 .debug_abbrev  0x00000000      0x13a ./app.o
 .debug_abbrev  0x0000013a      0x1d0 ./display.o
 .debug_abbrev  0x0000030a       0xce ./global_variables.o
 .debug_abbrev  0x000003d8       0x5d ./main.o
 .debug_abbrev  0x00000435      0x36f ./segmentlcd.o
 .debug_abbrev  0x000007a4      0x1cb ./segmentlcd_individual.o
 .debug_abbrev  0x0000096f       0x46 ./autogen/sl_board_default_init.o
 .debug_abbrev  0x000009b5      0x13c ./autogen/sl_device_init_clocks.o
 .debug_abbrev  0x00000af1      0x1f3 ./autogen/sl_event_handler.o
 .debug_abbrev  0x00000ce4      0x18a ./autogen/sl_simple_button_instances.o
 .debug_abbrev  0x00000e6e      0x1af ./gecko_sdk_4.4.4/hardware/board/src/sl_board_control_gpio.o
 .debug_abbrev  0x0000101d      0x10b ./gecko_sdk_4.4.4/hardware/board/src/sl_board_init.o
 .debug_abbrev  0x00001128      0x1c8 ./gecko_sdk_4.4.4/platform/Device/SiliconLabs/EFM32GG/Source/startup_efm32gg.o
 .debug_abbrev  0x000012f0      0x246 ./gecko_sdk_4.4.4/platform/Device/SiliconLabs/EFM32GG/Source/system_efm32gg.o
 .debug_abbrev  0x00001536       0x6c ./gecko_sdk_4.4.4/platform/common/src/sl_assert.o
 .debug_abbrev  0x000015a2      0x143 ./gecko_sdk_4.4.4/platform/common/src/sl_syscalls.o
 .debug_abbrev  0x000016e5      0x11e ./gecko_sdk_4.4.4/platform/common/toolchain/src/sl_memory.o
 .debug_abbrev  0x00001803      0x131 ./gecko_sdk_4.4.4/platform/driver/button/src/sl_button.o
 .debug_abbrev  0x00001934      0x368 ./gecko_sdk_4.4.4/platform/driver/button/src/sl_simple_button.o
 .debug_abbrev  0x00001c9c      0x366 ./gecko_sdk_4.4.4/platform/emdrv/gpiointerrupt/src/gpiointerrupt.o
 .debug_abbrev  0x00002002      0x4db ./gecko_sdk_4.4.4/platform/emlib/src/em_cmu.o
 .debug_abbrev  0x000024dd      0x33e ./gecko_sdk_4.4.4/platform/emlib/src/em_core.o
 .debug_abbrev  0x0000281b      0x460 ./gecko_sdk_4.4.4/platform/emlib/src/em_emu.o
 .debug_abbrev  0x00002c7b      0x2f6 ./gecko_sdk_4.4.4/platform/emlib/src/em_gpio.o
 .debug_abbrev  0x00002f71      0x3aa ./gecko_sdk_4.4.4/platform/emlib/src/em_lcd.o
 .debug_abbrev  0x0000331b      0x27a ./gecko_sdk_4.4.4/platform/emlib/src/em_system.o
 .debug_abbrev  0x00003595      0x107 ./gecko_sdk_4.4.4/platform/service/device_init/src/sl_device_init_emu_s0.o
 .debug_abbrev  0x0000369c      0x11a ./gecko_sdk_4.4.4/platform/service/device_init/src/sl_device_init_hfxo_s0.o
 .debug_abbrev  0x000037b6      0x105 ./gecko_sdk_4.4.4/platform/service/device_init/src/sl_device_init_lfxo_s0.o
 .debug_abbrev  0x000038bb      0x15a ./gecko_sdk_4.4.4/platform/service/device_init/src/sl_device_init_nvic.o
 .debug_abbrev  0x00003a15       0x5c ./gecko_sdk_4.4.4/platform/service/system/src/sl_system_init.o
 .debug_abbrev  0x00003a71       0x5c ./gecko_sdk_4.4.4/platform/service/system/src/sl_system_process_action.o
 .debug_abbrev  0x00003acd       0xf3 ./gecko_sdk_4.4.4/platform/service/udelay/src/sl_udelay.o
 .debug_abbrev  0x00003bc0       0x14 ./gecko_sdk_4.4.4/platform/service/udelay/src/sl_udelay_armv6m_gcc.o

.debug_loc      0x00000000     0x8b1f
 .debug_loc     0x00000000       0x75 ./app.o
 .debug_loc     0x00000075       0xf8 ./display.o
 .debug_loc     0x0000016d       0x20 ./main.o
 .debug_loc     0x0000018d     0x15a5 ./segmentlcd.o
 .debug_loc     0x00001732      0x232 ./segmentlcd_individual.o
 .debug_loc     0x00001964       0x20 ./autogen/sl_device_init_clocks.o
 .debug_loc     0x00001984       0x79 ./autogen/sl_event_handler.o
 .debug_loc     0x000019fd       0x58 ./autogen/sl_simple_button_instances.o
 .debug_loc     0x00001a55      0x24a ./gecko_sdk_4.4.4/hardware/board/src/sl_board_control_gpio.o
 .debug_loc     0x00001c9f       0x2c ./gecko_sdk_4.4.4/hardware/board/src/sl_board_init.o
 .debug_loc     0x00001ccb       0x8e ./gecko_sdk_4.4.4/platform/Device/SiliconLabs/EFM32GG/Source/startup_efm32gg.o
 .debug_loc     0x00001d59       0xae ./gecko_sdk_4.4.4/platform/Device/SiliconLabs/EFM32GG/Source/system_efm32gg.o
 .debug_loc     0x00001e07       0x2a ./gecko_sdk_4.4.4/platform/common/src/sl_assert.o
 .debug_loc     0x00001e31      0x118 ./gecko_sdk_4.4.4/platform/common/src/sl_syscalls.o
 .debug_loc     0x00001f49       0xa9 ./gecko_sdk_4.4.4/platform/common/toolchain/src/sl_memory.o
 .debug_loc     0x00001ff2      0x11a ./gecko_sdk_4.4.4/platform/driver/button/src/sl_button.o
 .debug_loc     0x0000210c      0x540 ./gecko_sdk_4.4.4/platform/driver/button/src/sl_simple_button.o
 .debug_loc     0x0000264c      0x3dc ./gecko_sdk_4.4.4/platform/emdrv/gpiointerrupt/src/gpiointerrupt.o
 .debug_loc     0x00002a28     0x29db ./gecko_sdk_4.4.4/platform/emlib/src/em_cmu.o
 .debug_loc     0x00005403      0x926 ./gecko_sdk_4.4.4/platform/emlib/src/em_core.o
 .debug_loc     0x00005d29      0x892 ./gecko_sdk_4.4.4/platform/emlib/src/em_emu.o
 .debug_loc     0x000065bb      0x94d ./gecko_sdk_4.4.4/platform/emlib/src/em_gpio.o
 .debug_loc     0x00006f08     0x179e ./gecko_sdk_4.4.4/platform/emlib/src/em_lcd.o
 .debug_loc     0x000086a6      0x17f ./gecko_sdk_4.4.4/platform/emlib/src/em_system.o
 .debug_loc     0x00008825       0x2c ./gecko_sdk_4.4.4/platform/service/device_init/src/sl_device_init_emu_s0.o
 .debug_loc     0x00008851       0x2c ./gecko_sdk_4.4.4/platform/service/device_init/src/sl_device_init_hfxo_s0.o
 .debug_loc     0x0000887d       0x2c ./gecko_sdk_4.4.4/platform/service/device_init/src/sl_device_init_lfxo_s0.o
 .debug_loc     0x000088a9       0x79 ./gecko_sdk_4.4.4/platform/service/device_init/src/sl_device_init_nvic.o
 .debug_loc     0x00008922       0x2c ./gecko_sdk_4.4.4/platform/service/system/src/sl_system_init.o
 .debug_loc     0x0000894e       0x2c ./gecko_sdk_4.4.4/platform/service/system/src/sl_system_process_action.o
 .debug_loc     0x0000897a      0x1a5 ./gecko_sdk_4.4.4/platform/service/udelay/src/sl_udelay.o

.debug_aranges  0x00000000      0xaa0
 .debug_aranges
                0x00000000       0x28 ./app.o
 .debug_aranges
                0x00000028       0x30 ./display.o
 .debug_aranges
                0x00000058       0x18 ./global_variables.o
 .debug_aranges
                0x00000070       0x20 ./main.o
 .debug_aranges
                0x00000090       0xa8 ./segmentlcd.o
 .debug_aranges
                0x00000138       0x28 ./segmentlcd_individual.o
 .debug_aranges
                0x00000160       0x20 ./autogen/sl_board_default_init.o
 .debug_aranges
                0x00000180       0x20 ./autogen/sl_device_init_clocks.o
 .debug_aranges
                0x000001a0       0x60 ./autogen/sl_event_handler.o
 .debug_aranges
                0x00000200       0x28 ./autogen/sl_simple_button_instances.o
 .debug_aranges
                0x00000228       0x70 ./gecko_sdk_4.4.4/hardware/board/src/sl_board_control_gpio.o
 .debug_aranges
                0x00000298       0x28 ./gecko_sdk_4.4.4/hardware/board/src/sl_board_init.o
 .debug_aranges
                0x000002c0       0x28 ./gecko_sdk_4.4.4/platform/Device/SiliconLabs/EFM32GG/Source/startup_efm32gg.o
 .debug_aranges
                0x000002e8       0x68 ./gecko_sdk_4.4.4/platform/Device/SiliconLabs/EFM32GG/Source/system_efm32gg.o
 .debug_aranges
                0x00000350       0x20 ./gecko_sdk_4.4.4/platform/common/src/sl_assert.o
 .debug_aranges
                0x00000370       0x68 ./gecko_sdk_4.4.4/platform/common/src/sl_syscalls.o
 .debug_aranges
                0x000003d8       0x30 ./gecko_sdk_4.4.4/platform/common/toolchain/src/sl_memory.o
 .debug_aranges
                0x00000408       0x48 ./gecko_sdk_4.4.4/platform/driver/button/src/sl_button.o
 .debug_aranges
                0x00000450       0x50 ./gecko_sdk_4.4.4/platform/driver/button/src/sl_simple_button.o
 .debug_aranges
                0x000004a0       0x48 ./gecko_sdk_4.4.4/platform/emdrv/gpiointerrupt/src/gpiointerrupt.o
 .debug_aranges
                0x000004e8      0x180 ./gecko_sdk_4.4.4/platform/emlib/src/em_cmu.o
 .debug_aranges
                0x00000668       0xe8 ./gecko_sdk_4.4.4/platform/emlib/src/em_core.o
 .debug_aranges
                0x00000750       0xe8 ./gecko_sdk_4.4.4/platform/emlib/src/em_emu.o
 .debug_aranges
                0x00000838       0x60 ./gecko_sdk_4.4.4/platform/emlib/src/em_gpio.o
 .debug_aranges
                0x00000898       0x90 ./gecko_sdk_4.4.4/platform/emlib/src/em_lcd.o
 .debug_aranges
                0x00000928       0x78 ./gecko_sdk_4.4.4/platform/emlib/src/em_system.o
 .debug_aranges
                0x000009a0       0x20 ./gecko_sdk_4.4.4/platform/service/device_init/src/sl_device_init_emu_s0.o
 .debug_aranges
                0x000009c0       0x20 ./gecko_sdk_4.4.4/platform/service/device_init/src/sl_device_init_hfxo_s0.o
 .debug_aranges
                0x000009e0       0x20 ./gecko_sdk_4.4.4/platform/service/device_init/src/sl_device_init_lfxo_s0.o
 .debug_aranges
                0x00000a00       0x20 ./gecko_sdk_4.4.4/platform/service/device_init/src/sl_device_init_nvic.o
 .debug_aranges
                0x00000a20       0x20 ./gecko_sdk_4.4.4/platform/service/system/src/sl_system_init.o
 .debug_aranges
                0x00000a40       0x20 ./gecko_sdk_4.4.4/platform/service/system/src/sl_system_process_action.o
 .debug_aranges
                0x00000a60       0x20 ./gecko_sdk_4.4.4/platform/service/udelay/src/sl_udelay.o
 .debug_aranges
                0x00000a80       0x20 ./gecko_sdk_4.4.4/platform/service/udelay/src/sl_udelay_armv6m_gcc.o

.debug_ranges   0x00000000      0xf60
 .debug_ranges  0x00000000       0x18 ./app.o
 .debug_ranges  0x00000018       0x50 ./display.o
 .debug_ranges  0x00000068       0x10 ./main.o
 .debug_ranges  0x00000078      0x120 ./segmentlcd.o
 .debug_ranges  0x00000198       0x48 ./segmentlcd_individual.o
 .debug_ranges  0x000001e0       0x10 ./autogen/sl_board_default_init.o
 .debug_ranges  0x000001f0       0x10 ./autogen/sl_device_init_clocks.o
 .debug_ranges  0x00000200       0x50 ./autogen/sl_event_handler.o
 .debug_ranges  0x00000250       0x18 ./autogen/sl_simple_button_instances.o
 .debug_ranges  0x00000268       0x60 ./gecko_sdk_4.4.4/hardware/board/src/sl_board_control_gpio.o
 .debug_ranges  0x000002c8       0x18 ./gecko_sdk_4.4.4/hardware/board/src/sl_board_init.o
 .debug_ranges  0x000002e0       0x80 ./gecko_sdk_4.4.4/platform/Device/SiliconLabs/EFM32GG/Source/startup_efm32gg.o
 .debug_ranges  0x00000360       0x88 ./gecko_sdk_4.4.4/platform/Device/SiliconLabs/EFM32GG/Source/system_efm32gg.o
 .debug_ranges  0x000003e8       0x10 ./gecko_sdk_4.4.4/platform/common/src/sl_assert.o
 .debug_ranges  0x000003f8       0x58 ./gecko_sdk_4.4.4/platform/common/src/sl_syscalls.o
 .debug_ranges  0x00000450       0x20 ./gecko_sdk_4.4.4/platform/common/toolchain/src/sl_memory.o
 .debug_ranges  0x00000470       0x38 ./gecko_sdk_4.4.4/platform/driver/button/src/sl_button.o
 .debug_ranges  0x000004a8       0x78 ./gecko_sdk_4.4.4/platform/driver/button/src/sl_simple_button.o
 .debug_ranges  0x00000520       0x58 ./gecko_sdk_4.4.4/platform/emdrv/gpiointerrupt/src/gpiointerrupt.o
 .debug_ranges  0x00000578      0x300 ./gecko_sdk_4.4.4/platform/emlib/src/em_cmu.o
 .debug_ranges  0x00000878      0x1a0 ./gecko_sdk_4.4.4/platform/emlib/src/em_core.o
 .debug_ranges  0x00000a18      0x1d0 ./gecko_sdk_4.4.4/platform/emlib/src/em_emu.o
 .debug_ranges  0x00000be8      0x120 ./gecko_sdk_4.4.4/platform/emlib/src/em_gpio.o
 .debug_ranges  0x00000d08      0x138 ./gecko_sdk_4.4.4/platform/emlib/src/em_lcd.o
 .debug_ranges  0x00000e40       0x68 ./gecko_sdk_4.4.4/platform/emlib/src/em_system.o
 .debug_ranges  0x00000ea8       0x10 ./gecko_sdk_4.4.4/platform/service/device_init/src/sl_device_init_emu_s0.o
 .debug_ranges  0x00000eb8       0x10 ./gecko_sdk_4.4.4/platform/service/device_init/src/sl_device_init_hfxo_s0.o
 .debug_ranges  0x00000ec8       0x10 ./gecko_sdk_4.4.4/platform/service/device_init/src/sl_device_init_lfxo_s0.o
 .debug_ranges  0x00000ed8       0x58 ./gecko_sdk_4.4.4/platform/service/device_init/src/sl_device_init_nvic.o
 .debug_ranges  0x00000f30       0x10 ./gecko_sdk_4.4.4/platform/service/system/src/sl_system_init.o
 .debug_ranges  0x00000f40       0x10 ./gecko_sdk_4.4.4/platform/service/system/src/sl_system_process_action.o
 .debug_ranges  0x00000f50       0x10 ./gecko_sdk_4.4.4/platform/service/udelay/src/sl_udelay.o

.debug_line     0x00000000     0x9e9e
 .debug_line    0x00000000      0x219 ./app.o
 .debug_line    0x00000219      0x302 ./display.o
 .debug_line    0x0000051b      0x168 ./global_variables.o
 .debug_line    0x00000683       0xe2 ./main.o
 .debug_line    0x00000765      0xbfc ./segmentlcd.o
 .debug_line    0x00001361      0x3ce ./segmentlcd_individual.o
 .debug_line    0x0000172f       0x55 ./autogen/sl_board_default_init.o
 .debug_line    0x00001784      0x292 ./autogen/sl_device_init_clocks.o
 .debug_line    0x00001a16      0x528 ./autogen/sl_event_handler.o
 .debug_line    0x00001f3e      0x28d ./autogen/sl_simple_button_instances.o
 .debug_line    0x000021cb      0x448 ./gecko_sdk_4.4.4/hardware/board/src/sl_board_control_gpio.o
 .debug_line    0x00002613      0x1f0 ./gecko_sdk_4.4.4/hardware/board/src/sl_board_init.o
 .debug_line    0x00002803      0x2eb ./gecko_sdk_4.4.4/platform/Device/SiliconLabs/EFM32GG/Source/startup_efm32gg.o
 .debug_line    0x00002aee      0x45c ./gecko_sdk_4.4.4/platform/Device/SiliconLabs/EFM32GG/Source/system_efm32gg.o
 .debug_line    0x00002f4a       0xa1 ./gecko_sdk_4.4.4/platform/common/src/sl_assert.o
 .debug_line    0x00002feb      0x1a1 ./gecko_sdk_4.4.4/platform/common/src/sl_syscalls.o
 .debug_line    0x0000318c      0x2ea ./gecko_sdk_4.4.4/platform/common/toolchain/src/sl_memory.o
 .debug_line    0x00003476      0x2ff ./gecko_sdk_4.4.4/platform/driver/button/src/sl_button.o
 .debug_line    0x00003775      0x5ce ./gecko_sdk_4.4.4/platform/driver/button/src/sl_simple_button.o
 .debug_line    0x00003d43      0x61f ./gecko_sdk_4.4.4/platform/emdrv/gpiointerrupt/src/gpiointerrupt.o
 .debug_line    0x00004362     0x1d6e ./gecko_sdk_4.4.4/platform/emlib/src/em_cmu.o
 .debug_line    0x000060d0      0xa59 ./gecko_sdk_4.4.4/platform/emlib/src/em_core.o
 .debug_line    0x00006b29      0xc10 ./gecko_sdk_4.4.4/platform/emlib/src/em_emu.o
 .debug_line    0x00007739      0x713 ./gecko_sdk_4.4.4/platform/emlib/src/em_gpio.o
 .debug_line    0x00007e4c      0xb9c ./gecko_sdk_4.4.4/platform/emlib/src/em_lcd.o
 .debug_line    0x000089e8      0x4e1 ./gecko_sdk_4.4.4/platform/emlib/src/em_system.o
 .debug_line    0x00008ec9      0x24a ./gecko_sdk_4.4.4/platform/service/device_init/src/sl_device_init_emu_s0.o
 .debug_line    0x00009113      0x2b8 ./gecko_sdk_4.4.4/platform/service/device_init/src/sl_device_init_hfxo_s0.o
 .debug_line    0x000093cb      0x251 ./gecko_sdk_4.4.4/platform/service/device_init/src/sl_device_init_lfxo_s0.o
 .debug_line    0x0000961c      0x32d ./gecko_sdk_4.4.4/platform/service/device_init/src/sl_device_init_nvic.o
 .debug_line    0x00009949      0x104 ./gecko_sdk_4.4.4/platform/service/system/src/sl_system_init.o
 .debug_line    0x00009a4d      0x10d ./gecko_sdk_4.4.4/platform/service/system/src/sl_system_process_action.o
 .debug_line    0x00009b5a      0x2b0 ./gecko_sdk_4.4.4/platform/service/udelay/src/sl_udelay.o
 .debug_line    0x00009e0a       0x94 ./gecko_sdk_4.4.4/platform/service/udelay/src/sl_udelay_armv6m_gcc.o

.debug_str      0x00000000     0x446e
 .debug_str     0x00000000      0x1e5 ./app.o
                                0x23f (size before relaxing)
 .debug_str     0x000001e5      0x214 ./display.o
                                0x3fb (size before relaxing)
 .debug_str     0x000003f9       0x24 ./global_variables.o
                                0x22c (size before relaxing)